../wares/src/rtcm3.c:221:12:obsindex	12	static
../wares/src/rtcm3.c:163:13:adjweek	80	static
../wares/src/rtcm3.c:242:12:test_staid	32	static
../wares/src/rtcm3.c:266:12:decode_head1001	104	static
../wares/src/rtcm3.c:537:12:decode_type1008	120	static
../wares/src/rtcm3.c:184:13:adjday_glot	136	static
../wares/src/rtcm3.c:574:12:decode_head1009	104	static
../wares/src/rtcm3.c:2100:12:decode_msm_head	304	static
../wares/src/rtcm3.c:733:12:decode_type1019	624	static
../wares/src/rtcm3.c:1057:12:decode_type1041	608	static
../wares/src/rtcm3.c:1127:12:decode_type1044	624	static
../wares/src/rtcm3.c:1361:12:decode_type1042	720	static
../wares/src/rtcm3.c:1987:13:save_msm_obs	488	static
../wares/src/rtcm3.c:2188:12:decode_msm4	2848	static
../wares/src/rtcm3.c:2241:12:decode_msm5	4152	static
../wares/src/rtcm3.c:2308:12:decode_msm6	2848	static
../wares/src/rtcm3.c:2361:12:decode_msm7	4160	static
../wares/src/rtcm3.c:1434:12:decode_ssr_epoch	8	static
../wares/src/rtcm3.c:1500:12:decode_ssr2_head	144	static
../wares/src/rtcm3.c:1592:12:decode_ssr2	136	static
../wares/src/rtcm3.c:1639:12:decode_ssr3	176	static
../wares/src/rtcm3.c:1757:12:decode_ssr5	112	static
../wares/src/rtcm3.c:1799:12:decode_ssr6	112	static
../wares/src/rtcm3.c:1880:12:decode_ssr7	264	static
../wares/src/rtcm3.c:1458:12:decode_ssr1_head.constprop	144	static
../wares/src/rtcm3.c:1696:12:decode_ssr4	232	static
../wares/src/rtcm3.c:1536:12:decode_ssr1	192	static
../wares/src/rtcm3.c:615:12:decode_type1010	112	static
../wares/src/rtcm3.c:307:12:decode_type1002	104	static
../wares/src/rtcm3.c:666:12:decode_type1012	152	static
../wares/src/rtcm3.c:359:12:decode_type1004	152	static
../wares/src/rtcm3.c:427:12:decode_type1005	136	static
../wares/src/rtcm3.c:465:12:decode_type1006	152	static
../wares/src/rtcm3.c:809:12:decode_type1020	464	static
../wares/src/rtcm3.c:2537:12:decode_rtcm3	712	static
