../wares/src/rtkcmn.c:3756:15:interpc	32	static
../wares/src/rtkcmn.c:368:13:fatalerr	1040	static
../wares/src/rtkcmn.c:2846:12:cmpobs	32	static
../wares/src/rtkcmn.c:1653:12:read_leaps_text	360	static
../wares/src/rtkcmn.c:1670:12:read_leaps_usno	824	static
../wares/src/rtkcmn.c:2078:13:ast_args	72	static
../wares/src/rtkcmn.c:3432:12:repstr	1064	static
../wares/src/rtkcmn.c:2717:12:cmpeph	8	static
../wares/src/rtkcmn.c:2755:12:cmpgeph	8	static
../wares/src/rtkcmn.c:2794:12:cmpseph	8	static
../wares/src/rtkcmn.c:2324:12:readngspcv	664	static
../wares/src/rtkcmn.c:389:13:add_fatal	0	static
../wares/src/rtkcmn.c:399:12:satno	0	static
../wares/src/rtkcmn.c:438:12:satsys	0	static
../wares/src/rtkcmn.c:476:12:satid2no	16	static
../wares/src/rtkcmn.c:509:13:satno2id	0	static
../wares/src/rtkcmn.c:532:12:satexclude	16	static
../wares/src/rtkcmn.c:563:12:testsnr	40	static
../wares/src/rtkcmn.c:585:16:obs2code	16	static
../wares/src/rtkcmn.c:601:14:code2obs	0	static
../wares/src/rtkcmn.c:713:12:code2idx	0	static
../wares/src/rtkcmn.c:735:15:code2freq	8	static
../wares/src/rtkcmn.c:757:15:sat2freq	0	static
../wares/src/rtkcmn.c:786:13:setcodepri	16	static
../wares/src/rtkcmn.c:806:12:getcodepri	32	static
../wares/src/rtkcmn.c:840:17:getbitu	8	static
../wares/src/rtkcmn.c:847:16:getbits	16	static
../wares/src/rtkcmn.c:861:13:setbitu	16	static
../wares/src/rtkcmn.c:870:13:setbits	4	static
../wares/src/rtkcmn.c:882:17:rtk_crc32	4	static
../wares/src/rtkcmn.c:904:17:rtk_crc24q	4	static
../wares/src/rtkcmn.c:921:17:rtk_crc16	4	static
../wares/src/rtkcmn.c:942:12:decode_word	40	static
../wares/src/rtkcmn.c:968:16:mat	16	static
../wares/src/rtkcmn.c:983:13:imat	16	static
../wares/src/rtkcmn.c:998:16:zeros	16	static
../wares/src/rtkcmn.c:1017:16:eye	8	static
../wares/src/rtkcmn.c:1031:15:dot	24	static
../wares/src/rtkcmn.c:1044:15:norm	24	static
../wares/src/rtkcmn.c:1054:13:cross3	24	static
../wares/src/rtkcmn.c:1066:12:normv3	32	static
../wares/src/rtkcmn.c:1082:13:matcpy	0	static
../wares/src/rtkcmn.c:1153:13:matmul	112	static
../wares/src/rtkcmn.c:1221:12:matinv	152	static
../wares/src/rtkcmn.c:1237:12:solve	48	static
../wares/src/rtkcmn.c:1262:12:lsq	48	static
../wares/src/rtkcmn.c:1313:12:filter	104	static
../wares/src/rtkcmn.c:1350:12:smoother	64	static
../wares/src/rtkcmn.c:1378:13:matfprint	56	static
../wares/src/rtkcmn.c:1387:13:matprint	16	static
../wares/src/rtkcmn.c:1397:15:str2num	280	static
../wares/src/rtkcmn.c:1434:16:epoch2time	88	static
../wares/src/rtkcmn.c:1414:12:str2time	344	static
../wares/src/rtkcmn.c:2371:12:readantex	688	static
../wares/src/rtkcmn.c:1456:13:time2epoch	248	static
../wares/src/rtkcmn.c:1479:16:gpst2time	56	static
../wares/src/rtkcmn.c:1494:15:time2gpst	56	static
../wares/src/rtkcmn.c:1509:16:gst2time	56	static
../wares/src/rtkcmn.c:1524:15:time2gst	56	static
../wares/src/rtkcmn.c:1539:16:bdt2time	56	static
../wares/src/rtkcmn.c:1554:15:time2bdt	56	static
../wares/src/rtkcmn.c:1569:16:timeadd	24	static
../wares/src/rtkcmn.c:1581:15:timediff	24	static
../wares/src/rtkcmn.c:1648:13:timereset	0	static
../wares/src/rtkcmn.c:1708:12:read_leaps	8	static
../wares/src/rtkcmn.c:1730:16:gpst2utc	72	static
../wares/src/rtkcmn.c:1592:16:timeget	72	static
../wares/src/rtkcmn.c:1639:13:timeset	56	static
../wares/src/rtkcmn.c:1747:16:utc2gpst	72	static
../wares/src/rtkcmn.c:1764:16:gpst2bdt	24	static
../wares/src/rtkcmn.c:1774:16:bdt2gpst	24	static
../wares/src/rtkcmn.c:1794:15:utc2gmst	192	static
../wares/src/rtkcmn.c:1816:13:time2str	152	static
../wares/src/rtkcmn.c:1833:14:time_str	32	static
../wares/src/rtkcmn.c:1844:15:time2doy	120	static
../wares/src/rtkcmn.c:3767:15:nmf	496	static
../wares/src/rtkcmn.c:1857:12:adjgpsweek	72	static
../wares/src/rtkcmn.c:1869:17:tickget	0	static
../wares/src/rtkcmn.c:1901:13:sleepms	0	static
../wares/src/rtkcmn.c:1924:13:deg2dms	40	static
../wares/src/rtkcmn.c:1946:15:dms2deg	24	static
../wares/src/rtkcmn.c:1958:13:ecef2pos	64	static
../wares/src/rtkcmn.c:1979:13:pos2ecef	64	static
../wares/src/rtkcmn.c:1995:13:xyz2enu	56	static
../wares/src/rtkcmn.c:2010:13:ecef2enu	104	static
../wares/src/rtkcmn.c:2024:13:enu2ecef	104	static
../wares/src/rtkcmn.c:2038:13:covenu	200	static
../wares/src/rtkcmn.c:2053:13:covecef	200	static
../wares/src/rtkcmn.c:2233:13:eci2ecef	824	static
../wares/src/rtkcmn.c:2449:12:readpcv	16	static
../wares/src/rtkcmn.c:2488:15:searchpcv	128	static
../wares/src/rtkcmn.c:2537:13:readpos	568	static
../wares/src/rtkcmn.c:2590:12:readblq	744	static
../wares/src/rtkcmn.c:2626:12:readerp	464	static
../wares/src/rtkcmn.c:2672:12:geterp	128	static
../wares/src/rtkcmn.c:2836:13:uniqnav	48	static
../wares/src/rtkcmn.c:2859:12:sortobs	48	static
../wares/src/rtkcmn.c:2894:12:screent	88	static
../wares/src/rtkcmn.c:2906:12:readnav	4576	static
../wares/src/rtkcmn.c:2973:12:savenav	256	static
../wares/src/rtkcmn.c:3027:13:freeobs	8	static
../wares/src/rtkcmn.c:3041:13:freenav	16	static
../wares/src/rtkcmn.c:3246:13:traceopen	0	static
../wares/src/rtkcmn.c:3247:13:traceclose	0	static
../wares/src/rtkcmn.c:3248:13:tracelevel	0	static
../wares/src/rtkcmn.c:3249:13:trace	0	static
../wares/src/rtkcmn.c:3250:13:tracet	0	static
../wares/src/rtkcmn.c:3251:13:tracemat	0	static
../wares/src/rtkcmn.c:3252:13:traceobs	0	static
../wares/src/rtkcmn.c:3253:13:tracenav	0	static
../wares/src/rtkcmn.c:3254:13:tracegnav	0	static
../wares/src/rtkcmn.c:3255:13:tracehnav	0	static
../wares/src/rtkcmn.c:3256:13:tracepeph	0	static
../wares/src/rtkcmn.c:3257:13:tracepclk	0	static
../wares/src/rtkcmn.c:3258:13:traceb	0	static
../wares/src/rtkcmn.c:3267:12:execcmd	0	static
../wares/src/rtkcmn.c:3300:12:expath	8	static
../wares/src/rtkcmn.c:3419:13:createdir	1032	static
../wares/src/rtkcmn.c:3476:12:reppath	256	static
../wares/src/rtkcmn.c:3532:12:reppaths	120	static
../wares/src/rtkcmn.c:3565:15:geodist	40	static
../wares/src/rtkcmn.c:3584:15:satazel	144	static
../wares/src/rtkcmn.c:3608:13:dops	1000	static
../wares/src/rtkcmn.c:3641:15:ionmodel	168	static
../wares/src/rtkcmn.c:3688:15:ionmapf	16	static
../wares/src/rtkcmn.c:3704:15:ionppp	88	static
../wares/src/rtkcmn.c:3733:15:tropmodel	88	static
../wares/src/rtkcmn.c:3825:15:tropmapf	48	static
../wares/src/rtkcmn.c:3873:13:antmodel	104	static
../wares/src/rtkcmn.c:3899:13:antmodel_s	40	static
../wares/src/rtkcmn.c:3965:13:sunmoonpos	376	static
../wares/src/rtkcmn.c:3994:12:rtk_uncompress	4184	static
