../wares/src/rtkpos.c:367:15:sdobs	24	static
../wares/src/rtkpos.c:409:13:initx	4	static
../wares/src/rtkpos.c:937:12:validobs	32	static
../wares/src/rtkpos.c:1028:12:test_sys	0	static
../wares/src/rtkpos.c:351:13:errmsg	332	static
../wares/src/rtkpos.c:436:13:udpos	264	static
../wares/src/rtkpos.c:600:13:detslp_ll	64	static
../wares/src/rtkpos.c:878:12:zdres	320	static
../wares/src/rtkpos.c:1003:15:prectrop	96	static
../wares/src/rtkpos.c:1437:12:valpos.constprop.isra	88	static
../wares/src/rtkpos.c:386:15:varerr.isra	56	static
../wares/src/rtkpos.c:1042:12:ddres.isra	504	static
../wares/src/rtkpos.c:1306:13:holdamb	280	static
../wares/src/rtkpos.c:167:12:rtkopenstat	1096	static
../wares/src/rtkpos.c:192:13:rtkclosestat	8	static
../wares/src/rtkpos.c:202:12:rtkoutstat	352	static
../wares/src/rtkpos.c:312:13:outsolstat	8400	static
../wares/src/rtkpos.c:1658:13:rtkinit	512	static
../wares/src/rtkpos.c:1689:13:rtkfree	16	static
../wares/src/rtkpos.c:1757:12:rtkpos	1440	static
