../wares/src/solution.c:101:12:tonum	40	static
../wares/src/solution.c:798:12:cmpsol	32	static
../wares/src/solution.c:984:12:cmpsolstat	32	static
../wares/src/solution.c:721:13:readsolopt	8224	static
../wares/src/solution.c:1565:15:sol_std	8	static
../wares/src/solution.c:878:12:addsol	24	static
../wares/src/solution.c:744:12:inputsol	1328	static
../wares/src/solution.c:836:12:readsolt	344	static
../wares/src/solution.c:864:12:readsol	72	static
../wares/src/solution.c:913:15:getsol	16	static
../wares/src/solution.c:930:13:initsolbuf	16	static
../wares/src/solution.c:962:13:freesolbuf	8	static
../wares/src/solution.c:975:13:freesolstatbuf	16	static
../wares/src/solution.c:1101:12:readsolstatt	9600	static
../wares/src/solution.c:1132:12:readsolstat	72	static
../wares/src/solution.c:1236:12:outnmea_rmc	400	static
../wares/src/solution.c:1281:12:outnmea_gga	360	static
../wares/src/solution.c:1315:12:outnmea_gsa	776	static
../wares/src/solution.c:1359:12:outnmea_gsv	232	static
../wares/src/solution.c:1403:12:outprcopts	456	static
../wares/src/solution.c:1493:12:outsolheads	160	static
../wares/src/solution.c:1580:12:outsols	664	static
../wares/src/solution.c:1636:12:outsolexs	80	static
../wares/src/solution.c:1664:13:outprcopt	8208	static
../wares/src/solution.c:1681:13:outsolhead	8208	static
../wares/src/solution.c:1700:13:outsol	8216	static
../wares/src/solution.c:1721:13:outsolex	8216	static
