Archive member included to satisfy reference by file (symbol)

D:/ST/STM32CubeIDE_2.1.0/STM32CubeIDE/plugins/com.st.stm32cube.ide.mcu.externaltools.gnu-tools-for-stm32.14.3.rel1.win32_1.0.100.202602081740/tools/bin/../lib/gcc/arm-none-eabi/14.3.1/../../../../arm-none-eabi/lib/thumb/v7e-m+fp/hard\libm.a(libm_a-w_asin.o)
                              ./wares/src/rtkcmn.o (asin)
D:/ST/STM32CubeIDE_2.1.0/STM32CubeIDE/plugins/com.st.stm32cube.ide.mcu.externaltools.gnu-tools-for-stm32.14.3.rel1.win32_1.0.100.202602081740/tools/bin/../lib/gcc/arm-none-eabi/14.3.1/../../../../arm-none-eabi/lib/thumb/v7e-m+fp/hard\libm.a(libm_a-w_atan2.o)
                              ./wares/src/ephemeris.o (atan2)
D:/ST/STM32CubeIDE_2.1.0/STM32CubeIDE/plugins/com.st.stm32cube.ide.mcu.externaltools.gnu-tools-for-stm32.14.3.rel1.win32_1.0.100.202602081740/tools/bin/../lib/gcc/arm-none-eabi/14.3.1/../../../../arm-none-eabi/lib/thumb/v7e-m+fp/hard\libm.a(libm_a-w_exp.o)
                              ./wares/src/rtkcmn.o (exp)
D:/ST/STM32CubeIDE_2.1.0/STM32CubeIDE/plugins/com.st.stm32cube.ide.mcu.externaltools.gnu-tools-for-stm32.14.3.rel1.win32_1.0.100.202602081740/tools/bin/../lib/gcc/arm-none-eabi/14.3.1/../../../../arm-none-eabi/lib/thumb/v7e-m+fp/hard\libm.a(libm_a-w_fmod.o)
                              ./wares/src/rtcm3.o (fmod)
D:/ST/STM32CubeIDE_2.1.0/STM32CubeIDE/plugins/com.st.stm32cube.ide.mcu.externaltools.gnu-tools-for-stm32.14.3.rel1.win32_1.0.100.202602081740/tools/bin/../lib/gcc/arm-none-eabi/14.3.1/../../../../arm-none-eabi/lib/thumb/v7e-m+fp/hard\libm.a(libm_a-w_pow.o)
                              ./wares/src/ephemeris.o (pow)
D:/ST/STM32CubeIDE_2.1.0/STM32CubeIDE/plugins/com.st.stm32cube.ide.mcu.externaltools.gnu-tools-for-stm32.14.3.rel1.win32_1.0.100.202602081740/tools/bin/../lib/gcc/arm-none-eabi/14.3.1/../../../../arm-none-eabi/lib/thumb/v7e-m+fp/hard\libm.a(libm_a-w_sqrt.o)
                              ./Core/Src/rtklib_app.o (sqrt)
D:/ST/STM32CubeIDE_2.1.0/STM32CubeIDE/plugins/com.st.stm32cube.ide.mcu.externaltools.gnu-tools-for-stm32.14.3.rel1.win32_1.0.100.202602081740/tools/bin/../lib/gcc/arm-none-eabi/14.3.1/../../../../arm-none-eabi/lib/thumb/v7e-m+fp/hard\libm.a(libm_a-s_atan.o)
                              ./wares/src/rtkcmn.o (atan)
D:/ST/STM32CubeIDE_2.1.0/STM32CubeIDE/plugins/com.st.stm32cube.ide.mcu.externaltools.gnu-tools-for-stm32.14.3.rel1.win32_1.0.100.202602081740/tools/bin/../lib/gcc/arm-none-eabi/14.3.1/../../../../arm-none-eabi/lib/thumb/v7e-m+fp/hard\libm.a(libm_a-s_cos.o)
                              ./wares/src/ephemeris.o (cos)
D:/ST/STM32CubeIDE_2.1.0/STM32CubeIDE/plugins/com.st.stm32cube.ide.mcu.externaltools.gnu-tools-for-stm32.14.3.rel1.win32_1.0.100.202602081740/tools/bin/../lib/gcc/arm-none-eabi/14.3.1/../../../../arm-none-eabi/lib/thumb/v7e-m+fp/hard\libm.a(libm_a-s_fabs.o)
                              D:/ST/STM32CubeIDE_2.1.0/STM32CubeIDE/plugins/com.st.stm32cube.ide.mcu.externaltools.gnu-tools-for-stm32.14.3.rel1.win32_1.0.100.202602081740/tools/bin/../lib/gcc/arm-none-eabi/14.3.1/../../../../arm-none-eabi/lib/thumb/v7e-m+fp/hard\libm.a(libm_a-w_asin.o) (fabs)
D:/ST/STM32CubeIDE_2.1.0/STM32CubeIDE/plugins/com.st.stm32cube.ide.mcu.externaltools.gnu-tools-for-stm32.14.3.rel1.win32_1.0.100.202602081740/tools/bin/../lib/gcc/arm-none-eabi/14.3.1/../../../../arm-none-eabi/lib/thumb/v7e-m+fp/hard\libm.a(libm_a-s_sin.o)
                              ./wares/src/ephemeris.o (sin)
D:/ST/STM32CubeIDE_2.1.0/STM32CubeIDE/plugins/com.st.stm32cube.ide.mcu.externaltools.gnu-tools-for-stm32.14.3.rel1.win32_1.0.100.202602081740/tools/bin/../lib/gcc/arm-none-eabi/14.3.1/../../../../arm-none-eabi/lib/thumb/v7e-m+fp/hard\libm.a(libm_a-s_tan.o)
                              ./wares/src/rtkcmn.o (tan)
D:/ST/STM32CubeIDE_2.1.0/STM32CubeIDE/plugins/com.st.stm32cube.ide.mcu.externaltools.gnu-tools-for-stm32.14.3.rel1.win32_1.0.100.202602081740/tools/bin/../lib/gcc/arm-none-eabi/14.3.1/../../../../arm-none-eabi/lib/thumb/v7e-m+fp/hard\libm.a(libm_a-s_finite.o)
                              D:/ST/STM32CubeIDE_2.1.0/STM32CubeIDE/plugins/com.st.stm32cube.ide.mcu.externaltools.gnu-tools-for-stm32.14.3.rel1.win32_1.0.100.202602081740/tools/bin/../lib/gcc/arm-none-eabi/14.3.1/../../../../arm-none-eabi/lib/thumb/v7e-m+fp/hard\libm.a(libm_a-w_exp.o) (finite)
D:/ST/STM32CubeIDE_2.1.0/STM32CubeIDE/plugins/com.st.stm32cube.ide.mcu.externaltools.gnu-tools-for-stm32.14.3.rel1.win32_1.0.100.202602081740/tools/bin/../lib/gcc/arm-none-eabi/14.3.1/../../../../arm-none-eabi/lib/thumb/v7e-m+fp/hard\libm.a(libm_a-s_nan.o)
                              D:/ST/STM32CubeIDE_2.1.0/STM32CubeIDE/plugins/com.st.stm32cube.ide.mcu.externaltools.gnu-tools-for-stm32.14.3.rel1.win32_1.0.100.202602081740/tools/bin/../lib/gcc/arm-none-eabi/14.3.1/../../../../arm-none-eabi/lib/thumb/v7e-m+fp/hard\libm.a(libm_a-w_asin.o) (nan)
[...]
Memory Configuration

Name             Origin             Length             Attributes
RAM              0x20000000         0x00018000         xrw
RAM2             0x10000000         0x00008000         xrw
FLASH            0x08000000         0x00040000         xr
*default*        0x00000000         0xffffffff

Linker script and memory map

LOAD D:/ST/STM32CubeIDE_2.1.0/STM32CubeIDE/plugins/com.st.stm32cube.ide.mcu.externaltools.gnu-tools-for-stm32.14.3.rel1.win32_1.0.100.202602081740/tools/bin/../lib/gcc/arm-none-eabi/14.3.1/thumb/v7e-m+fp/hard/crti.o
LOAD D:/ST/STM32CubeIDE_2.1.0/STM32CubeIDE/plugins/com.st.stm32cube.ide.mcu.externaltools.gnu-tools-for-stm32.14.3.rel1.win32_1.0.100.202602081740/tools/bin/../lib/gcc/arm-none-eabi/14.3.1/thumb/v7e-m+fp/hard/crtbegin.o
LOAD D:/ST/STM32CubeIDE_2.1.0/STM32CubeIDE/plugins/com.st.stm32cube.ide.mcu.externaltools.gnu-tools-for-stm32.14.3.rel1.win32_1.0.100.202602081740/tools/bin/../lib/gcc/arm-none-eabi/14.3.1/../../../../arm-none-eabi/lib/thumb/v7e-m+fp/hard/crt0.o
LOAD ./Core/Src/dma.o
LOAD ./Core/Src/gpio.o
LOAD ./Core/Src/main.o
LOAD ./Core/Src/rtklib_app.o
LOAD ./Core/Src/stm32l4xx_hal_msp.o
LOAD ./Core/Src/stm32l4xx_it.o
LOAD ./Core/Src/syscalls.o
LOAD ./Core/Src/sysmem.o
LOAD ./Core/Src/system_stm32l4xx.o
LOAD ./Core/Src/tim.o
LOAD ./Core/Src/usart.o
LOAD ./Core/Startup/startup_stm32l476rctx.o
LOAD ./Drivers/STM32L4xx_HAL_Driver/Src/stm32l4xx_hal.o
LOAD ./Drivers/STM32L4xx_HAL_Driver/Src/stm32l4xx_hal_cortex.o
LOAD ./Drivers/STM32L4xx_HAL_Driver/Src/stm32l4xx_hal_dma.o
LOAD ./Drivers/STM32L4xx_HAL_Driver/Src/stm32l4xx_hal_dma_ex.o
LOAD ./Drivers/STM32L4xx_HAL_Driver/Src/stm32l4xx_hal_exti.o
LOAD ./Drivers/STM32L4xx_HAL_Driver/Src/stm32l4xx_hal_flash.o
LOAD ./Drivers/STM32L4xx_HAL_Driver/Src/stm32l4xx_hal_flash_ex.o
LOAD ./Drivers/STM32L4xx_HAL_Driver/Src/stm32l4xx_hal_flash_ramfunc.o
LOAD ./Drivers/STM32L4xx_HAL_Driver/Src/stm32l4xx_hal_gpio.o
LOAD ./Drivers/STM32L4xx_HAL_Driver/Src/stm32l4xx_hal_i2c.o
LOAD ./Drivers/STM32L4xx_HAL_Driver/Src/stm32l4xx_hal_i2c_ex.o
LOAD ./Drivers/STM32L4xx_HAL_Driver/Src/stm32l4xx_hal_pwr.o
LOAD ./Drivers/STM32L4xx_HAL_Driver/Src/stm32l4xx_hal_pwr_ex.o
LOAD ./Drivers/STM32L4xx_HAL_Driver/Src/stm32l4xx_hal_rcc.o
LOAD ./Drivers/STM32L4xx_HAL_Driver/Src/stm32l4xx_hal_rcc_ex.o
LOAD ./Drivers/STM32L4xx_HAL_Driver/Src/stm32l4xx_hal_tim.o
LOAD ./Drivers/STM32L4xx_HAL_Driver/Src/stm32l4xx_hal_tim_ex.o
LOAD ./Drivers/STM32L4xx_HAL_Driver/Src/stm32l4xx_hal_uart.o
LOAD ./Drivers/STM32L4xx_HAL_Driver/Src/stm32l4xx_hal_uart_ex.o
LOAD ./wares/port/rtklib_mem.o
LOAD ./wares/port/rtklib_port.o
LOAD ./wares/port/rtklib_serial.o
LOAD ./wares/port/rtklib_time.o
LOAD ./wares/src/datum.o
LOAD ./wares/src/ephemeris.o
LOAD ./wares/src/lambda.o
LOAD ./wares/src/options.o
LOAD ./wares/src/pntpos.o
LOAD ./wares/src/rcvraw.o
LOAD ./wares/src/rtcm.o
LOAD ./wares/src/rtcm2.o
LOAD ./wares/src/rtcm3.o
LOAD ./wares/src/rtkcmn.o
LOAD ./wares/src/rtkpos.o
LOAD ./wares/src/solution.o
LOAD ./wares/src/ublox.o
LOAD D:/ST/STM32CubeIDE_2.1.0/STM32CubeIDE/plugins/com.st.stm32cube.ide.mcu.externaltools.gnu-tools-for-stm32.14.3.rel1.win32_1.0.100.202602081740/tools/bin/../lib/gcc/arm-none-eabi/14.3.1/../../../../arm-none-eabi/lib/thumb/v7e-m+fp/hard\libm.a
START GROUP
LOAD D:/ST/STM32CubeIDE_2.1.0/STM32CubeIDE/plugins/com.st.stm32cube.ide.mcu.externaltools.gnu-tools-for-stm32.14.3.rel1.win32_1.0.100.202602081740/tools/bin/../lib/gcc/arm-none-eabi/14.3.1/../../../../arm-none-eabi/lib/thumb/v7e-m+fp/hard\libc_nano.a
LOAD D:/ST/STM32CubeIDE_2.1.0/STM32CubeIDE/plugins/com.st.stm32cube.ide.mcu.externaltools.gnu-tools-for-stm32.14.3.rel1.win32_1.0.100.202602081740/tools/bin/../lib/gcc/arm-none-eabi/14.3.1/../../../../arm-none-eabi/lib/thumb/v7e-m+fp/hard\libm.a
END GROUP
START GROUP
LOAD D:/ST/STM32CubeIDE_2.1.0/STM32CubeIDE/plugins/com.st.stm32cube.ide.mcu.externaltools.gnu-tools-for-stm32.14.3.rel1.win32_1.0.100.202602081740/tools/bin/../lib/gcc/arm-none-eabi/14.3.1/thumb/v7e-m+fp/hard\libgcc.a
LOAD D:/ST/STM32CubeIDE_2.1.0/STM32CubeIDE/plugins/com.st.stm32cube.ide.mcu.externaltools.gnu-tools-for-stm32.14.3.rel1.win32_1.0.100.202602081740/tools/bin/../lib/gcc/arm-none-eabi/14.3.1/../../../../arm-none-eabi/lib/thumb/v7e-m+fp/hard\libc_nano.a
END GROUP
START GROUP
LOAD D:/ST/STM32CubeIDE_2.1.0/STM32CubeIDE/plugins/com.st.stm32cube.ide.mcu.externaltools.gnu-tools-for-stm32.14.3.rel1.win32_1.0.100.202602081740/tools/bin/../lib/gcc/arm-none-eabi/14.3.1/thumb/v7e-m+fp/hard\libgcc.a
LOAD D:/ST/STM32CubeIDE_2.1.0/STM32CubeIDE/plugins/com.st.stm32cube.ide.mcu.externaltools.gnu-tools-for-stm32.14.3.rel1.win32_1.0.100.202602081740/tools/bin/../lib/gcc/arm-none-eabi/14.3.1/../../../../arm-none-eabi/lib/thumb/v7e-m+fp/hard\libc_nano.a
LOAD D:/ST/STM32CubeIDE_2.1.0/STM32CubeIDE/plugins/com.st.stm32cube.ide.mcu.externaltools.gnu-tools-for-stm32.14.3.rel1.win32_1.0.100.202602081740/tools/bin/../lib/gcc/arm-none-eabi/14.3.1/../../../../arm-none-eabi/lib/thumb/v7e-m+fp/hard\libnosys.a
END GROUP
START GROUP
LOAD D:/ST/STM32CubeIDE_2.1.0/STM32CubeIDE/plugins/com.st.stm32cube.ide.mcu.externaltools.gnu-tools-for-stm32.14.3.rel1.win32_1.0.100.202602081740/tools/bin/../lib/gcc/arm-none-eabi/14.3.1/thumb/v7e-m+fp/hard\libgcc.a
LOAD D:/ST/STM32CubeIDE_2.1.0/STM32CubeIDE/plugins/com.st.stm32cube.ide.mcu.externaltools.gnu-tools-for-stm32.14.3.rel1.win32_1.0.100.202602081740/tools/bin/../lib/gcc/arm-none-eabi/14.3.1/../../../../arm-none-eabi/lib/thumb/v7e-m+fp/hard\libc_nano.a
LOAD D:/ST/STM32CubeIDE_2.1.0/STM32CubeIDE/plugins/com.st.stm32cube.ide.mcu.externaltools.gnu-tools-for-stm32.14.3.rel1.win32_1.0.100.202602081740/tools/bin/../lib/gcc/arm-none-eabi/14.3.1/../../../../arm-none-eabi/lib/thumb/v7e-m+fp/hard\libnosys.a
END GROUP
LOAD D:/ST/STM32CubeIDE_2.1.0/STM32CubeIDE/plugins/com.st.stm32cube.ide.mcu.externaltools.gnu-tools-for-stm32.14.3.rel1.win32_1.0.100.202602081740/tools/bin/../lib/gcc/arm-none-eabi/14.3.1/thumb/v7e-m+fp/hard/crtend.o
LOAD D:/ST/STM32CubeIDE_2.1.0/STM32CubeIDE/plugins/com.st.stm32cube.ide.mcu.externaltools.gnu-tools-for-stm32.14.3.rel1.win32_1.0.100.202602081740/tools/bin/../lib/gcc/arm-none-eabi/14.3.1/thumb/v7e-m+fp/hard/crtn.o
                0x20018000                        _estack = (ORIGIN (RAM) + LENGTH (RAM))
                0x00001000                        _Min_Heap_Size = 0x1000
                0x00002000                        _Min_Stack_Size = 0x2000

.isr_vector     0x08000000      0x188
                0x08000000                        . = ALIGN (0x4)
 *(.isr_vector)
 .isr_vector    0x08000000      0x188 ./Core/Startup/startup_stm32l476rctx.o
                0x08000000                g_pfnVectors
                0x08000188                        . = ALIGN (0x4)

.text           0x08000190    0x282b8
                0x08000190                        . = ALIGN (0x4)
 *(.text)
 .text          0x08000190       0x40 D:/ST/STM32CubeIDE_2.1.0/STM32CubeIDE/plugins/com.st.stm32cube.ide.mcu.externaltools.gnu-tools-for-stm32.14.3.rel1.win32_1.0.100.202602081740/tools/bin/../lib/gcc/arm-none-eabi/14.3.1/thumb/v7e-m+fp/hard/crtbegin.o
 .text          0x080001d0       0x14 D:/ST/STM32CubeIDE_2.1.0/STM32CubeIDE/plugins/com.st.stm32cube.ide.mcu.externaltools.gnu-tools-for-stm32.14.3.rel1.win32_1.0.100.202602081740/tools/bin/../lib/gcc/arm-none-eabi/14.3.1/../../../../arm-none-eabi/lib/thumb/v7e-m+fp/hard\libc_nano.a(libc_a-strcmp.o)
                0x080001d0                strcmp
 *fill*         0x080001e4        0xc 
 .text          0x080001f0       0xa0 D:/ST/STM32CubeIDE_2.1.0/STM32CubeIDE/plugins/com.st.stm32cube.ide.mcu.externaltools.gnu-tools-for-stm32.14.3.rel1.win32_1.0.100.202602081740/tools/bin/../lib/gcc/arm-none-eabi/14.3.1/../../../../arm-none-eabi/lib/thumb/v7e-m+fp/hard\libc_nano.a(libc_a-memchr.o)
                0x080001f0                memchr
 .text          0x08000290       0x10 D:/ST/STM32CubeIDE_2.1.0/STM32CubeIDE/plugins/com.st.stm32cube.ide.mcu.externaltools.gnu-tools-for-stm32.14.3.rel1.win32_1.0.100.202602081740/tools/bin/../lib/gcc/arm-none-eabi/14.3.1/../../../../arm-none-eabi/lib/thumb/v7e-m+fp/hard\libc_nano.a(libc_a-strlen.o)
                0x08000290                strlen
 .text          0x080002a0      0x378 D:/ST/STM32CubeIDE_2.1.0/STM32CubeIDE/plugins/com.st.stm32cube.ide.mcu.externaltools.gnu-tools-for-stm32.14.3.rel1.win32_1.0.100.202602081740/tools/bin/../lib/gcc/arm-none-eabi/14.3.1/thumb/v7e-m+fp/hard\libgcc.a(_arm_addsubdf3.o)
                0x080002a0                __aeabi_drsub
                0x080002a8                __aeabi_dsub
                0x080002a8                __subdf3
                0x080002ac                __aeabi_dadd
                0x080002ac                __adddf3
                0x08000524                __floatunsidf
                0x08000524                __aeabi_ui2d
                0x08000544                __floatsidf
                0x08000544                __aeabi_i2d
                0x08000568                __aeabi_f2d
                0x08000568                __extendsfdf2
                0x080005ac                __floatundidf
                0x080005ac                __aeabi_ul2d
                0x080005bc                __floatdidf
                0x080005bc                __aeabi_l2d
 .text          0x08000618      0x424 D:/ST/STM32CubeIDE_2.1.0/STM32CubeIDE/plugins/com.st.stm32cube.ide.mcu.externaltools.gnu-tools-for-stm32.14.3.rel1.win32_1.0.100.202602081740/tools/bin/../lib/gcc/arm-none-eabi/14.3.1/thumb/v7e-m+fp/hard\libgcc.a(_arm_muldivdf3.o)
                0x08000618                __aeabi_dmul
                0x08000618                __muldf3
                0x0800086c                __divdf3
                0x0800086c                __aeabi_ddiv
 .text          0x08000a3c      0x110 D:/ST/STM32CubeIDE_2.1.0/STM32CubeIDE/plugins/com.st.stm32cube.ide.mcu.externaltools.gnu-tools-for-stm32.14.3.rel1.win32_1.0.100.202602081740/tools/bin/../lib/gcc/arm-none-eabi/14.3.1/thumb/v7e-m+fp/hard\libgcc.a(_arm_cmpdf2.o)
                0x08000a3c                __gtdf2
                0x08000a3c                __gedf2
                0x08000a44                __ltdf2
                0x08000a44                __ledf2
                0x08000a4c                __nedf2
                0x08000a4c                __eqdf2
                0x08000a4c                __cmpdf2
                0x08000ac8                __aeabi_cdrcmple
                0x08000ad8                __aeabi_cdcmpeq
                0x08000ad8                __aeabi_cdcmple
                0x08000ae8                __aeabi_dcmpeq
                0x08000afc                __aeabi_dcmplt
                0x08000b10                __aeabi_dcmple
                0x08000b24                __aeabi_dcmpge
                0x08000b38                __aeabi_dcmpgt
 .text          0x08000b4c       0x2c D:/ST/STM32CubeIDE_2.1.0/STM32CubeIDE/plugins/com.st.stm32cube.ide.mcu.externaltools.gnu-tools-for-stm32.14.3.rel1.win32_1.0.100.202602081740/tools/bin/../lib/gcc/arm-none-eabi/14.3.1/thumb/v7e-m+fp/hard\libgcc.a(_arm_unorddf2.o)
                0x08000b4c                __unorddf2
                0x08000b4c                __aeabi_dcmpun
 .text          0x08000b78       0x50 D:/ST/STM32CubeIDE_2.1.0/STM32CubeIDE/plugins/com.st.stm32cube.ide.mcu.externaltools.gnu-tools-for-stm32.14.3.rel1.win32_1.0.100.202602081740/tools/bin/../lib/gcc/arm-none-eabi/14.3.1/thumb/v7e-m+fp/hard\libgcc.a(_arm_fixdfsi.o)
                0x08000b78                __aeabi_d2iz
                0x08000b78                __fixdfsi
 .text          0x08000bc8       0x40 D:/ST/STM32CubeIDE_2.1.0/STM32CubeIDE/plugins/com.st.stm32cube.ide.mcu.externaltools.gnu-tools-for-stm32.14.3.rel1.win32_1.0.100.202602081740/tools/bin/../lib/gcc/arm-none-eabi/14.3.1/thumb/v7e-m+fp/hard\libgcc.a(_arm_fixunsdfsi.o)
                0x08000bc8                __aeabi_d2uiz
                0x08000bc8                __fixunsdfsi
 .text          0x08000c08       0xa0 D:/ST/STM32CubeIDE_2.1.0/STM32CubeIDE/plugins/com.st.stm32cube.ide.mcu.externaltools.gnu-tools-for-stm32.14.3.rel1.win32_1.0.100.202602081740/tools/bin/../lib/gcc/arm-none-eabi/14.3.1/thumb/v7e-m+fp/hard\libgcc.a(_arm_truncdfsf2.o)
                0x08000c08                __truncdfsf2
                0x08000c08                __aeabi_d2f
 .text          0x08000ca8       0xa0 D:/ST/STM32CubeIDE_2.1.0/STM32CubeIDE/plugins/com.st.stm32cube.ide.mcu.externaltools.gnu-tools-for-stm32.14.3.rel1.win32_1.0.100.202602081740/tools/bin/../lib/gcc/arm-none-eabi/14.3.1/thumb/v7e-m+fp/hard\libgcc.a(_aeabi_ldivmod.o)
                0x08000ca8                __aeabi_ldivmod
 .text          0x08000d48       0x30 D:/ST/STM32CubeIDE_2.1.0/STM32CubeIDE/plugins/com.st.stm32cube.ide.mcu.externaltools.gnu-tools-for-stm32.14.3.rel1.win32_1.0.100.202602081740/tools/bin/../lib/gcc/arm-none-eabi/14.3.1/thumb/v7e-m+fp/hard\libgcc.a(_aeabi_uldivmod.o)
                0x08000d48                __aeabi_uldivmod
 .text          0x08000d78       0x30 D:/ST/STM32CubeIDE_2.1.0/STM32CubeIDE/plugins/com.st.stm32cube.ide.mcu.externaltools.gnu-tools-for-stm32.14.3.rel1.win32_1.0.100.202602081740/tools/bin/../lib/gcc/arm-none-eabi/14.3.1/thumb/v7e-m+fp/hard\libgcc.a(_fixdfdi.o)
                0x08000d78                __fixdfdi
                0x08000d78                __aeabi_d2lz
 .text          0x08000da8       0x3c D:/ST/STM32CubeIDE_2.1.0/STM32CubeIDE/plugins/com.st.stm32cube.ide.mcu.externaltools.gnu-tools-for-stm32.14.3.rel1.win32_1.0.100.202602081740/tools/bin/../lib/gcc/arm-none-eabi/14.3.1/thumb/v7e-m+fp/hard\libgcc.a(_fixunsdfdi.o)
                0x08000da8                __fixunsdfdi
                0x08000da8                __aeabi_d2ulz
 .text          0x08000de4      0x2f8 D:/ST/STM32CubeIDE_2.1.0/STM32CubeIDE/plugins/com.st.stm32cube.ide.mcu.externaltools.gnu-tools-for-stm32.14.3.rel1.win32_1.0.100.202602081740/tools/bin/../lib/gcc/arm-none-eabi/14.3.1/thumb/v7e-m+fp/hard\libgcc.a(_udivmoddi4.o)
                0x08000de4                __udivmoddi4
 .text          0x080010dc        0x4 D:/ST/STM32CubeIDE_2.1.0/STM32CubeIDE/plugins/com.st.stm32cube.ide.mcu.externaltools.gnu-tools-for-stm32.14.3.rel1.win32_1.0.100.202602081740/tools/bin/../lib/gcc/arm-none-eabi/14.3.1/thumb/v7e-m+fp/hard\libgcc.a(_dvmd_tls.o)
                0x080010dc                __aeabi_idiv0
                0x080010dc                __aeabi_ldiv0
 *(.text*)
 .text.MX_DMA_Init
                0x080010e0       0x40 ./Core/Src/dma.o
                0x080010e0                MX_DMA_Init
 .text.MX_GPIO_Init
                0x08001120       0x44 ./Core/Src/gpio.o
                0x08001120                MX_GPIO_Init
 *fill*         0x08001164        0x4 
 .text.MX_User_LED_Init
                0x08001168       0x40 ./Core/Src/gpio.o
                0x08001168                MX_User_LED_Init
 .text.HAL_TIM_PeriodElapsedCallback
                0x080011a8       0x18 ./Core/Src/main.o
                0x080011a8                HAL_TIM_PeriodElapsedCallback
 .text.Error_Handler
                0x080011c0       0x30 ./Core/Src/main.o
                0x080011c0                Error_Handler
 .text.SystemClock_Config
                0x080011f0       0xc8 ./Core/Src/main.o
                0x080011f0                SystemClock_Config
 .text.startup.main
                0x080012b8      0x100 ./Core/Src/main.o
                0x080012b8                main
 .text.rtklib_rover_ubx_link_train.part.0
                0x080013b8       0x74 ./Core/Src/rtklib_app.o
 *fill*         0x0800142c        0x4 
 .text.earliest_plausible_obs_time
                0x08001430       0xf4 ./Core/Src/rtklib_app.o
 *fill*         0x08001524        0x4 
 .text.rtklib_init
                0x08001528      0x124 ./Core/Src/rtklib_app.o
                0x08001528                rtklib_init
 .text.rtklib_rover_ubx_link_train
                0x0800164c       0x10 ./Core/Src/rtklib_app.o
                0x0800164c                rtklib_rover_ubx_link_train
 *fill*         0x0800165c        0x4 
 .text.rtklib_process
                0x08001660      0x8fc ./Core/Src/rtklib_app.o
                0x08001660                rtklib_process
 .text.HAL_MspInit
                0x08001f5c       0x30 ./Core/Src/stm32l4xx_hal_msp.o
                0x08001f5c                HAL_MspInit
 .text.NMI_Handler
                0x08001f8c        0x8 ./Core/Src/stm32l4xx_it.o
                0x08001f8c                NMI_Handler
 .text.HardFault_Handler
                0x08001f94        0x4 ./Core/Src/stm32l4xx_it.o
                0x08001f94                HardFault_Handler
 .text.MemManage_Handler
                0x08001f98        0x4 ./Core/Src/stm32l4xx_it.o
                0x08001f98                MemManage_Handler
 .text.BusFault_Handler
                0x08001f9c        0x4 ./Core/Src/stm32l4xx_it.o
                0x08001f9c                BusFault_Handler
 .text.UsageFault_Handler
                0x08001fa0        0x4 ./Core/Src/stm32l4xx_it.o
                0x08001fa0                UsageFault_Handler
 .text.SVC_Handler
                0x08001fa4        0x4 ./Core/Src/stm32l4xx_it.o
                0x08001fa4                SVC_Handler
 .text.DebugMon_Handler
                0x08001fa8        0x4 ./Core/Src/stm32l4xx_it.o
                0x08001fa8                DebugMon_Handler
 .text.PendSV_Handler
                0x08001fac        0x4 ./Core/Src/stm32l4xx_it.o
                0x08001fac                PendSV_Handler
 .text.SysTick_Handler
                0x08001fb0        0x4 ./Core/Src/stm32l4xx_it.o
                0x08001fb0                SysTick_Handler
 .text.DMA1_Channel5_IRQHandler
                0x08001fb4        0xc ./Core/Src/stm32l4xx_it.o
                0x08001fb4                DMA1_Channel5_IRQHandler
 .text.DMA1_Channel6_IRQHandler
                0x08001fc0        0xc ./Core/Src/stm32l4xx_it.o
                0x08001fc0                DMA1_Channel6_IRQHandler
 .text.TIM2_IRQHandler
                0x08001fcc        0xc ./Core/Src/stm32l4xx_it.o
                0x08001fcc                TIM2_IRQHandler
 .text.USART1_IRQHandler
                0x08001fd8        0xc ./Core/Src/stm32l4xx_it.o
                0x08001fd8                USART1_IRQHandler
 .text.USART2_IRQHandler
                0x08001fe4        0xc ./Core/Src/stm32l4xx_it.o
                0x08001fe4                USART2_IRQHandler
 .text.USART3_IRQHandler
                0x08001ff0        0xc ./Core/Src/stm32l4xx_it.o
                0x08001ff0                USART3_IRQHandler
 .text._getpid  0x08001ffc        0x4 ./Core/Src/syscalls.o
                0x08001ffc                _getpid
 .text._kill    0x08002000       0x10 ./Core/Src/syscalls.o
                0x08002000                _kill
 .text._exit    0x08002010        0xc ./Core/Src/syscalls.o
                0x08002010                _exit
 .text._read    0x0800201c       0x1c ./Core/Src/syscalls.o
                0x0800201c                _read
 .text._close   0x08002038        0x8 ./Core/Src/syscalls.o
                0x08002038                _close
 .text._fstat   0x08002040        0xc ./Core/Src/syscalls.o
                0x08002040                _fstat
 .text._isatty  0x0800204c        0x4 ./Core/Src/syscalls.o
                0x0800204c                _isatty
 .text._lseek   0x08002050        0x4 ./Core/Src/syscalls.o
                0x08002050                _lseek
 .text._open    0x08002054        0xc ./Core/Src/syscalls.o
                0x08002054                _open
 .text._sbrk    0x08002060       0x44 ./Core/Src/sysmem.o
                0x08002060                _sbrk
 .text.SystemInit
                0x080020a4       0x14 ./Core/Src/system_stm32l4xx.o
                0x080020a4                SystemInit
 .text.MX_TIM2_Init
                0x080020b8       0x74 ./Core/Src/tim.o
                0x080020b8                MX_TIM2_Init
 .text.HAL_TIM_Base_MspInit
                0x0800212c       0x3c ./Core/Src/tim.o
                0x0800212c                HAL_TIM_Base_MspInit
 .text.MX_USART1_UART_Init
                0x08002168       0x3c ./Core/Src/usart.o
                0x08002168                MX_USART1_UART_Init
 .text.MX_USART2_UART_Init
                0x080021a4       0x3c ./Core/Src/usart.o
                0x080021a4                MX_USART2_UART_Init
 .text.MX_USART3_UART_Init
                0x080021e0       0x3c ./Core/Src/usart.o
                0x080021e0                MX_USART3_UART_Init
 *fill*         0x0800221c        0x4 
 .text.HAL_UART_MspInit
                0x08002220      0x224 ./Core/Src/usart.o
                0x08002220                HAL_UART_MspInit
 .text.usart1_apply_baud
                0x08002444       0x3c ./Core/Src/usart.o
                0x08002444                usart1_apply_baud
 .text.rtklib_uart_start_rx_it
                0x08002480       0x44 ./Core/Src/usart.o
                0x08002480                rtklib_uart_start_rx_it
 .text.HAL_UART_RxCpltCallback
                0x080024c4       0x78 ./Core/Src/usart.o
                0x080024c4                HAL_UART_RxCpltCallback
 .text.HAL_UART_ErrorCallback
                0x0800253c       0x80 ./Core/Src/usart.o
                0x0800253c                HAL_UART_ErrorCallback
 .text.Reset_Handler
                0x080025bc       0x6c ./Core/Startup/startup_stm32l476rctx.o
                0x080025bc                Reset_Handler
 .text.Default_Handler
                0x08002628        0x2 ./Core/Startup/startup_stm32l476rctx.o
                0x08002628                RTC_Alarm_IRQHandler
                0x08002628                EXTI2_IRQHandler
                0x08002628                TIM8_TRG_COM_IRQHandler
                0x08002628                TIM8_CC_IRQHandler
                0x08002628                TIM1_CC_IRQHandler
                0x08002628                TSC_IRQHandler
                0x08002628                TAMP_STAMP_IRQHandler
                0x08002628                EXTI3_IRQHandler
                0x08002628                LPTIM2_IRQHandler
                0x08002628                DFSDM1_FLT1_IRQHandler
                0x08002628                I2C3_ER_IRQHandler
                0x08002628                DFSDM1_FLT2_IRQHandler
                0x08002628                EXTI0_IRQHandler
                0x08002628                I2C2_EV_IRQHandler
                0x08002628                CAN1_RX0_IRQHandler
                0x08002628                FPU_IRQHandler
                0x08002628                TIM1_UP_TIM16_IRQHandler
                0x08002628                ADC1_2_IRQHandler
                0x08002628                SPI1_IRQHandler
                0x08002628                TIM6_DAC_IRQHandler
                0x08002628                TIM8_UP_IRQHandler
                0x08002628                DMA2_Channel2_IRQHandler
                0x08002628                DMA1_Channel4_IRQHandler
                0x08002628                SAI2_IRQHandler
                0x08002628                DFSDM1_FLT3_IRQHandler
                0x08002628                DMA1_Channel7_IRQHandler
                0x08002628                CAN1_RX1_IRQHandler
                0x08002628                LCD_IRQHandler
                0x08002628                UART5_IRQHandler
                0x08002628                ADC3_IRQHandler
                0x08002628                TIM4_IRQHandler
                0x08002628                DMA2_Channel1_IRQHandler
                0x08002628                QUADSPI_IRQHandler
                0x08002628                I2C1_EV_IRQHandler
                0x08002628                UART4_IRQHandler
                0x08002628                DMA2_Channel4_IRQHandler
                0x08002628                TIM3_IRQHandler
                0x08002628                RCC_IRQHandler
                0x08002628                DMA1_Channel1_IRQHandler
                0x08002628                Default_Handler
                0x08002628                DMA2_Channel7_IRQHandler
                0x08002628                EXTI15_10_IRQHandler
                0x08002628                TIM7_IRQHandler
                0x08002628                SDMMC1_IRQHandler
                0x08002628                TIM5_IRQHandler
                0x08002628                I2C3_EV_IRQHandler
                0x08002628                EXTI9_5_IRQHandler
                0x08002628                RTC_WKUP_IRQHandler
                0x08002628                PVD_PVM_IRQHandler
                0x08002628                SPI2_IRQHandler
                0x08002628                CAN1_TX_IRQHandler
                0x08002628                DMA2_Channel5_IRQHandler
                0x08002628                EXTI4_IRQHandler
                0x08002628                RNG_IRQHandler
                0x08002628                TIM1_TRG_COM_TIM17_IRQHandler
                0x08002628                DMA1_Channel3_IRQHandler
                0x08002628                COMP_IRQHandler
                0x08002628                WWDG_IRQHandler
                0x08002628                LPUART1_IRQHandler
                0x08002628                DMA2_Channel6_IRQHandler
                0x08002628                EXTI1_IRQHandler
                0x08002628                DFSDM1_FLT0_IRQHandler
                0x08002628                I2C2_ER_IRQHandler
                0x08002628                DMA1_Channel2_IRQHandler
                0x08002628                TIM8_BRK_IRQHandler
                0x08002628                CAN1_SCE_IRQHandler
                0x08002628                FLASH_IRQHandler
                0x08002628                OTG_FS_IRQHandler
                0x08002628                SPI3_IRQHandler
                0x08002628                I2C1_ER_IRQHandler
                0x08002628                FMC_IRQHandler
                0x08002628                SWPMI1_IRQHandler
                0x08002628                LPTIM1_IRQHandler
                0x08002628                SAI1_IRQHandler
                0x08002628                DMA2_Channel3_IRQHandler
                0x08002628                TIM1_BRK_TIM15_IRQHandler
 *fill*         0x0800262a        0x2 
 .text.HAL_InitTick
                0x0800262c       0x4c ./Drivers/STM32L4xx_HAL_Driver/Src/stm32l4xx_hal.o
                0x0800262c                HAL_InitTick
 .text.HAL_Init
                0x08002678       0x20 ./Drivers/STM32L4xx_HAL_Driver/Src/stm32l4xx_hal.o
                0x08002678                HAL_Init
 .text.HAL_IncTick
                0x08002698       0x18 ./Drivers/STM32L4xx_HAL_Driver/Src/stm32l4xx_hal.o
                0x08002698                HAL_IncTick
 .text.HAL_GetTick
                0x080026b0        0xc ./Drivers/STM32L4xx_HAL_Driver/Src/stm32l4xx_hal.o
                0x080026b0                HAL_GetTick
 .text.HAL_Delay
                0x080026bc       0x24 ./Drivers/STM32L4xx_HAL_Driver/Src/stm32l4xx_hal.o
                0x080026bc                HAL_Delay
 .text.HAL_NVIC_SetPriorityGrouping
                0x080026e0       0x24 ./Drivers/STM32L4xx_HAL_Driver/Src/stm32l4xx_hal_cortex.o
                0x080026e0                HAL_NVIC_SetPriorityGrouping
 .text.HAL_NVIC_SetPriority
                0x08002704       0x74 ./Drivers/STM32L4xx_HAL_Driver/Src/stm32l4xx_hal_cortex.o
                0x08002704                HAL_NVIC_SetPriority
 .text.HAL_NVIC_EnableIRQ
                0x08002778       0x1c ./Drivers/STM32L4xx_HAL_Driver/Src/stm32l4xx_hal_cortex.o
                0x08002778                HAL_NVIC_EnableIRQ
 .text.HAL_SYSTICK_Config
                0x08002794       0x34 ./Drivers/STM32L4xx_HAL_Driver/Src/stm32l4xx_hal_cortex.o
                0x08002794                HAL_SYSTICK_Config
 .text.HAL_DMA_Init
                0x080027c8       0xd4 ./Drivers/STM32L4xx_HAL_Driver/Src/stm32l4xx_hal_dma.o
                0x080027c8                HAL_DMA_Init
 .text.HAL_DMA_Abort
                0x0800289c       0x4c ./Drivers/STM32L4xx_HAL_Driver/Src/stm32l4xx_hal_dma.o
                0x0800289c                HAL_DMA_Abort
 .text.HAL_DMA_Abort_IT
                0x080028e8       0x48 ./Drivers/STM32L4xx_HAL_Driver/Src/stm32l4xx_hal_dma.o
                0x080028e8                HAL_DMA_Abort_IT
 .text.HAL_DMA_IRQHandler
                0x08002930       0x9c ./Drivers/STM32L4xx_HAL_Driver/Src/stm32l4xx_hal_dma.o
                0x08002930                HAL_DMA_IRQHandler
 .text.HAL_DMA_GetError
                0x080029cc        0x4 ./Drivers/STM32L4xx_HAL_Driver/Src/stm32l4xx_hal_dma.o
                0x080029cc                HAL_DMA_GetError
 .text.HAL_GPIO_Init
                0x080029d0      0x248 ./Drivers/STM32L4xx_HAL_Driver/Src/stm32l4xx_hal_gpio.o
                0x080029d0                HAL_GPIO_Init
 .text.HAL_GPIO_WritePin
                0x08002c18        0xc ./Drivers/STM32L4xx_HAL_Driver/Src/stm32l4xx_hal_gpio.o
                0x08002c18                HAL_GPIO_WritePin
 .text.HAL_GPIO_TogglePin
                0x08002c24       0x14 ./Drivers/STM32L4xx_HAL_Driver/Src/stm32l4xx_hal_gpio.o
                0x08002c24                HAL_GPIO_TogglePin
 .text.HAL_PWREx_GetVoltageRange
                0x08002c38       0x10 ./Drivers/STM32L4xx_HAL_Driver/Src/stm32l4xx_hal_pwr_ex.o
                0x08002c38                HAL_PWREx_GetVoltageRange
 .text.HAL_PWREx_ControlVoltageScaling
                0x08002c48       0x80 ./Drivers/STM32L4xx_HAL_Driver/Src/stm32l4xx_hal_pwr_ex.o
                0x08002c48                HAL_PWREx_ControlVoltageScaling
 .text.RCC_SetFlashLatencyFromMSIRange
                0x08002cc8       0x8c ./Drivers/STM32L4xx_HAL_Driver/Src/stm32l4xx_hal_rcc.o
 .text.HAL_RCC_GetSysClockFreq
                0x08002d54       0xa4 ./Drivers/STM32L4xx_HAL_Driver/Src/stm32l4xx_hal_rcc.o
                0x08002d54                HAL_RCC_GetSysClockFreq
 .text.HAL_RCC_OscConfig
                0x08002df8      0x5d0 ./Drivers/STM32L4xx_HAL_Driver/Src/stm32l4xx_hal_rcc.o
                0x08002df8                HAL_RCC_OscConfig
 .text.HAL_RCC_ClockConfig
                0x080033c8      0x16c ./Drivers/STM32L4xx_HAL_Driver/Src/stm32l4xx_hal_rcc.o
                0x080033c8                HAL_RCC_ClockConfig
 .text.HAL_RCC_GetPCLK1Freq
                0x08003534       0x24 ./Drivers/STM32L4xx_HAL_Driver/Src/stm32l4xx_hal_rcc.o
                0x08003534                HAL_RCC_GetPCLK1Freq
 .text.HAL_RCC_GetPCLK2Freq
                0x08003558       0x24 ./Drivers/STM32L4xx_HAL_Driver/Src/stm32l4xx_hal_rcc.o
                0x08003558                HAL_RCC_GetPCLK2Freq
 .text.HAL_RCC_EnableCSS
                0x0800357c       0x10 ./Drivers/STM32L4xx_HAL_Driver/Src/stm32l4xx_hal_rcc.o
                0x0800357c                HAL_RCC_EnableCSS
 .text.HAL_RCC_CSSCallback
                0x0800358c        0x4 ./Drivers/STM32L4xx_HAL_Driver/Src/stm32l4xx_hal_rcc.o
                0x0800358c                HAL_RCC_CSSCallback
 .text.HAL_RCC_NMI_IRQHandler
                0x08003590       0x1c ./Drivers/STM32L4xx_HAL_Driver/Src/stm32l4xx_hal_rcc.o
                0x08003590                HAL_RCC_NMI_IRQHandler
 .text.RCCEx_PLLSAI1_Config
                0x080035ac      0x11c ./Drivers/STM32L4xx_HAL_Driver/Src/stm32l4xx_hal_rcc_ex.o
 .text.RCCEx_PLLSAI2_Config
                0x080036c8      0x100 ./Drivers/STM32L4xx_HAL_Driver/Src/stm32l4xx_hal_rcc_ex.o
 .text.HAL_RCCEx_PeriphCLKConfig
                0x080037c8      0x418 ./Drivers/STM32L4xx_HAL_Driver/Src/stm32l4xx_hal_rcc_ex.o
                0x080037c8                HAL_RCCEx_PeriphCLKConfig
 .text.HAL_TIM_Base_Start_IT
                0x08003be0       0x7c ./Drivers/STM32L4xx_HAL_Driver/Src/stm32l4xx_hal_tim.o
                0x08003be0                HAL_TIM_Base_Start_IT
 .text.HAL_TIM_ConfigClockSource
                0x08003c5c      0x154 ./Drivers/STM32L4xx_HAL_Driver/Src/stm32l4xx_hal_tim.o
                0x08003c5c                HAL_TIM_ConfigClockSource
 .text.HAL_TIM_OC_DelayElapsedCallback
                0x08003db0        0x4 ./Drivers/STM32L4xx_HAL_Driver/Src/stm32l4xx_hal_tim.o
                0x08003db0                HAL_TIM_OC_DelayElapsedCallback
 .text.HAL_TIM_IC_CaptureCallback
                0x08003db4        0x4 ./Drivers/STM32L4xx_HAL_Driver/Src/stm32l4xx_hal_tim.o
                0x08003db4                HAL_TIM_IC_CaptureCallback
 .text.HAL_TIM_PWM_PulseFinishedCallback
                0x08003db8        0x4 ./Drivers/STM32L4xx_HAL_Driver/Src/stm32l4xx_hal_tim.o
                0x08003db8                HAL_TIM_PWM_PulseFinishedCallback
 .text.HAL_TIM_TriggerCallback
                0x08003dbc        0x4 ./Drivers/STM32L4xx_HAL_Driver/Src/stm32l4xx_hal_tim.o
                0x08003dbc                HAL_TIM_TriggerCallback
 .text.HAL_TIM_IRQHandler
                0x08003dc0      0x154 ./Drivers/STM32L4xx_HAL_Driver/Src/stm32l4xx_hal_tim.o
                0x08003dc0                HAL_TIM_IRQHandler
 .text.TIM_Base_SetConfig
                0x08003f14       0xe0 ./Drivers/STM32L4xx_HAL_Driver/Src/stm32l4xx_hal_tim.o
                0x08003f14                TIM_Base_SetConfig
 .text.HAL_TIM_Base_Init
                0x08003ff4       0x64 ./Drivers/STM32L4xx_HAL_Driver/Src/stm32l4xx_hal_tim.o
                0x08003ff4                HAL_TIM_Base_Init
 .text.HAL_TIMEx_MasterConfigSynchronization
                0x08004058       0xa0 ./Drivers/STM32L4xx_HAL_Driver/Src/stm32l4xx_hal_tim_ex.o
                0x08004058                HAL_TIMEx_MasterConfigSynchronization
 .text.HAL_TIMEx_CommutCallback
                0x080040f8        0x4 ./Drivers/STM32L4xx_HAL_Driver/Src/stm32l4xx_hal_tim_ex.o
                0x080040f8                HAL_TIMEx_CommutCallback
 .text.HAL_TIMEx_BreakCallback
                0x080040fc        0x4 ./Drivers/STM32L4xx_HAL_Driver/Src/stm32l4xx_hal_tim_ex.o
                0x080040fc                HAL_TIMEx_BreakCallback
 .text.HAL_TIMEx_Break2Callback
                0x08004100        0x4 ./Drivers/STM32L4xx_HAL_Driver/Src/stm32l4xx_hal_tim_ex.o
                0x08004100                HAL_TIMEx_Break2Callback
 .text.UART_EndRxTransfer
                0x08004104       0x60 ./Drivers/STM32L4xx_HAL_Driver/Src/stm32l4xx_hal_uart.o
 .text.HAL_UART_AbortTransmit
                0x08004164       0x68 ./Drivers/STM32L4xx_HAL_Driver/Src/stm32l4xx_hal_uart.o
                0x08004164                HAL_UART_AbortTransmit
 .text.HAL_UART_TxCpltCallback
                0x080041cc        0x4 ./Drivers/STM32L4xx_HAL_Driver/Src/stm32l4xx_hal_uart.o
                0x080041cc                HAL_UART_TxCpltCallback
 .text.UART_DMAAbortOnError
                0x080041d0       0x14 ./Drivers/STM32L4xx_HAL_Driver/Src/stm32l4xx_hal_uart.o
 .text.HAL_UART_AbortReceiveCpltCallback
                0x080041e4        0x4 ./Drivers/STM32L4xx_HAL_Driver/Src/stm32l4xx_hal_uart.o
                0x080041e4                HAL_UART_AbortReceiveCpltCallback
 .text.HAL_UART_AbortReceive_IT
                0x080041e8       0xd8 ./Drivers/STM32L4xx_HAL_Driver/Src/stm32l4xx_hal_uart.o
                0x080041e8                HAL_UART_AbortReceive_IT
 .text.UART_DMARxOnlyAbortCallback
                0x080042c0       0x28 ./Drivers/STM32L4xx_HAL_Driver/Src/stm32l4xx_hal_uart.o
 .text.HAL_UARTEx_RxEventCallback
                0x080042e8        0x4 ./Drivers/STM32L4xx_HAL_Driver/Src/stm32l4xx_hal_uart.o
                0x080042e8                HAL_UARTEx_RxEventCallback
 .text.HAL_UART_IRQHandler
                0x080042ec      0x340 ./Drivers/STM32L4xx_HAL_Driver/Src/stm32l4xx_hal_uart.o
                0x080042ec                HAL_UART_IRQHandler
 .text.UART_RxISR_8BIT
                0x0800462c       0xdc ./Drivers/STM32L4xx_HAL_Driver/Src/stm32l4xx_hal_uart.o
 .text.UART_RxISR_16BIT
                0x08004708       0xdc ./Drivers/STM32L4xx_HAL_Driver/Src/stm32l4xx_hal_uart.o
 .text.UART_SetConfig
                0x080047e4      0x234 ./Drivers/STM32L4xx_HAL_Driver/Src/stm32l4xx_hal_uart.o
                0x080047e4                UART_SetConfig
 .text.UART_AdvFeatureConfig
                0x08004a18       0xb0 ./Drivers/STM32L4xx_HAL_Driver/Src/stm32l4xx_hal_uart.o
                0x08004a18                UART_AdvFeatureConfig
 .text.UART_WaitOnFlagUntilTimeout
                0x08004ac8       0xb4 ./Drivers/STM32L4xx_HAL_Driver/Src/stm32l4xx_hal_uart.o
                0x08004ac8                UART_WaitOnFlagUntilTimeout
 .text.UART_CheckIdleState
                0x08004b7c       0xb8 ./Drivers/STM32L4xx_HAL_Driver/Src/stm32l4xx_hal_uart.o
                0x08004b7c                UART_CheckIdleState
 .text.HAL_UART_Init
                0x08004c34       0x64 ./Drivers/STM32L4xx_HAL_Driver/Src/stm32l4xx_hal_uart.o
                0x08004c34                HAL_UART_Init
 .text.UART_Start_Receive_IT
                0x08004c98       0xcc ./Drivers/STM32L4xx_HAL_Driver/Src/stm32l4xx_hal_uart.o
                0x08004c98                UART_Start_Receive_IT
 .text.HAL_UART_Receive_IT
                0x08004d64       0x44 ./Drivers/STM32L4xx_HAL_Driver/Src/stm32l4xx_hal_uart.o
                0x08004d64                HAL_UART_Receive_IT
 .text.HAL_UARTEx_WakeupCallback
                0x08004da8        0x4 ./Drivers/STM32L4xx_HAL_Driver/Src/stm32l4xx_hal_uart_ex.o
                0x08004da8                HAL_UARTEx_WakeupCallback
 .text.uart1_txq_drain_blocking
                0x08004dac       0x48 ./wares/port/rtklib_port.o
 .text.rtklib_port_allocator_reset
                0x08004df4        0x4 ./wares/port/rtklib_port.o
                0x08004df4                rtklib_port_allocator_reset
 .text.rtklib_malloc
                0x08004df8        0x8 ./wares/port/rtklib_port.o
                0x08004df8                rtklib_malloc
 .text.rtklib_calloc
                0x08004e00        0xc ./wares/port/rtklib_port.o
                0x08004e00                rtklib_calloc
 .text.rtklib_free
                0x08004e0c        0x4 ./wares/port/rtklib_port.o
                0x08004e0c                rtklib_free
 .text.rtklib_port_uart2_send
                0x08004e10       0x28 ./wares/port/rtklib_port.o
                0x08004e10                rtklib_port_uart2_send
 .text.rtklib_port_debug_send
                0x08004e38       0x28 ./wares/port/rtklib_port.o
                0x08004e38                rtklib_port_debug_send
 .text.rtklib_port_uart1_send
                0x08004e60       0x68 ./wares/port/rtklib_port.o
                0x08004e60                rtklib_port_uart1_send
 .text._write   0x08004ec8        0x8 ./wares/port/rtklib_port.o
                0x08004ec8                _write
 .text.rtklib_serial_reset_usart1_ring
                0x08004ed0       0x38 ./wares/port/rtklib_serial.o
                0x08004ed0                rtklib_serial_reset_usart1_ring
 .text.rtklib_serial_set_read_port
                0x08004f08       0x10 ./wares/port/rtklib_serial.o
                0x08004f08                rtklib_serial_set_read_port
 .text.rtklib_serial_feed_usart1_isr
                0x08004f18       0x80 ./wares/port/rtklib_serial.o
                0x08004f18                rtklib_serial_feed_usart1_isr
 .text.rtklib_serial_feed_usart3_isr
                0x08004f98       0x50 ./wares/port/rtklib_serial.o
                0x08004f98                rtklib_serial_feed_usart3_isr
 .text.rtklib_serial_get_rx1_total
                0x08004fe8        0xc ./wares/port/rtklib_serial.o
                0x08004fe8                rtklib_serial_get_rx1_total
 .text.rtklib_serial_get_rx2_total
                0x08004ff4        0xc ./wares/port/rtklib_serial.o
                0x08004ff4                rtklib_serial_get_rx2_total
 .text.rtklib_serial_get_ubx_sync_total
                0x08005000        0xc ./wares/port/rtklib_serial.o
                0x08005000                rtklib_serial_get_ubx_sync_total
 .text.rtklib_serial_get_rtcm_preamble_total
                0x0800500c        0xc ./wares/port/rtklib_serial.o
                0x0800500c                rtklib_serial_get_rtcm_preamble_total
 .text.rtklib_serial_get_rtcm_preamble_uart1_total
                0x08005018        0xc ./wares/port/rtklib_serial.o
                0x08005018                rtklib_serial_get_rtcm_preamble_uart1_total
 .text.rtklib_uart_read
                0x08005024       0xc4 ./wares/port/rtklib_serial.o
                0x08005024                rtklib_uart_read
 .text.rtklib_get_gpst_seconds
                0x080050e8       0x1c ./wares/port/rtklib_time.o
                0x080050e8                rtklib_get_gpst_seconds
 .text.rtklib_delay_ms
                0x08005104        0x4 ./wares/port/rtklib_time.o
                0x08005104                rtklib_delay_ms
 .text.satantoff
                0x08005108       0x28 ./wares/src/datum.o
                0x08005108                satantoff
 .text.sbssatcorr
                0x08005130       0x24 ./wares/src/datum.o
                0x08005130                sbssatcorr
 .text.peph2pos
                0x08005154       0x24 ./wares/src/datum.o
                0x08005154                peph2pos
 .text.iontec   0x08005178       0x30 ./wares/src/datum.o
                0x08005178                iontec
 .text.sbsioncorr
                0x080051a8       0x30 ./wares/src/datum.o
                0x080051a8                sbsioncorr
 .text.sbstropcorr
                0x080051d8       0x30 ./wares/src/datum.o
                0x080051d8                sbstropcorr
 .text.tidedisp
                0x08005208       0x28 ./wares/src/datum.o
                0x08005208                tidedisp
 .text.pppoutstat
                0x08005230        0xc ./wares/src/datum.o
                0x08005230                pppoutstat
 .text.pppnx    0x0800523c        0x4 ./wares/src/datum.o
                0x0800523c                pppnx
 .text.pppos    0x08005240        0x4 ./wares/src/datum.o
                0x08005240                pppos
 .text.decode_frame
                0x08005244        0x4 ./wares/src/datum.o
                0x08005244                decode_frame
 .text.test_glostr
                0x08005248        0x4 ./wares/src/datum.o
                0x08005248                test_glostr
 .text.decode_glostr
                0x0800524c        0x4 ./wares/src/datum.o
                0x0800524c                decode_glostr
 .text.decode_bds_d1
                0x08005250        0x4 ./wares/src/datum.o
                0x08005250                decode_bds_d1
 .text.decode_bds_d2
                0x08005254        0x4 ./wares/src/datum.o
                0x08005254                decode_bds_d2
 .text.decode_gal_inav
                0x08005258        0x4 ./wares/src/datum.o
                0x08005258                decode_gal_inav
 .text.sbsdecodemsg
                0x0800525c       0x10 ./wares/src/datum.o
                0x0800525c                sbsdecodemsg
 *fill*         0x0800526c        0x4 
 .text.selgeph  0x08005270      0x14c ./wares/src/ephemeris.o
 *fill*         0x080053bc        0x4 
 .text.selseph  0x080053c0       0xfc ./wares/src/ephemeris.o
 *fill*         0x080054bc        0x4 
 .text.seleph   0x080054c0      0x1dc ./wares/src/ephemeris.o
 *fill*         0x0800569c        0x4 
 .text.deq      0x080056a0      0x1d0 ./wares/src/ephemeris.o
 .text.eph2clk  0x08005870      0x124 ./wares/src/ephemeris.o
                0x08005870                eph2clk
 *fill*         0x08005994        0x4 
 .text.eph2pos  0x08005998      0x94c ./wares/src/ephemeris.o
                0x08005998                eph2pos
 .text.geph2clk
                0x080062e4       0xa0 ./wares/src/ephemeris.o
                0x080062e4                geph2clk
 *fill*         0x08006384        0x4 
 .text.geph2pos
                0x08006388      0x2d8 ./wares/src/ephemeris.o
                0x08006388                geph2pos
 .text.seph2clk
                0x08006660       0xac ./wares/src/ephemeris.o
                0x08006660                seph2clk
 .text.ephclk   0x0800670c       0xf0 ./wares/src/ephemeris.o
 .text.seph2pos
                0x080067fc       0xf4 ./wares/src/ephemeris.o
                0x080067fc                seph2pos
 .text.ephpos   0x080068f0      0x204 ./wares/src/ephemeris.o
 *fill*         0x08006af4        0x4 
 .text.satpos_ssr.constprop.0
                0x08006af8      0x6a0 ./wares/src/ephemeris.o
 .text.satpos   0x08007198      0x1a0 ./wares/src/ephemeris.o
                0x08007198                satpos
 .text.satposs  0x08007338      0x2e8 ./wares/src/ephemeris.o
                0x08007338                satposs
 .text.getseleph
                0x08007620       0x68 ./wares/src/ephemeris.o
                0x08007620                getseleph
 .text.LD       0x08007688      0x16c ./wares/src/lambda.o
 *fill*         0x080077f4        0x4 
 .text.reduction
                0x080077f8      0x2ec ./wares/src/lambda.o
 *fill*         0x08007ae4        0x4 
 .text.search   0x08007ae8      0x50c ./wares/src/lambda.o
 *fill*         0x08007ff4        0x4 
 .text.lambda   0x08007ff8       0xf8 ./wares/src/lambda.o
                0x08007ff8                lambda
 .text.gettgd   0x080080f0       0xb0 ./wares/src/pntpos.o
 .text.ionocorr
                0x080081a0      0x164 ./wares/src/pntpos.o
                0x080081a0                ionocorr
 *fill*         0x08008304        0x4 
 .text.tropcorr
                0x08008308      0x138 ./wares/src/pntpos.o
                0x08008308                tropcorr
 .text.estpos   0x08008440      0xfec ./wares/src/pntpos.o
 *fill*         0x0800942c        0x4 
 .text.pntpos   0x08009430      0x9dc ./wares/src/pntpos.o
                0x08009430                pntpos
 *fill*         0x08009e0c        0x4 
 .text.init_raw
                0x08009e10      0x1bc ./wares/src/rcvraw.o
                0x08009e10                init_raw
 *fill*         0x08009fcc        0x4 
 .text.init_rtcm
                0x08009fd0      0x270 ./wares/src/rtcm.o
                0x08009fd0                init_rtcm
 .text.input_rtcm3
                0x0800a240       0xb0 ./wares/src/rtcm.o
                0x0800a240                input_rtcm3
 .text.obsindex
                0x0800a2f0       0x84 ./wares/src/rtcm3.o
 *fill*         0x0800a374        0x4 
 .text.adjweek  0x0800a378       0xd8 ./wares/src/rtcm3.o
 .text.test_staid
                0x0800a450       0x78 ./wares/src/rtcm3.o
 .text.decode_head1001
                0x0800a4c8      0x10c ./wares/src/rtcm3.o
 .text.decode_type1008
                0x0800a5d4      0x164 ./wares/src/rtcm3.o
 .text.adjday_glot
                0x0800a738      0x178 ./wares/src/rtcm3.o
 .text.decode_head1009
                0x0800a8b0      0x10c ./wares/src/rtcm3.o
 *fill*         0x0800a9bc        0x4 
 .text.decode_msm_head
                0x0800a9c0      0x2b0 ./wares/src/rtcm3.o
 .text.decode_type1019
                0x0800ac70      0x618 ./wares/src/rtcm3.o
 .text.decode_type1041
                0x0800b288      0x598 ./wares/src/rtcm3.o
 .text.decode_type1044
                0x0800b820      0x600 ./wares/src/rtcm3.o
 .text.decode_type1042
                0x0800be20      0x6d0 ./wares/src/rtcm3.o
 .text.save_msm_obs
                0x0800c4f0      0x838 ./wares/src/rtcm3.o
 .text.decode_msm4
                0x0800cd28      0x350 ./wares/src/rtcm3.o
 .text.decode_msm5
                0x0800d078      0x478 ./wares/src/rtcm3.o
 .text.decode_msm6
                0x0800d4f0      0x358 ./wares/src/rtcm3.o
 .text.decode_msm7
                0x0800d848      0x488 ./wares/src/rtcm3.o
 .text.decode_ssr_epoch
                0x0800dcd0       0x64 ./wares/src/rtcm3.o
 .text.decode_ssr2_head
                0x0800dd34      0x14c ./wares/src/rtcm3.o
 .text.decode_ssr2
                0x0800de80      0x238 ./wares/src/rtcm3.o
 .text.decode_ssr3
                0x0800e0b8      0x2c4 ./wares/src/rtcm3.o
 .text.decode_ssr5
                0x0800e37c      0x1a8 ./wares/src/rtcm3.o
 *fill*         0x0800e524        0x4 
 .text.decode_ssr6
                0x0800e528      0x1c0 ./wares/src/rtcm3.o
 .text.decode_ssr7
                0x0800e6e8      0x4a4 ./wares/src/rtcm3.o
 .text.decode_ssr1_head.constprop.0
                0x0800eb8c      0x1c4 ./wares/src/rtcm3.o
 .text.decode_ssr4
                0x0800ed50      0x420 ./wares/src/rtcm3.o
 .text.decode_ssr1
                0x0800f170      0x378 ./wares/src/rtcm3.o
 .text.decode_type1010
                0x0800f4e8      0x384 ./wares/src/rtcm3.o
 *fill*         0x0800f86c        0x4 
 .text.decode_type1002
                0x0800f870      0x364 ./wares/src/rtcm3.o
 *fill*         0x0800fbd4        0x4 
 .text.decode_type1012
                0x0800fbd8      0x5a4 ./wares/src/rtcm3.o
 *fill*         0x0801017c        0x4 
 .text.decode_type1004
                0x08010180      0x5a4 ./wares/src/rtcm3.o
 *fill*         0x08010724        0x4 
 .text.decode_type1005
                0x08010728      0x1e8 ./wares/src/rtcm3.o
 .text.decode_type1006
                0x08010910      0x218 ./wares/src/rtcm3.o
 .text.decode_type1020
                0x08010b28      0x73c ./wares/src/rtcm3.o
 *fill*         0x08011264        0x4 
 .text.decode_rtcm3
                0x08011268     0x2130 ./wares/src/rtcm3.o
                0x08011268                decode_rtcm3
 .text.interpc  0x08013398       0x90 ./wares/src/rtkcmn.o
 .text.fatalerr
                0x08013428       0x30 ./wares/src/rtkcmn.o
 .text.cmpobs   0x08013458       0x78 ./wares/src/rtkcmn.o
 .text.repstr   0x080134d0       0x80 ./wares/src/rtkcmn.o
 .text.satno    0x08013550       0x18 ./wares/src/rtkcmn.o
                0x08013550                satno
 .text.satsys   0x08013568       0x14 ./wares/src/rtkcmn.o
                0x08013568                satsys
 .text.satno2id
                0x0801357c       0x1c ./wares/src/rtkcmn.o
                0x0801357c                satno2id
 .text.satexclude
                0x08013598       0x58 ./wares/src/rtkcmn.o
                0x08013598                satexclude
 .text.testsnr  0x080135f0       0xe4 ./wares/src/rtkcmn.o
                0x080135f0                testsnr
 .text.obs2code
                0x080136d4       0x30 ./wares/src/rtkcmn.o
                0x080136d4                obs2code
 .text.code2idx
                0x08013704      0x194 ./wares/src/rtkcmn.o
                0x08013704                code2idx
 .text.code2freq
                0x08013898      0x28c ./wares/src/rtkcmn.o
                0x08013898                code2freq
 *fill*         0x08013b24        0x4 
 .text.sat2freq
                0x08013b28       0x5c ./wares/src/rtkcmn.o
                0x08013b28                sat2freq
 .text.getcodepri
                0x08013b84      0x118 ./wares/src/rtkcmn.o
                0x08013b84                getcodepri
 .text.getbitu  0x08013c9c       0x48 ./wares/src/rtkcmn.o
                0x08013c9c                getbitu
 .text.getbits  0x08013ce4       0x6c ./wares/src/rtkcmn.o
                0x08013ce4                getbits
 .text.setbitu  0x08013d50       0x5c ./wares/src/rtkcmn.o
                0x08013d50                setbitu
 .text.rtk_crc24q
                0x08013dac       0x38 ./wares/src/rtkcmn.o
                0x08013dac                rtk_crc24q
 .text.mat      0x08013de4       0x2c ./wares/src/rtkcmn.o
                0x08013de4                mat
 .text.imat     0x08013e10       0x2c ./wares/src/rtkcmn.o
                0x08013e10                imat
 .text.zeros    0x08013e3c       0x2c ./wares/src/rtkcmn.o
                0x08013e3c                zeros
 .text.eye      0x08013e68       0x4c ./wares/src/rtkcmn.o
                0x08013e68                eye
 .text.dot      0x08013eb4       0x4c ./wares/src/rtkcmn.o
                0x08013eb4                dot
 .text.norm     0x08013f00       0x4c ./wares/src/rtkcmn.o
                0x08013f00                norm
 .text.cross3   0x08013f4c       0x94 ./wares/src/rtkcmn.o
                0x08013f4c                cross3
 .text.normv3   0x08013fe0       0xac ./wares/src/rtkcmn.o
                0x08013fe0                normv3
 .text.matcpy   0x0801408c        0xc ./wares/src/rtkcmn.o
                0x0801408c                matcpy
 .text.matmul   0x08014098      0x218 ./wares/src/rtkcmn.o
                0x08014098                matmul
 .text.matinv   0x080142b0      0x548 ./wares/src/rtkcmn.o
                0x080142b0                matinv
 .text.solve    0x080147f8       0x9c ./wares/src/rtkcmn.o
                0x080147f8                solve
 *fill*         0x08014894        0x4 
 .text.lsq      0x08014898       0xcc ./wares/src/rtkcmn.o
                0x08014898                lsq
 *fill*         0x08014964        0x4 
 .text.filter   0x08014968      0x3fc ./wares/src/rtkcmn.o
                0x08014968                filter
 .text.epoch2time
                0x08014d64      0x108 ./wares/src/rtkcmn.o
                0x08014d64                epoch2time
 .text.time2epoch
                0x08014e6c      0x128 ./wares/src/rtkcmn.o
                0x08014e6c                time2epoch
 *fill*         0x08014f94        0x4 
 .text.gpst2time
                0x08014f98       0xa8 ./wares/src/rtkcmn.o
                0x08014f98                gpst2time
 .text.time2gpst
                0x08015040       0x8c ./wares/src/rtkcmn.o
                0x08015040                time2gpst
 *fill*         0x080150cc        0x4 
 .text.bdt2time
                0x080150d0       0xa8 ./wares/src/rtkcmn.o
                0x080150d0                bdt2time
 .text.time2bdt
                0x08015178       0x8c ./wares/src/rtkcmn.o
                0x08015178                time2bdt
 .text.timeadd  0x08015204       0x64 ./wares/src/rtkcmn.o
                0x08015204                timeadd
 .text.timediff
                0x08015268       0x34 ./wares/src/rtkcmn.o
                0x08015268                timediff
 .text.gpst2utc
                0x0801529c       0xe8 ./wares/src/rtkcmn.o
                0x0801529c                gpst2utc
 *fill*         0x08015384        0x4 
 .text.timeget  0x08015388       0xd0 ./wares/src/rtkcmn.o
                0x08015388                timeget
 .text.utc2gpst
                0x08015458       0xec ./wares/src/rtkcmn.o
                0x08015458                utc2gpst
 .text.gpst2bdt
                0x08015544       0x68 ./wares/src/rtkcmn.o
                0x08015544                gpst2bdt
 .text.bdt2gpst
                0x080155ac       0x68 ./wares/src/rtkcmn.o
                0x080155ac                bdt2gpst
 *fill*         0x08015614        0x4 
 .text.time2str
                0x08015618       0xe4 ./wares/src/rtkcmn.o
                0x08015618                time2str
 .text.time_str
                0x080156fc       0x28 ./wares/src/rtkcmn.o
                0x080156fc                time_str
 *fill*         0x08015724        0x4 
 .text.time2doy
                0x08015728       0x94 ./wares/src/rtkcmn.o
                0x08015728                time2doy
 *fill*         0x080157bc        0x4 
 .text.nmf      0x080157c0      0x354 ./wares/src/rtkcmn.o
 .text.adjgpsweek
                0x08015b14       0x70 ./wares/src/rtkcmn.o
                0x08015b14                adjgpsweek
 *fill*         0x08015b84        0x4 
 .text.ecef2pos
                0x08015b88      0x1e4 ./wares/src/rtkcmn.o
                0x08015b88                ecef2pos
 .text.xyz2enu  0x08015d6c       0xe4 ./wares/src/rtkcmn.o
                0x08015d6c                xyz2enu
 .text.ecef2enu
                0x08015e50       0x44 ./wares/src/rtkcmn.o
                0x08015e50                ecef2enu
 *fill*         0x08015e94        0x4 
 .text.covecef  0x08015e98       0x88 ./wares/src/rtkcmn.o
                0x08015e98                covecef
 .text.sortobs  0x08015f20      0x16c ./wares/src/rtkcmn.o
                0x08015f20                sortobs
 .text.trace    0x0801608c        0x8 ./wares/src/rtkcmn.o
                0x0801608c                trace
 .text.tracemat
                0x08016094        0x4 ./wares/src/rtkcmn.o
                0x08016094                tracemat
 .text.traceobs
                0x08016098        0x4 ./wares/src/rtkcmn.o
                0x08016098                traceobs
 .text.traceb   0x0801609c        0x4 ./wares/src/rtkcmn.o
                0x0801609c                traceb
 .text.reppath  0x080160a0      0x504 ./wares/src/rtkcmn.o
                0x080160a0                reppath
 *fill*         0x080165a4        0x4 
 .text.geodist  0x080165a8      0x160 ./wares/src/rtkcmn.o
                0x080165a8                geodist
 .text.satazel  0x08016708      0x114 ./wares/src/rtkcmn.o
                0x08016708                satazel
 *fill*         0x0801681c        0x4 
 .text.dops     0x08016820      0x2a4 ./wares/src/rtkcmn.o
                0x08016820                dops
 *fill*         0x08016ac4        0x4 
 .text.ionmodel
                0x08016ac8      0x518 ./wares/src/rtkcmn.o
                0x08016ac8                ionmodel
 .text.ionmapf  0x08016fe0       0xa4 ./wares/src/rtkcmn.o
                0x08016fe0                ionmapf
 *fill*         0x08017084        0x4 
 .text.tropmodel
                0x08017088      0x2c0 ./wares/src/rtkcmn.o
                0x08017088                tropmodel
 .text.tropmapf
                0x08017348       0x78 ./wares/src/rtkcmn.o
                0x08017348                tropmapf
 .text.antmodel
                0x080173c0      0x194 ./wares/src/rtkcmn.o
                0x080173c0                antmodel
 *fill*         0x08017554        0x4 
 .text.sdobs    0x08017558       0x70 ./wares/src/rtkpos.o
 .text.initx    0x080175c8       0x68 ./wares/src/rtkpos.o
 .text.validobs
                0x08017630       0x90 ./wares/src/rtkpos.o
 .text.test_sys
                0x080176c0       0x7c ./wares/src/rtkpos.o
 .text.errmsg   0x0801773c       0x88 ./wares/src/rtkpos.o
 *fill*         0x080177c4        0x4 
 .text.holdamb  0x080177c8      0x278 ./wares/src/rtkpos.o
 .text.udpos    0x08017a40      0x4fc ./wares/src/rtkpos.o
 *fill*         0x08017f3c        0x4 
 .text.detslp_ll
                0x08017f40      0x178 ./wares/src/rtkpos.o
 .text.zdres    0x080180b8      0x724 ./wares/src/rtkpos.o
 .text.prectrop
                0x080187dc      0x17c ./wares/src/rtkpos.o
 .text.valpos.constprop.0.isra.0
                0x08018958      0x108 ./wares/src/rtkpos.o
 .text.varerr.isra.0
                0x08018a60      0x188 ./wares/src/rtkpos.o
 .text.ddres.isra.0
                0x08018be8      0xefc ./wares/src/rtkpos.o
 *fill*         0x08019ae4        0x4 
 .text.rtkoutstat
                0x08019ae8      0x580 ./wares/src/rtkpos.o
                0x08019ae8                rtkoutstat
 .text.outsolstat
                0x0801a068      0x288 ./wares/src/rtkpos.o
 .text.rtkinit  0x0801a2f0      0x1a4 ./wares/src/rtkpos.o
                0x0801a2f0                rtkinit
 *fill*         0x0801a494        0x4 
 .text.rtkpos   0x0801a498     0x2aec ./wares/src/rtkpos.o
                0x0801a498                rtkpos
 .text.decode_eph
                0x0801cf84       0xfc ./wares/src/ublox.o
 .text.decode_nav
                0x0801d080      0x294 ./wares/src/ublox.o
 .text.decode_cnav
                0x0801d314      0x288 ./wares/src/ublox.o
 *fill*         0x0801d59c        0x4 
 .text.decode_snav
                0x0801d5a0       0xdc ./wares/src/ublox.o
 .text.decode_gnav
                0x0801d67c      0x1c0 ./wares/src/ublox.o
 *fill*         0x0801d83c        0x4 
 .text.decode_enav
                0x0801d840      0x3dc ./wares/src/ublox.o
 *fill*         0x0801dc1c        0x4 
 .text.decode_ubx.constprop.0
                0x0801dc20     0x1eac ./wares/src/ublox.o
 .text.input_ubx
                0x0801facc       0x98 ./wares/src/ublox.o
                0x0801facc                input_ubx
 .text.gen_ubx  0x0801fb64      0xae0 ./wares/src/ublox.o
                0x0801fb64                gen_ubx
 .text.asin     0x08020644       0x68 D:/ST/STM32CubeIDE_2.1.0/STM32CubeIDE/plugins/com.st.stm32cube.ide.mcu.externaltools.gnu-tools-for-stm32.14.3.rel1.win32_1.0.100.202602081740/tools/bin/../lib/gcc/arm-none-eabi/14.3.1/../../../../arm-none-eabi/lib/thumb/v7e-m+fp/hard\libm.a(libm_a-w_asin.o)
                0x08020644                asin
 .text.atan2    0x080206ac        0x4 D:/ST/STM32CubeIDE_2.1.0/STM32CubeIDE/plugins/com.st.stm32cube.ide.mcu.externaltools.gnu-tools-for-stm32.14.3.rel1.win32_1.0.100.202602081740/tools/bin/../lib/gcc/arm-none-eabi/14.3.1/../../../../arm-none-eabi/lib/thumb/v7e-m+fp/hard\libm.a(libm_a-w_atan2.o)
                0x080206ac                atan2
 .text.exp      0x080206b0       0xa0 D:/ST/STM32CubeIDE_2.1.0/STM32CubeIDE/plugins/com.st.stm32cube.ide.mcu.externaltools.gnu-tools-for-stm32.14.3.rel1.win32_1.0.100.202602081740/tools/bin/../lib/gcc/arm-none-eabi/14.3.1/../../../../arm-none-eabi/lib/thumb/v7e-m+fp/hard\libm.a(libm_a-w_exp.o)
                0x080206b0                exp
 .text.fmod     0x08020750       0x6c D:/ST/STM32CubeIDE_2.1.0/STM32CubeIDE/plugins/com.st.stm32cube.ide.mcu.externaltools.gnu-tools-for-stm32.14.3.rel1.win32_1.0.100.202602081740/tools/bin/../lib/gcc/arm-none-eabi/14.3.1/../../../../arm-none-eabi/lib/thumb/v7e-m+fp/hard\libm.a(libm_a-w_fmod.o)
                0x08020750                fmod
 *fill*         0x080207bc        0x4 
 .text.pow      0x080207c0       0xf0 D:/ST/STM32CubeIDE_2.1.0/STM32CubeIDE/plugins/com.st.stm32cube.ide.mcu.externaltools.gnu-tools-for-stm32.14.3.rel1.win32_1.0.100.202602081740/tools/bin/../lib/gcc/arm-none-eabi/14.3.1/../../../../arm-none-eabi/lib/thumb/v7e-m+fp/hard\libm.a(libm_a-w_pow.o)
                0x080207c0                pow
 .text.sqrt     0x080208b0       0x68 D:/ST/STM32CubeIDE_2.1.0/STM32CubeIDE/plugins/com.st.stm32cube.ide.mcu.externaltools.gnu-tools-for-stm32.14.3.rel1.win32_1.0.100.202602081740/tools/bin/../lib/gcc/arm-none-eabi/14.3.1/../../../../arm-none-eabi/lib/thumb/v7e-m+fp/hard\libm.a(libm_a-w_sqrt.o)
                0x080208b0                sqrt
 .text.atan     0x08020918      0x358 D:/ST/STM32CubeIDE_2.1.0/STM32CubeIDE/plugins/com.st.stm32cube.ide.mcu.externaltools.gnu-tools-for-stm32.14.3.rel1.win32_1.0.100.202602081740/tools/bin/../lib/gcc/arm-none-eabi/14.3.1/../../../../arm-none-eabi/lib/thumb/v7e-m+fp/hard\libm.a(libm_a-s_atan.o)
                0x08020918                atan
 .text.cos      0x08020c70       0x88 D:/ST/STM32CubeIDE_2.1.0/STM32CubeIDE/plugins/com.st.stm32cube.ide.mcu.externaltools.gnu-tools-for-stm32.14.3.rel1.win32_1.0.100.202602081740/tools/bin/../lib/gcc/arm-none-eabi/14.3.1/../../../../arm-none-eabi/lib/thumb/v7e-m+fp/hard\libm.a(libm_a-s_cos.o)
                0x08020c70                cos
 .text.fabs     0x08020cf8       0x10 D:/ST/STM32CubeIDE_2.1.0/STM32CubeIDE/plugins/com.st.stm32cube.ide.mcu.externaltools.gnu-tools-for-stm32.14.3.rel1.win32_1.0.100.202602081740/tools/bin/../lib/gcc/arm-none-eabi/14.3.1/../../../../arm-none-eabi/lib/thumb/v7e-m+fp/hard\libm.a(libm_a-s_fabs.o)
                0x08020cf8                fabs
 .text.sin      0x08020d08       0x88 D:/ST/STM32CubeIDE_2.1.0/STM32CubeIDE/plugins/com.st.stm32cube.ide.mcu.externaltools.gnu-tools-for-stm32.14.3.rel1.win32_1.0.100.202602081740/tools/bin/../lib/gcc/arm-none-eabi/14.3.1/../../../../arm-none-eabi/lib/thumb/v7e-m+fp/hard\libm.a(libm_a-s_sin.o)
                0x08020d08                sin
 .text.tan      0x08020d90       0x68 D:/ST/STM32CubeIDE_2.1.0/STM32CubeIDE/plugins/com.st.stm32cube.ide.mcu.externaltools.gnu-tools-for-stm32.14.3.rel1.win32_1.0.100.202602081740/tools/bin/../lib/gcc/arm-none-eabi/14.3.1/../../../../arm-none-eabi/lib/thumb/v7e-m+fp/hard\libm.a(libm_a-s_tan.o)
                0x08020d90                tan
 .text.finite   0x08020df8       0x18 D:/ST/STM32CubeIDE_2.1.0/STM32CubeIDE/plugins/com.st.stm32cube.ide.mcu.externaltools.gnu-tools-for-stm32.14.3.rel1.win32_1.0.100.202602081740/tools/bin/../lib/gcc/arm-none-eabi/14.3.1/../../../../arm-none-eabi/lib/thumb/v7e-m+fp/hard\libm.a(libm_a-s_finite.o)
                0x08020df8                finite
 .text.nan      0x08020e10       0x10 D:/ST/STM32CubeIDE_2.1.0/STM32CubeIDE/plugins/com.st.stm32cube.ide.mcu.externaltools.gnu-tools-for-stm32.14.3.rel1.win32_1.0.100.202602081740/tools/bin/../lib/gcc/arm-none-eabi/14.3.1/../../../../arm-none-eabi/lib/thumb/v7e-m+fp/hard\libm.a(libm_a-s_nan.o)
                0x08020e10                nan
 .text.__ieee754_sqrt
                0x08020e20      0x1f0 D:/ST/STM32CubeIDE_2.1.0/STM32CubeIDE/plugins/com.st.stm32cube.ide.mcu.externaltools.gnu-tools-for-stm32.14.3.rel1.win32_1.0.100.202602081740/tools/bin/../lib/gcc/arm-none-eabi/14.3.1/../../../../arm-none-eabi/lib/thumb/v7e-m+fp/hard\libm.a(libm_a-e_sqrt.o)
                0x08020e20                __ieee754_sqrt
 .text.floor    0x08021010      0x108 D:/ST/STM32CubeIDE_2.1.0/STM32CubeIDE/plugins/com.st.stm32cube.ide.mcu.externaltools.gnu-tools-for-stm32.14.3.rel1.win32_1.0.100.202602081740/tools/bin/../lib/gcc/arm-none-eabi/14.3.1/../../../../arm-none-eabi/lib/thumb/v7e-m+fp/hard\libm.a(libm_a-s_floor.o)
                0x08021010                floor
 .text.__kernel_cos
                0x08021118      0x26c D:/ST/STM32CubeIDE_2.1.0/STM32CubeIDE/plugins/com.st.stm32cube.ide.mcu.externaltools.gnu-tools-for-stm32.14.3.rel1.win32_1.0.100.202602081740/tools/bin/../lib/gcc/arm-none-eabi/14.3.1/../../../../arm-none-eabi/lib/thumb/v7e-m+fp/hard\libm.a(libm_a-k_cos.o)
                0x08021118                __kernel_cos
 *fill*         0x08021384        0x4 
 .text.__kernel_sin
                0x08021388      0x184 D:/ST/STM32CubeIDE_2.1.0/STM32CubeIDE/plugins/com.st.stm32cube.ide.mcu.externaltools.gnu-tools-for-stm32.14.3.rel1.win32_1.0.100.202602081740/tools/bin/../lib/gcc/arm-none-eabi/14.3.1/../../../../arm-none-eabi/lib/thumb/v7e-m+fp/hard\libm.a(libm_a-k_sin.o)
                0x08021388                __kernel_sin
 *fill*         0x0802150c        0x4 
 .text.__kernel_tan
                0x08021510      0x414 D:/ST/STM32CubeIDE_2.1.0/STM32CubeIDE/plugins/com.st.stm32cube.ide.mcu.externaltools.gnu-tools-for-stm32.14.3.rel1.win32_1.0.100.202602081740/tools/bin/../lib/gcc/arm-none-eabi/14.3.1/../../../../arm-none-eabi/lib/thumb/v7e-m+fp/hard\libm.a(libm_a-k_tan.o)
                0x08021510                __kernel_tan
 *fill*         0x08021924        0x4 
 .text.__ieee754_asin
                0x08021928      0x47c D:/ST/STM32CubeIDE_2.1.0/STM32CubeIDE/plugins/com.st.stm32cube.ide.mcu.externaltools.gnu-tools-for-stm32.14.3.rel1.win32_1.0.100.202602081740/tools/bin/../lib/gcc/arm-none-eabi/14.3.1/../../../../arm-none-eabi/lib/thumb/v7e-m+fp/hard\libm.a(libm_a-e_asin.o)
                0x08021928                __ieee754_asin
 *fill*         0x08021da4        0x4 
 .text.__ieee754_atan2
                0x08021da8      0x1ac D:/ST/STM32CubeIDE_2.1.0/STM32CubeIDE/plugins/com.st.stm32cube.ide.mcu.externaltools.gnu-tools-for-stm32.14.3.rel1.win32_1.0.100.202602081740/tools/bin/../lib/gcc/arm-none-eabi/14.3.1/../../../../arm-none-eabi/lib/thumb/v7e-m+fp/hard\libm.a(libm_a-e_atan2.o)
                0x08021da8                __ieee754_atan2
 *fill*         0x08021f54        0x4 
 .text.__ieee754_exp
                0x08021f58      0x3a0 D:/ST/STM32CubeIDE_2.1.0/STM32CubeIDE/plugins/com.st.stm32cube.ide.mcu.externaltools.gnu-tools-for-stm32.14.3.rel1.win32_1.0.100.202602081740/tools/bin/../lib/gcc/arm-none-eabi/14.3.1/../../../../arm-none-eabi/lib/thumb/v7e-m+fp/hard\libm.a(libm_a-e_exp.o)
                0x08021f58                __ieee754_exp
 .text.__ieee754_fmod
                0x080222f8      0x3ac D:/ST/STM32CubeIDE_2.1.0/STM32CubeIDE/plugins/com.st.stm32cube.ide.mcu.externaltools.gnu-tools-for-stm32.14.3.rel1.win32_1.0.100.202602081740/tools/bin/../lib/gcc/arm-none-eabi/14.3.1/../../../../arm-none-eabi/lib/thumb/v7e-m+fp/hard\libm.a(libm_a-e_fmod.o)
                0x080222f8                __ieee754_fmod
 *fill*         0x080226a4        0x4 
 .text.__ieee754_pow
                0x080226a8      0xc7c D:/ST/STM32CubeIDE_2.1.0/STM32CubeIDE/plugins/com.st.stm32cube.ide.mcu.externaltools.gnu-tools-for-stm32.14.3.rel1.win32_1.0.100.202602081740/tools/bin/../lib/gcc/arm-none-eabi/14.3.1/../../../../arm-none-eabi/lib/thumb/v7e-m+fp/hard\libm.a(libm_a-e_pow.o)
                0x080226a8                __ieee754_pow
 *fill*         0x08023324        0x4 
 .text.__ieee754_rem_pio2
                0x08023328      0x424 D:/ST/STM32CubeIDE_2.1.0/STM32CubeIDE/plugins/com.st.stm32cube.ide.mcu.externaltools.gnu-tools-for-stm32.14.3.rel1.win32_1.0.100.202602081740/tools/bin/../lib/gcc/arm-none-eabi/14.3.1/../../../../arm-none-eabi/lib/thumb/v7e-m+fp/hard\libm.a(libm_a-e_rem_pio2.o)
                0x08023328                __ieee754_rem_pio2
 *fill*         0x0802374c        0x4 
 .text.scalbn   0x08023750      0x114 D:/ST/STM32CubeIDE_2.1.0/STM32CubeIDE/plugins/com.st.stm32cube.ide.mcu.externaltools.gnu-tools-for-stm32.14.3.rel1.win32_1.0.100.202602081740/tools/bin/../lib/gcc/arm-none-eabi/14.3.1/../../../../arm-none-eabi/lib/thumb/v7e-m+fp/hard\libm.a(libm_a-s_scalbn.o)
                0x08023750                scalbn
 .text.with_errno
                0x08023864       0x24 D:/ST/STM32CubeIDE_2.1.0/STM32CubeIDE/plugins/com.st.stm32cube.ide.mcu.externaltools.gnu-tools-for-stm32.14.3.rel1.win32_1.0.100.202602081740/tools/bin/../lib/gcc/arm-none-eabi/14.3.1/../../../../arm-none-eabi/lib/thumb/v7e-m+fp/hard\libm.a(libm_a-math_err.o)
 .text.xflow    0x08023888       0x34 D:/ST/STM32CubeIDE_2.1.0/STM32CubeIDE/plugins/com.st.stm32cube.ide.mcu.externaltools.gnu-tools-for-stm32.14.3.rel1.win32_1.0.100.202602081740/tools/bin/../lib/gcc/arm-none-eabi/14.3.1/../../../../arm-none-eabi/lib/thumb/v7e-m+fp/hard\libm.a(libm_a-math_err.o)
 *fill*         0x080238bc        0x4 
 .text.__math_uflow
                0x080238c0       0x10 D:/ST/STM32CubeIDE_2.1.0/STM32CubeIDE/plugins/com.st.stm32cube.ide.mcu.externaltools.gnu-tools-for-stm32.14.3.rel1.win32_1.0.100.202602081740/tools/bin/../lib/gcc/arm-none-eabi/14.3.1/../../../../arm-none-eabi/lib/thumb/v7e-m+fp/hard\libm.a(libm_a-math_err.o)
                0x080238c0                __math_uflow
 .text.__math_oflow
                0x080238d0       0x10 D:/ST/STM32CubeIDE_2.1.0/STM32CubeIDE/plugins/com.st.stm32cube.ide.mcu.externaltools.gnu-tools-for-stm32.14.3.rel1.win32_1.0.100.202602081740/tools/bin/../lib/gcc/arm-none-eabi/14.3.1/../../../../arm-none-eabi/lib/thumb/v7e-m+fp/hard\libm.a(libm_a-math_err.o)
                0x080238d0                __math_oflow
 .text.__kernel_rem_pio2
                0x080238e0      0x888 D:/ST/STM32CubeIDE_2.1.0/STM32CubeIDE/plugins/com.st.stm32cube.ide.mcu.externaltools.gnu-tools-for-stm32.14.3.rel1.win32_1.0.100.202602081740/tools/bin/../lib/gcc/arm-none-eabi/14.3.1/../../../../arm-none-eabi/lib/thumb/v7e-m+fp/hard\libm.a(libm_a-k_rem_pio2.o)
                0x080238e0                __kernel_rem_pio2
 .text.atof     0x08024168        0x6 D:/ST/STM32CubeIDE_2.1.0/STM32CubeIDE/plugins/com.st.stm32cube.ide.mcu.externaltools.gnu-tools-for-stm32.14.3.rel1.win32_1.0.100.202602081740/tools/bin/../lib/gcc/arm-none-eabi/14.3.1/../../../../arm-none-eabi/lib/thumb/v7e-m+fp/hard\libc_nano.a(libc_a-atof.o)
                0x08024168                atof
 .text.atoi     0x0802416e        0x8 D:/ST/STM32CubeIDE_2.1.0/STM32CubeIDE/plugins/com.st.stm32cube.ide.mcu.externaltools.gnu-tools-for-stm32.14.3.rel1.win32_1.0.100.202602081740/tools/bin/../lib/gcc/arm-none-eabi/14.3.1/../../../../arm-none-eabi/lib/thumb/v7e-m+fp/hard\libc_nano.a(libc_a-atoi.o)
                0x0802416e                atoi
 *fill*         0x08024176        0x2 
 .text.calloc   0x08024178       0x10 D:/ST/STM32CubeIDE_2.1.0/STM32CubeIDE/plugins/com.st.stm32cube.ide.mcu.externaltools.gnu-tools-for-stm32.14.3.rel1.win32_1.0.100.202602081740/tools/bin/../lib/gcc/arm-none-eabi/14.3.1/../../../../arm-none-eabi/lib/thumb/v7e-m+fp/hard\libc_nano.a(libc_a-calloc.o)
                0x08024178                calloc
 .text._calloc_r
                0x08024188       0x28 D:/ST/STM32CubeIDE_2.1.0/STM32CubeIDE/plugins/com.st.stm32cube.ide.mcu.externaltools.gnu-tools-for-stm32.14.3.rel1.win32_1.0.100.202602081740/tools/bin/../lib/gcc/arm-none-eabi/14.3.1/../../../../arm-none-eabi/lib/thumb/v7e-m+fp/hard\libc_nano.a(libc_a-callocr.o)
                0x08024188                _calloc_r
 .text.exit     0x080241b0       0x24 D:/ST/STM32CubeIDE_2.1.0/STM32CubeIDE/plugins/com.st.stm32cube.ide.mcu.externaltools.gnu-tools-for-stm32.14.3.rel1.win32_1.0.100.202602081740/tools/bin/../lib/gcc/arm-none-eabi/14.3.1/../../../../arm-none-eabi/lib/thumb/v7e-m+fp/hard\libc_nano.a(libc_a-exit.o)
                0x080241b0                exit
 .text.malloc   0x080241d4       0x10 D:/ST/STM32CubeIDE_2.1.0/STM32CubeIDE/plugins/com.st.stm32cube.ide.mcu.externaltools.gnu-tools-for-stm32.14.3.rel1.win32_1.0.100.202602081740/tools/bin/../lib/gcc/arm-none-eabi/14.3.1/../../../../arm-none-eabi/lib/thumb/v7e-m+fp/hard\libc_nano.a(libc_a-malloc.o)
                0x080241d4                malloc
 .text.free     0x080241e4       0x10 D:/ST/STM32CubeIDE_2.1.0/STM32CubeIDE/plugins/com.st.stm32cube.ide.mcu.externaltools.gnu-tools-for-stm32.14.3.rel1.win32_1.0.100.202602081740/tools/bin/../lib/gcc/arm-none-eabi/14.3.1/../../../../arm-none-eabi/lib/thumb/v7e-m+fp/hard\libc_nano.a(libc_a-malloc.o)
                0x080241e4                free
 .text.sbrk_aligned
                0x080241f4       0x44 D:/ST/STM32CubeIDE_2.1.0/STM32CubeIDE/plugins/com.st.stm32cube.ide.mcu.externaltools.gnu-tools-for-stm32.14.3.rel1.win32_1.0.100.202602081740/tools/bin/../lib/gcc/arm-none-eabi/14.3.1/../../../../arm-none-eabi/lib/thumb/v7e-m+fp/hard\libc_nano.a(libc_a-mallocr.o)
 .text._malloc_r
                0x08024238      0x100 D:/ST/STM32CubeIDE_2.1.0/STM32CubeIDE/plugins/com.st.stm32cube.ide.mcu.externaltools.gnu-tools-for-stm32.14.3.rel1.win32_1.0.100.202602081740/tools/bin/../lib/gcc/arm-none-eabi/14.3.1/../../../../arm-none-eabi/lib/thumb/v7e-m+fp/hard\libc_nano.a(libc_a-mallocr.o)
                0x08024238                _malloc_r
 .text.__malloc_lock
                0x08024338        0xc D:/ST/STM32CubeIDE_2.1.0/STM32CubeIDE/plugins/com.st.stm32cube.ide.mcu.externaltools.gnu-tools-for-stm32.14.3.rel1.win32_1.0.100.202602081740/tools/bin/../lib/gcc/arm-none-eabi/14.3.1/../../../../arm-none-eabi/lib/thumb/v7e-m+fp/hard\libc_nano.a(libc_a-mlock.o)
                0x08024338                __malloc_lock
 .text.__malloc_unlock
                0x08024344        0xc D:/ST/STM32CubeIDE_2.1.0/STM32CubeIDE/plugins/com.st.stm32cube.ide.mcu.externaltools.gnu-tools-for-stm32.14.3.rel1.win32_1.0.100.202602081740/tools/bin/../lib/gcc/arm-none-eabi/14.3.1/../../../../arm-none-eabi/lib/thumb/v7e-m+fp/hard\libc_nano.a(libc_a-mlock.o)
                0x08024344                __malloc_unlock
 .text._realloc_r
                0x08024350       0x5c D:/ST/STM32CubeIDE_2.1.0/STM32CubeIDE/plugins/com.st.stm32cube.ide.mcu.externaltools.gnu-tools-for-stm32.14.3.rel1.win32_1.0.100.202602081740/tools/bin/../lib/gcc/arm-none-eabi/14.3.1/../../../../arm-none-eabi/lib/thumb/v7e-m+fp/hard\libc_nano.a(libc_a-reallocr.o)
                0x08024350                _realloc_r
 .text.sulp     0x080243ac       0x3c D:/ST/STM32CubeIDE_2.1.0/STM32CubeIDE/plugins/com.st.stm32cube.ide.mcu.externaltools.gnu-tools-for-stm32.14.3.rel1.win32_1.0.100.202602081740/tools/bin/../lib/gcc/arm-none-eabi/14.3.1/../../../../arm-none-eabi/lib/thumb/v7e-m+fp/hard\libc_nano.a(libc_a-strtod.o)
 .text._strtod_l
                0x080243e8      0xbb8 D:/ST/STM32CubeIDE_2.1.0/STM32CubeIDE/plugins/com.st.stm32cube.ide.mcu.externaltools.gnu-tools-for-stm32.14.3.rel1.win32_1.0.100.202602081740/tools/bin/../lib/gcc/arm-none-eabi/14.3.1/../../../../arm-none-eabi/lib/thumb/v7e-m+fp/hard\libc_nano.a(libc_a-strtod.o)
                0x080243e8                _strtod_l
 .text.strtod   0x08024fa0       0x18 D:/ST/STM32CubeIDE_2.1.0/STM32CubeIDE/plugins/com.st.stm32cube.ide.mcu.externaltools.gnu-tools-for-stm32.14.3.rel1.win32_1.0.100.202602081740/tools/bin/../lib/gcc/arm-none-eabi/14.3.1/../../../../arm-none-eabi/lib/thumb/v7e-m+fp/hard\libc_nano.a(libc_a-strtod.o)
                0x08024fa0                strtod
 .text._strtol_l.isra.0
                0x08024fb8       0xf4 D:/ST/STM32CubeIDE_2.1.0/STM32CubeIDE/plugins/com.st.stm32cube.ide.mcu.externaltools.gnu-tools-for-stm32.14.3.rel1.win32_1.0.100.202602081740/tools/bin/../lib/gcc/arm-none-eabi/14.3.1/../../../../arm-none-eabi/lib/thumb/v7e-m+fp/hard\libc_nano.a(libc_a-strtol.o)
 .text._strtol_r
                0x080250ac        0x4 D:/ST/STM32CubeIDE_2.1.0/STM32CubeIDE/plugins/com.st.stm32cube.ide.mcu.externaltools.gnu-tools-for-stm32.14.3.rel1.win32_1.0.100.202602081740/tools/bin/../lib/gcc/arm-none-eabi/14.3.1/../../../../arm-none-eabi/lib/thumb/v7e-m+fp/hard\libc_nano.a(libc_a-strtol.o)
                0x080250ac                _strtol_r
 .text.strtol   0x080250b0       0x14 D:/ST/STM32CubeIDE_2.1.0/STM32CubeIDE/plugins/com.st.stm32cube.ide.mcu.externaltools.gnu-tools-for-stm32.14.3.rel1.win32_1.0.100.202602081740/tools/bin/../lib/gcc/arm-none-eabi/14.3.1/../../../../arm-none-eabi/lib/thumb/v7e-m+fp/hard\libc_nano.a(libc_a-strtol.o)
                0x080250b0                strtol
 .text.swapfunc
                0x080250c4       0x32 D:/ST/STM32CubeIDE_2.1.0/STM32CubeIDE/plugins/com.st.stm32cube.ide.mcu.externaltools.gnu-tools-for-stm32.14.3.rel1.win32_1.0.100.202602081740/tools/bin/../lib/gcc/arm-none-eabi/14.3.1/../../../../arm-none-eabi/lib/thumb/v7e-m+fp/hard\libc_nano.a(libc_a-qsort.o)
 .text.med3.constprop.0
                0x080250f6       0x40 D:/ST/STM32CubeIDE_2.1.0/STM32CubeIDE/plugins/com.st.stm32cube.ide.mcu.externaltools.gnu-tools-for-stm32.14.3.rel1.win32_1.0.100.202602081740/tools/bin/../lib/gcc/arm-none-eabi/14.3.1/../../../../arm-none-eabi/lib/thumb/v7e-m+fp/hard\libc_nano.a(libc_a-qsort.o)
 .text.qsort    0x08025136      0x28e D:/ST/STM32CubeIDE_2.1.0/STM32CubeIDE/plugins/com.st.stm32cube.ide.mcu.externaltools.gnu-tools-for-stm32.14.3.rel1.win32_1.0.100.202602081740/tools/bin/../lib/gcc/arm-none-eabi/14.3.1/../../../../arm-none-eabi/lib/thumb/v7e-m+fp/hard\libc_nano.a(libc_a-qsort.o)
                0x08025136                qsort
 .text._fclose_r
                0x080253c4       0xaa D:/ST/STM32CubeIDE_2.1.0/STM32CubeIDE/plugins/com.st.stm32cube.ide.mcu.externaltools.gnu-tools-for-stm32.14.3.rel1.win32_1.0.100.202602081740/tools/bin/../lib/gcc/arm-none-eabi/14.3.1/../../../../arm-none-eabi/lib/thumb/v7e-m+fp/hard\libc_nano.a(libc_a-fclose.o)
                0x080253c4                _fclose_r
 *fill*         0x0802546e        0x2 
 .text.fclose   0x08025470       0x10 D:/ST/STM32CubeIDE_2.1.0/STM32CubeIDE/plugins/com.st.stm32cube.ide.mcu.externaltools.gnu-tools-for-stm32.14.3.rel1.win32_1.0.100.202602081740/tools/bin/../lib/gcc/arm-none-eabi/14.3.1/../../../../arm-none-eabi/lib/thumb/v7e-m+fp/hard\libc_nano.a(libc_a-fclose.o)
                0x08025470                fclose
 .text.__sflush_r
                0x08025480      0x104 D:/ST/STM32CubeIDE_2.1.0/STM32CubeIDE/plugins/com.st.stm32cube.ide.mcu.externaltools.gnu-tools-for-stm32.14.3.rel1.win32_1.0.100.202602081740/tools/bin/../lib/gcc/arm-none-eabi/14.3.1/../../../../arm-none-eabi/lib/thumb/v7e-m+fp/hard\libc_nano.a(libc_a-fflush.o)
                0x08025480                __sflush_r
 .text._fflush_r
                0x08025584       0x50 D:/ST/STM32CubeIDE_2.1.0/STM32CubeIDE/plugins/com.st.stm32cube.ide.mcu.externaltools.gnu-tools-for-stm32.14.3.rel1.win32_1.0.100.202602081740/tools/bin/../lib/gcc/arm-none-eabi/14.3.1/../../../../arm-none-eabi/lib/thumb/v7e-m+fp/hard\libc_nano.a(libc_a-fflush.o)
                0x08025584                _fflush_r
 .text.std      0x080255d4       0x6c D:/ST/STM32CubeIDE_2.1.0/STM32CubeIDE/plugins/com.st.stm32cube.ide.mcu.externaltools.gnu-tools-for-stm32.14.3.rel1.win32_1.0.100.202602081740/tools/bin/../lib/gcc/arm-none-eabi/14.3.1/../../../../arm-none-eabi/lib/thumb/v7e-m+fp/hard\libc_nano.a(libc_a-findfp.o)
 .text.stdio_exit_handler
                0x08025640       0x18 D:/ST/STM32CubeIDE_2.1.0/STM32CubeIDE/plugins/com.st.stm32cube.ide.mcu.externaltools.gnu-tools-for-stm32.14.3.rel1.win32_1.0.100.202602081740/tools/bin/../lib/gcc/arm-none-eabi/14.3.1/../../../../arm-none-eabi/lib/thumb/v7e-m+fp/hard\libc_nano.a(libc_a-findfp.o)
 .text.cleanup_stdio
                0x08025658       0x40 D:/ST/STM32CubeIDE_2.1.0/STM32CubeIDE/plugins/com.st.stm32cube.ide.mcu.externaltools.gnu-tools-for-stm32.14.3.rel1.win32_1.0.100.202602081740/tools/bin/../lib/gcc/arm-none-eabi/14.3.1/../../../../arm-none-eabi/lib/thumb/v7e-m+fp/hard\libc_nano.a(libc_a-findfp.o)
 .text.global_stdio_init.part.0
                0x08025698       0x40 D:/ST/STM32CubeIDE_2.1.0/STM32CubeIDE/plugins/com.st.stm32cube.ide.mcu.externaltools.gnu-tools-for-stm32.14.3.rel1.win32_1.0.100.202602081740/tools/bin/../lib/gcc/arm-none-eabi/14.3.1/../../../../arm-none-eabi/lib/thumb/v7e-m+fp/hard\libc_nano.a(libc_a-findfp.o)
 .text.__sfp_lock_acquire
                0x080256d8        0xc D:/ST/STM32CubeIDE_2.1.0/STM32CubeIDE/plugins/com.st.stm32cube.ide.mcu.externaltools.gnu-tools-for-stm32.14.3.rel1.win32_1.0.100.202602081740/tools/bin/../lib/gcc/arm-none-eabi/14.3.1/../../../../arm-none-eabi/lib/thumb/v7e-m+fp/hard\libc_nano.a(libc_a-findfp.o)
                0x080256d8                __sfp_lock_acquire
 .text.__sfp_lock_release
                0x080256e4        0xc D:/ST/STM32CubeIDE_2.1.0/STM32CubeIDE/plugins/com.st.stm32cube.ide.mcu.externaltools.gnu-tools-for-stm32.14.3.rel1.win32_1.0.100.202602081740/tools/bin/../lib/gcc/arm-none-eabi/14.3.1/../../../../arm-none-eabi/lib/thumb/v7e-m+fp/hard\libc_nano.a(libc_a-findfp.o)
                0x080256e4                __sfp_lock_release
 .text.__sfp    0x080256f0       0xa4 D:/ST/STM32CubeIDE_2.1.0/STM32CubeIDE/plugins/com.st.stm32cube.ide.mcu.externaltools.gnu-tools-for-stm32.14.3.rel1.win32_1.0.100.202602081740/tools/bin/../lib/gcc/arm-none-eabi/14.3.1/../../../../arm-none-eabi/lib/thumb/v7e-m+fp/hard\libc_nano.a(libc_a-findfp.o)
                0x080256f0                __sfp
 .text.__sinit  0x08025794       0x30 D:/ST/STM32CubeIDE_2.1.0/STM32CubeIDE/plugins/com.st.stm32cube.ide.mcu.externaltools.gnu-tools-for-stm32.14.3.rel1.win32_1.0.100.202602081740/tools/bin/../lib/gcc/arm-none-eabi/14.3.1/../../../../arm-none-eabi/lib/thumb/v7e-m+fp/hard\libc_nano.a(libc_a-findfp.o)
                0x08025794                __sinit
 .text._fopen_r
                0x080257c4       0xa8 D:/ST/STM32CubeIDE_2.1.0/STM32CubeIDE/plugins/com.st.stm32cube.ide.mcu.externaltools.gnu-tools-for-stm32.14.3.rel1.win32_1.0.100.202602081740/tools/bin/../lib/gcc/arm-none-eabi/14.3.1/../../../../arm-none-eabi/lib/thumb/v7e-m+fp/hard\libc_nano.a(libc_a-fopen.o)
                0x080257c4                _fopen_r
 .text.fopen    0x0802586c       0x10 D:/ST/STM32CubeIDE_2.1.0/STM32CubeIDE/plugins/com.st.stm32cube.ide.mcu.externaltools.gnu-tools-for-stm32.14.3.rel1.win32_1.0.100.202602081740/tools/bin/../lib/gcc/arm-none-eabi/14.3.1/../../../../arm-none-eabi/lib/thumb/v7e-m+fp/hard\libc_nano.a(libc_a-fopen.o)
                0x0802586c                fopen
 .text.fprintf  0x0802587c       0x24 D:/ST/STM32CubeIDE_2.1.0/STM32CubeIDE/plugins/com.st.stm32cube.ide.mcu.externaltools.gnu-tools-for-stm32.14.3.rel1.win32_1.0.100.202602081740/tools/bin/../lib/gcc/arm-none-eabi/14.3.1/../../../../arm-none-eabi/lib/thumb/v7e-m+fp/hard\libc_nano.a(libc_a-fprintf.o)
                0x0802587c                fiprintf
                0x0802587c                fprintf
 .text._fputs_r
                0x080258a0       0xa0 D:/ST/STM32CubeIDE_2.1.0/STM32CubeIDE/plugins/com.st.stm32cube.ide.mcu.externaltools.gnu-tools-for-stm32.14.3.rel1.win32_1.0.100.202602081740/tools/bin/../lib/gcc/arm-none-eabi/14.3.1/../../../../arm-none-eabi/lib/thumb/v7e-m+fp/hard\libc_nano.a(libc_a-fputs.o)
                0x080258a0                _fputs_r
 .text.fputs    0x08025940       0x10 D:/ST/STM32CubeIDE_2.1.0/STM32CubeIDE/plugins/com.st.stm32cube.ide.mcu.externaltools.gnu-tools-for-stm32.14.3.rel1.win32_1.0.100.202602081740/tools/bin/../lib/gcc/arm-none-eabi/14.3.1/../../../../arm-none-eabi/lib/thumb/v7e-m+fp/hard\libc_nano.a(libc_a-fputs.o)
                0x08025940                fputs
 .text._fseek_r
                0x08025950        0x4 D:/ST/STM32CubeIDE_2.1.0/STM32CubeIDE/plugins/com.st.stm32cube.ide.mcu.externaltools.gnu-tools-for-stm32.14.3.rel1.win32_1.0.100.202602081740/tools/bin/../lib/gcc/arm-none-eabi/14.3.1/../../../../arm-none-eabi/lib/thumb/v7e-m+fp/hard\libc_nano.a(libc_a-fseek.o)
                0x08025950                _fseek_r
 .text._fwalk_sglue
                0x08025954       0x3c D:/ST/STM32CubeIDE_2.1.0/STM32CubeIDE/plugins/com.st.stm32cube.ide.mcu.externaltools.gnu-tools-for-stm32.14.3.rel1.win32_1.0.100.202602081740/tools/bin/../lib/gcc/arm-none-eabi/14.3.1/../../../../arm-none-eabi/lib/thumb/v7e-m+fp/hard\libc_nano.a(libc_a-fwalk.o)
                0x08025954                _fwalk_sglue
 .text.snprintf
                0x08025990       0x6c D:/ST/STM32CubeIDE_2.1.0/STM32CubeIDE/plugins/com.st.stm32cube.ide.mcu.externaltools.gnu-tools-for-stm32.14.3.rel1.win32_1.0.100.202602081740/tools/bin/../lib/gcc/arm-none-eabi/14.3.1/../../../../arm-none-eabi/lib/thumb/v7e-m+fp/hard\libc_nano.a(libc_a-snprintf.o)
                0x08025990                sniprintf
                0x08025990                snprintf
 .text.sprintf  0x080259fc       0x44 D:/ST/STM32CubeIDE_2.1.0/STM32CubeIDE/plugins/com.st.stm32cube.ide.mcu.externaltools.gnu-tools-for-stm32.14.3.rel1.win32_1.0.100.202602081740/tools/bin/../lib/gcc/arm-none-eabi/14.3.1/../../../../arm-none-eabi/lib/thumb/v7e-m+fp/hard\libc_nano.a(libc_a-sprintf.o)
                0x080259fc                siprintf
                0x080259fc                sprintf
 .text.sscanf   0x08025a40       0x58 D:/ST/STM32CubeIDE_2.1.0/STM32CubeIDE/plugins/com.st.stm32cube.ide.mcu.externaltools.gnu-tools-for-stm32.14.3.rel1.win32_1.0.100.202602081740/tools/bin/../lib/gcc/arm-none-eabi/14.3.1/../../../../arm-none-eabi/lib/thumb/v7e-m+fp/hard\libc_nano.a(libc_a-sscanf.o)
                0x08025a40                siscanf
                0x08025a40                sscanf
 .text.__sread  0x08025a98       0x22 D:/ST/STM32CubeIDE_2.1.0/STM32CubeIDE/plugins/com.st.stm32cube.ide.mcu.externaltools.gnu-tools-for-stm32.14.3.rel1.win32_1.0.100.202602081740/tools/bin/../lib/gcc/arm-none-eabi/14.3.1/../../../../arm-none-eabi/lib/thumb/v7e-m+fp/hard\libc_nano.a(libc_a-stdio.o)
                0x08025a98                __sread
 .text.__seofread
                0x08025aba        0x4 D:/ST/STM32CubeIDE_2.1.0/STM32CubeIDE/plugins/com.st.stm32cube.ide.mcu.externaltools.gnu-tools-for-stm32.14.3.rel1.win32_1.0.100.202602081740/tools/bin/../lib/gcc/arm-none-eabi/14.3.1/../../../../arm-none-eabi/lib/thumb/v7e-m+fp/hard\libc_nano.a(libc_a-stdio.o)
                0x08025aba                __seofread
 .text.__swrite
                0x08025abe       0x38 D:/ST/STM32CubeIDE_2.1.0/STM32CubeIDE/plugins/com.st.stm32cube.ide.mcu.externaltools.gnu-tools-for-stm32.14.3.rel1.win32_1.0.100.202602081740/tools/bin/../lib/gcc/arm-none-eabi/14.3.1/../../../../arm-none-eabi/lib/thumb/v7e-m+fp/hard\libc_nano.a(libc_a-stdio.o)
                0x08025abe                __swrite
 .text.__sseek  0x08025af6       0x26 D:/ST/STM32CubeIDE_2.1.0/STM32CubeIDE/plugins/com.st.stm32cube.ide.mcu.externaltools.gnu-tools-for-stm32.14.3.rel1.win32_1.0.100.202602081740/tools/bin/../lib/gcc/arm-none-eabi/14.3.1/../../../../arm-none-eabi/lib/thumb/v7e-m+fp/hard\libc_nano.a(libc_a-stdio.o)
                0x08025af6                __sseek
 .text.__sclose
                0x08025b1c        0x8 D:/ST/STM32CubeIDE_2.1.0/STM32CubeIDE/plugins/com.st.stm32cube.ide.mcu.externaltools.gnu-tools-for-stm32.14.3.rel1.win32_1.0.100.202602081740/tools/bin/../lib/gcc/arm-none-eabi/14.3.1/../../../../arm-none-eabi/lib/thumb/v7e-m+fp/hard\libc_nano.a(libc_a-stdio.o)
                0x08025b1c                __sclose
 .text._vsprintf_r
                0x08025b24       0x2c D:/ST/STM32CubeIDE_2.1.0/STM32CubeIDE/plugins/com.st.stm32cube.ide.mcu.externaltools.gnu-tools-for-stm32.14.3.rel1.win32_1.0.100.202602081740/tools/bin/../lib/gcc/arm-none-eabi/14.3.1/../../../../arm-none-eabi/lib/thumb/v7e-m+fp/hard\libc_nano.a(libc_a-vsprintf.o)
                0x08025b24                _vsprintf_r
                0x08025b24                _vsiprintf_r
 .text.vsprintf
                0x08025b50       0x14 D:/ST/STM32CubeIDE_2.1.0/STM32CubeIDE/plugins/com.st.stm32cube.ide.mcu.externaltools.gnu-tools-for-stm32.14.3.rel1.win32_1.0.100.202602081740/tools/bin/../lib/gcc/arm-none-eabi/14.3.1/../../../../arm-none-eabi/lib/thumb/v7e-m+fp/hard\libc_nano.a(libc_a-vsprintf.o)
                0x08025b50                vsiprintf
                0x08025b50                vsprintf
 .text.__swbuf_r
                0x08025b64       0x7c D:/ST/STM32CubeIDE_2.1.0/STM32CubeIDE/plugins/com.st.stm32cube.ide.mcu.externaltools.gnu-tools-for-stm32.14.3.rel1.win32_1.0.100.202602081740/tools/bin/../lib/gcc/arm-none-eabi/14.3.1/../../../../arm-none-eabi/lib/thumb/v7e-m+fp/hard\libc_nano.a(libc_a-wbuf.o)
                0x08025b64                __swbuf_r
 .text.__swsetup_r
                0x08025be0       0xa8 D:/ST/STM32CubeIDE_2.1.0/STM32CubeIDE/plugins/com.st.stm32cube.ide.mcu.externaltools.gnu-tools-for-stm32.14.3.rel1.win32_1.0.100.202602081740/tools/bin/../lib/gcc/arm-none-eabi/14.3.1/../../../../arm-none-eabi/lib/thumb/v7e-m+fp/hard\libc_nano.a(libc_a-wsetup.o)
                0x08025be0                __swsetup_r
 .text._fseeko_r
                0x08025c88      0x12e D:/ST/STM32CubeIDE_2.1.0/STM32CubeIDE/plugins/com.st.stm32cube.ide.mcu.externaltools.gnu-tools-for-stm32.14.3.rel1.win32_1.0.100.202602081740/tools/bin/../lib/gcc/arm-none-eabi/14.3.1/../../../../arm-none-eabi/lib/thumb/v7e-m+fp/hard\libc_nano.a(libc_a-fseeko.o)
                0x08025c88                _fseeko_r
 .text.memset   0x08025db6       0x10 D:/ST/STM32CubeIDE_2.1.0/STM32CubeIDE/plugins/com.st.stm32cube.ide.mcu.externaltools.gnu-tools-for-stm32.14.3.rel1.win32_1.0.100.202602081740/tools/bin/../lib/gcc/arm-none-eabi/14.3.1/../../../../arm-none-eabi/lib/thumb/v7e-m+fp/hard\libc_nano.a(libc_a-memset.o)
                0x08025db6                memset
 .text.strchr   0x08025dc6       0x1a D:/ST/STM32CubeIDE_2.1.0/STM32CubeIDE/plugins/com.st.stm32cube.ide.mcu.externaltools.gnu-tools-for-stm32.14.3.rel1.win32_1.0.100.202602081740/tools/bin/../lib/gcc/arm-none-eabi/14.3.1/../../../../arm-none-eabi/lib/thumb/v7e-m+fp/hard\libc_nano.a(libc_a-strchr.o)
                0x08025dc6                strchr
 .text.strncmp  0x08025de0       0x24 D:/ST/STM32CubeIDE_2.1.0/STM32CubeIDE/plugins/com.st.stm32cube.ide.mcu.externaltools.gnu-tools-for-stm32.14.3.rel1.win32_1.0.100.202602081740/tools/bin/../lib/gcc/arm-none-eabi/14.3.1/../../../../arm-none-eabi/lib/thumb/v7e-m+fp/hard\libc_nano.a(libc_a-strncmp.o)
                0x08025de0                strncmp
 .text.strncpy  0x08025e04       0x26 D:/ST/STM32CubeIDE_2.1.0/STM32CubeIDE/plugins/com.st.stm32cube.ide.mcu.externaltools.gnu-tools-for-stm32.14.3.rel1.win32_1.0.100.202602081740/tools/bin/../lib/gcc/arm-none-eabi/14.3.1/../../../../arm-none-eabi/lib/thumb/v7e-m+fp/hard\libc_nano.a(libc_a-strncpy.o)
                0x08025e04                strncpy
 *fill*         0x08025e2a        0x2 
 .text.strtok   0x08025e2c       0x7c D:/ST/STM32CubeIDE_2.1.0/STM32CubeIDE/plugins/com.st.stm32cube.ide.mcu.externaltools.gnu-tools-for-stm32.14.3.rel1.win32_1.0.100.202602081740/tools/bin/../lib/gcc/arm-none-eabi/14.3.1/../../../../arm-none-eabi/lib/thumb/v7e-m+fp/hard\libc_nano.a(libc_a-strtok.o)
                0x08025e2c                strtok
 .text.__strtok_r
                0x08025ea8       0x50 D:/ST/STM32CubeIDE_2.1.0/STM32CubeIDE/plugins/com.st.stm32cube.ide.mcu.externaltools.gnu-tools-for-stm32.14.3.rel1.win32_1.0.100.202602081740/tools/bin/../lib/gcc/arm-none-eabi/14.3.1/../../../../arm-none-eabi/lib/thumb/v7e-m+fp/hard\libc_nano.a(libc_a-strtok_r.o)
                0x08025ea8                __strtok_r
 .text.strstr   0x08025ef8       0x2c D:/ST/STM32CubeIDE_2.1.0/STM32CubeIDE/plugins/com.st.stm32cube.ide.mcu.externaltools.gnu-tools-for-stm32.14.3.rel1.win32_1.0.100.202602081740/tools/bin/../lib/gcc/arm-none-eabi/14.3.1/../../../../arm-none-eabi/lib/thumb/v7e-m+fp/hard\libc_nano.a(libc_a-strstr.o)
                0x08025ef8                strstr
 .text.difftime
                0x08025f24       0x12 D:/ST/STM32CubeIDE_2.1.0/STM32CubeIDE/plugins/com.st.stm32cube.ide.mcu.externaltools.gnu-tools-for-stm32.14.3.rel1.win32_1.0.100.202602081740/tools/bin/../lib/gcc/arm-none-eabi/14.3.1/../../../../arm-none-eabi/lib/thumb/v7e-m+fp/hard\libc_nano.a(libc_a-difftime.o)
                0x08025f24                difftime
 *fill*         0x08025f36        0x2 
 .text._close_r
                0x08025f38       0x20 D:/ST/STM32CubeIDE_2.1.0/STM32CubeIDE/plugins/com.st.stm32cube.ide.mcu.externaltools.gnu-tools-for-stm32.14.3.rel1.win32_1.0.100.202602081740/tools/bin/../lib/gcc/arm-none-eabi/14.3.1/../../../../arm-none-eabi/lib/thumb/v7e-m+fp/hard\libc_nano.a(libc_a-closer.o)
                0x08025f38                _close_r
 .text._lseek_r
                0x08025f58       0x24 D:/ST/STM32CubeIDE_2.1.0/STM32CubeIDE/plugins/com.st.stm32cube.ide.mcu.externaltools.gnu-tools-for-stm32.14.3.rel1.win32_1.0.100.202602081740/tools/bin/../lib/gcc/arm-none-eabi/14.3.1/../../../../arm-none-eabi/lib/thumb/v7e-m+fp/hard\libc_nano.a(libc_a-lseekr.o)
                0x08025f58                _lseek_r
 .text._open_r  0x08025f7c       0x24 D:/ST/STM32CubeIDE_2.1.0/STM32CubeIDE/plugins/com.st.stm32cube.ide.mcu.externaltools.gnu-tools-for-stm32.14.3.rel1.win32_1.0.100.202602081740/tools/bin/../lib/gcc/arm-none-eabi/14.3.1/../../../../arm-none-eabi/lib/thumb/v7e-m+fp/hard\libc_nano.a(libc_a-openr.o)
                0x08025f7c                _open_r
 .text._read_r  0x08025fa0       0x24 D:/ST/STM32CubeIDE_2.1.0/STM32CubeIDE/plugins/com.st.stm32cube.ide.mcu.externaltools.gnu-tools-for-stm32.14.3.rel1.win32_1.0.100.202602081740/tools/bin/../lib/gcc/arm-none-eabi/14.3.1/../../../../arm-none-eabi/lib/thumb/v7e-m+fp/hard\libc_nano.a(libc_a-readr.o)
                0x08025fa0                _read_r
 .text._sbrk_r  0x08025fc4       0x20 D:/ST/STM32CubeIDE_2.1.0/STM32CubeIDE/plugins/com.st.stm32cube.ide.mcu.externaltools.gnu-tools-for-stm32.14.3.rel1.win32_1.0.100.202602081740/tools/bin/../lib/gcc/arm-none-eabi/14.3.1/../../../../arm-none-eabi/lib/thumb/v7e-m+fp/hard\libc_nano.a(libc_a-sbrkr.o)