Archive member included to satisfy reference by file (symbol)

D:/ST/STM32CubeIDE_2.1.0/STM32CubeIDE/plugins/com.st.stm32cube.ide.mcu.externaltools.gnu-tools-for-stm32.14.3.rel1.win32_1.0.100.202602081740/tools/bin/../lib/gcc/arm-none-eabi/14.3.1/../../../../arm-none-eabi/lib/thumb/v7e-m+fp/hard\libm.a(libm_a-w_asin.o)
                              ./wares/src/rtkcmn.o (asin)
D:/ST/STM32CubeIDE_2.1.0/STM32CubeIDE/plugins/com.st.stm32cube.ide.mcu.externaltools.gnu-tools-for-stm32.14.3.rel1.win32_1.0.100.202602081740/tools/bin/../lib/gcc/arm-none-eabi/14.3.1/../../../../arm-none-eabi/lib/thumb/v7e-m+fp/hard\libm.a(libm_a-w_atan2.o)
                              ./wares/src/ephemeris.o (atan2)
D:/ST/STM32CubeIDE_2.1.0/STM32CubeIDE/plugins/com.st.stm32cube.ide.mcu.externaltools.gnu-tools-for-stm32.14.3.rel1.win32_1.0.100.202602081740/tools/bin/../lib/gcc/arm-none-eabi/14.3.1/../../../../arm-none-eabi/lib/thumb/v7e-m+fp/hard\libm.a(libm_a-w_exp.o)
                              ./wares/src/rtkcmn.o (exp)
D:/ST/STM32CubeIDE_2.1.0/STM32CubeIDE/plugins/com.st.stm32cube.ide.mcu.externaltools.gnu-tools-for-stm32.14.3.rel1.win32_1.0.100.202602081740/tools/bin/../lib/gcc/arm-none-eabi/14.3.1/../../../../arm-none-eabi/lib/thumb/v7e-m+fp/hard\libm.a(libm_a-w_fmod.o)
                              ./wares/src/rtcm3.o (fmod)
D:/ST/STM32CubeIDE_2.1.0/STM32CubeIDE/plugins/com.st.stm32cube.ide.mcu.externaltools.gnu-tools-for-stm32.14.3.rel1.win32_1.0.100.202602081740/tools/bin/../lib/gcc/arm-none-eabi/14.3.1/../../../../arm-none-eabi/lib/thumb/v7e-m+fp/hard\libm.a(libm_a-w_pow.o)
                              ./wares/src/ephemeris.o (pow)
D:/ST/STM32CubeIDE_2.1.0/STM32CubeIDE/plugins/com.st.stm32cube.ide.mcu.externaltools.gnu-tools-for-stm32.14.3.rel1.win32_1.0.100.202602081740/tools/bin/../lib/gcc/arm-none-eabi/14.3.1/../../../../arm-none-eabi/lib/thumb/v7e-m+fp/hard\libm.a(libm_a-w_sqrt.o)
                              ./wares/src/ephemeris.o (sqrt)
D:/ST/STM32CubeIDE_2.1.0/STM32CubeIDE/plugins/com.st.stm32cube.ide.mcu.externaltools.gnu-tools-for-stm32.14.3.rel1.win32_1.0.100.202602081740/tools/bin/../lib/gcc/arm-none-eabi/14.3.1/../../../../arm-none-eabi/lib/thumb/v7e-m+fp/hard\libm.a(libm_a-s_atan.o)
                              ./wares/src/rtkcmn.o (atan)
D:/ST/STM32CubeIDE_2.1.0/STM32CubeIDE/plugins/com.st.stm32cube.ide.mcu.externaltools.gnu-tools-for-stm32.14.3.rel1.win32_1.0.100.202602081740/tools/bin/../lib/gcc/arm-none-eabi/14.3.1/../../../../arm-none-eabi/lib/thumb/v7e-m+fp/hard\libm.a(libm_a-s_cos.o)
                              ./wares/src/ephemeris.o (cos)
D:/ST/STM32CubeIDE_2.1.0/STM32CubeIDE/plugins/com.st.stm32cube.ide.mcu.externaltools.gnu-tools-for-stm32.14.3.rel1.win32_1.0.100.202602081740/tools/bin/../lib/gcc/arm-none-eabi/14.3.1/../../../../arm-none-eabi/lib/thumb/v7e-m+fp/hard\libm.a(libm_a-s_fabs.o)
                              D:/ST/STM32CubeIDE_2.1.0/STM32CubeIDE/plugins/com.st.stm32cube.ide.mcu.externaltools.gnu-tools-for-stm32.14.3.rel1.win32_1.0.100.202602081740/tools/bin/../lib/gcc/arm-none-eabi/14.3.1/../../../../arm-none-eabi/lib/thumb/v7e-m+fp/hard\libm.a(libm_a-w_asin.o) (fabs)
D:/ST/STM32CubeIDE_2.1.0/STM32CubeIDE/plugins/com.st.stm32cube.ide.mcu.externaltools.gnu-tools-for-stm32.14.3.rel1.win32_1.0.100.202602081740/tools/bin/../lib/gcc/arm-none-eabi/14.3.1/../../../../arm-none-eabi/lib/thumb/v7e-m+fp/hard\libm.a(libm_a-s_sin.o)
                              ./wares/src/ephemeris.o (sin)
D:/ST/STM32CubeIDE_2.1.0/STM32CubeIDE/plugins/com.st.stm32cube.ide.mcu.externaltools.gnu-tools-for-stm32.14.3.rel1.win32_1.0.100.202602081740/tools/bin/../lib/gcc/arm-none-eabi/14.3.1/../../../../arm-none-eabi/lib/thumb/v7e-m+fp/hard\libm.a(libm_a-s_tan.o)
                              ./wares/src/rtkcmn.o (tan)
D:/ST/STM32CubeIDE_2.1.0/STM32CubeIDE/plugins/com.st.stm32cube.ide.mcu.externaltools.gnu-tools-for-stm32.14.3.rel1.win32_1.0.100.202602081740/tools/bin/../lib/gcc/arm-none-eabi/14.3.1/../../../../arm-none-eabi/lib/thumb/v7e-m+fp/hard\libm.a(libm_a-s_finite.o)
                              D:/ST/STM32CubeIDE_2.1.0/STM32CubeIDE/plugins/com.st.stm32cube.ide.mcu.externaltools.gnu-tools-for-stm32.14.3.rel1.win32_1.0.100.202602081740/tools/bin/../lib/gcc/arm-none-eabi/14.3.1/../../../../arm-none-eabi/lib/thumb/v7e-m+fp/hard\libm.a(libm_a-w_exp.o) (finite)
D:/ST/STM32CubeIDE_2.1.0/STM32CubeIDE/plugins/com.st.stm32cube.ide.mcu.externaltools.gnu-tools-for-stm32.14.3.rel1.win32_1.0.100.202602081740/tools/bin/../lib/gcc/arm-none-eabi/14.3.1/../../../../arm-none-eabi/lib/thumb/v7e-m+fp/hard\libm.a(libm_a-s_nan.o)
                              D:/ST/STM32CubeIDE_2.1.0/STM32CubeIDE/plugins/com.st.stm32cube.ide.mcu.externaltools.gnu-tools-for-stm32.14.3.rel1.win32_1.0.100.202602081740/tools/bin/../lib/gcc/arm-none-eabi/14.3.1/../../../../arm-none-eabi/lib/thumb/v7e-m+fp/hard\libm.a(libm_a-w_asin.o) (nan)
[...]
Memory Configuration

Name             Origin             Length             Attributes
RAM              0x20000000         0x00018000         xrw
RAM2             0x10000000         0x00008000         xrw
FLASH            0x08000000         0x00040000         xr
*default*        0x00000000         0xffffffff

Linker script and memory map

LOAD D:/ST/STM32CubeIDE_2.1.0/STM32CubeIDE/plugins/com.st.stm32cube.ide.mcu.externaltools.gnu-tools-for-stm32.14.3.rel1.win32_1.0.100.202602081740/tools/bin/../lib/gcc/arm-none-eabi/14.3.1/thumb/v7e-m+fp/hard/crti.o
LOAD D:/ST/STM32CubeIDE_2.1.0/STM32CubeIDE/plugins/com.st.stm32cube.ide.mcu.externaltools.gnu-tools-for-stm32.14.3.rel1.win32_1.0.100.202602081740/tools/bin/../lib/gcc/arm-none-eabi/14.3.1/thumb/v7e-m+fp/hard/crtbegin.o
LOAD D:/ST/STM32CubeIDE_2.1.0/STM32CubeIDE/plugins/com.st.stm32cube.ide.mcu.externaltools.gnu-tools-for-stm32.14.3.rel1.win32_1.0.100.202602081740/tools/bin/../lib/gcc/arm-none-eabi/14.3.1/../../../../arm-none-eabi/lib/thumb/v7e-m+fp/hard/crt0.o
LOAD ./Core/Src/dma.o
LOAD ./Core/Src/gpio.o
LOAD ./Core/Src/main.o
LOAD ./Core/Src/rtklib_app.o
LOAD ./Core/Src/stm32l4xx_hal_msp.o
LOAD ./Core/Src/stm32l4xx_it.o
LOAD ./Core/Src/syscalls.o
LOAD ./Core/Src/sysmem.o
LOAD ./Core/Src/system_stm32l4xx.o
LOAD ./Core/Src/tim.o
LOAD ./Core/Src/usart.o
LOAD ./Core/Startup/startup_stm32l476rctx.o
LOAD ./Drivers/STM32L4xx_HAL_Driver/Src/stm32l4xx_hal.o
LOAD ./Drivers/STM32L4xx_HAL_Driver/Src/stm32l4xx_hal_cortex.o
LOAD ./Drivers/STM32L4xx_HAL_Driver/Src/stm32l4xx_hal_dma.o
LOAD ./Drivers/STM32L4xx_HAL_Driver/Src/stm32l4xx_hal_dma_ex.o
LOAD ./Drivers/STM32L4xx_HAL_Driver/Src/stm32l4xx_hal_exti.o
LOAD ./Drivers/STM32L4xx_HAL_Driver/Src/stm32l4xx_hal_flash.o
LOAD ./Drivers/STM32L4xx_HAL_Driver/Src/stm32l4xx_hal_flash_ex.o
LOAD ./Drivers/STM32L4xx_HAL_Driver/Src/stm32l4xx_hal_flash_ramfunc.o
LOAD ./Drivers/STM32L4xx_HAL_Driver/Src/stm32l4xx_hal_gpio.o
LOAD ./Drivers/STM32L4xx_HAL_Driver/Src/stm32l4xx_hal_i2c.o
LOAD ./Drivers/STM32L4xx_HAL_Driver/Src/stm32l4xx_hal_i2c_ex.o
LOAD ./Drivers/STM32L4xx_HAL_Driver/Src/stm32l4xx_hal_pwr.o
LOAD ./Drivers/STM32L4xx_HAL_Driver/Src/stm32l4xx_hal_pwr_ex.o
LOAD ./Drivers/STM32L4xx_HAL_Driver/Src/stm32l4xx_hal_rcc.o
LOAD ./Drivers/STM32L4xx_HAL_Driver/Src/stm32l4xx_hal_rcc_ex.o
LOAD ./Drivers/STM32L4xx_HAL_Driver/Src/stm32l4xx_hal_tim.o
LOAD ./Drivers/STM32L4xx_HAL_Driver/Src/stm32l4xx_hal_tim_ex.o
LOAD ./Drivers/STM32L4xx_HAL_Driver/Src/stm32l4xx_hal_uart.o
LOAD ./Drivers/STM32L4xx_HAL_Driver/Src/stm32l4xx_hal_uart_ex.o
LOAD ./wares/port/rtklib_mem.o
LOAD ./wares/port/rtklib_port.o
LOAD ./wares/port/rtklib_serial.o
LOAD ./wares/port/rtklib_time.o
LOAD ./wares/src/datum.o
LOAD ./wares/src/ephemeris.o
LOAD ./wares/src/lambda.o
LOAD ./wares/src/options.o
LOAD ./wares/src/pntpos.o
LOAD ./wares/src/rcvraw.o
LOAD ./wares/src/rtcm.o
LOAD ./wares/src/rtcm2.o
LOAD ./wares/src/rtcm3.o
LOAD ./wares/src/rtkcmn.o
LOAD ./wares/src/rtkpos.o
LOAD ./wares/src/solution.o
LOAD ./wares/src/ublox.o
LOAD D:/ST/STM32CubeIDE_2.1.0/STM32CubeIDE/plugins/com.st.stm32cube.ide.mcu.externaltools.gnu-tools-for-stm32.14.3.rel1.win32_1.0.100.202602081740/tools/bin/../lib/gcc/arm-none-eabi/14.3.1/../../../../arm-none-eabi/lib/thumb/v7e-m+fp/hard\libm.a
START GROUP
LOAD D:/ST/STM32CubeIDE_2.1.0/STM32CubeIDE/plugins/com.st.stm32cube.ide.mcu.externaltools.gnu-tools-for-stm32.14.3.rel1.win32_1.0.100.202602081740/tools/bin/../lib/gcc/arm-none-eabi/14.3.1/../../../../arm-none-eabi/lib/thumb/v7e-m+fp/hard\libc_nano.a
LOAD D:/ST/STM32CubeIDE_2.1.0/STM32CubeIDE/plugins/com.st.stm32cube.ide.mcu.externaltools.gnu-tools-for-stm32.14.3.rel1.win32_1.0.100.202602081740/tools/bin/../lib/gcc/arm-none-eabi/14.3.1/../../../../arm-none-eabi/lib/thumb/v7e-m+fp/hard\libm.a
END GROUP
START GROUP
LOAD D:/ST/STM32CubeIDE_2.1.0/STM32CubeIDE/plugins/com.st.stm32cube.ide.mcu.externaltools.gnu-tools-for-stm32.14.3.rel1.win32_1.0.100.202602081740/tools/bin/../lib/gcc/arm-none-eabi/14.3.1/thumb/v7e-m+fp/hard\libgcc.a
LOAD D:/ST/STM32CubeIDE_2.1.0/STM32CubeIDE/plugins/com.st.stm32cube.ide.mcu.externaltools.gnu-tools-for-stm32.14.3.rel1.win32_1.0.100.202602081740/tools/bin/../lib/gcc/arm-none-eabi/14.3.1/../../../../arm-none-eabi/lib/thumb/v7e-m+fp/hard\libc_nano.a
END GROUP
START GROUP
LOAD D:/ST/STM32CubeIDE_2.1.0/STM32CubeIDE/plugins/com.st.stm32cube.ide.mcu.externaltools.gnu-tools-for-stm32.14.3.rel1.win32_1.0.100.202602081740/tools/bin/../lib/gcc/arm-none-eabi/14.3.1/thumb/v7e-m+fp/hard\libgcc.a
LOAD D:/ST/STM32CubeIDE_2.1.0/STM32CubeIDE/plugins/com.st.stm32cube.ide.mcu.externaltools.gnu-tools-for-stm32.14.3.rel1.win32_1.0.100.202602081740/tools/bin/../lib/gcc/arm-none-eabi/14.3.1/../../../../arm-none-eabi/lib/thumb/v7e-m+fp/hard\libc_nano.a
LOAD D:/ST/STM32CubeIDE_2.1.0/STM32CubeIDE/plugins/com.st.stm32cube.ide.mcu.externaltools.gnu-tools-for-stm32.14.3.rel1.win32_1.0.100.202602081740/tools/bin/../lib/gcc/arm-none-eabi/14.3.1/../../../../arm-none-eabi/lib/thumb/v7e-m+fp/hard\libnosys.a
END GROUP
START GROUP
LOAD D:/ST/STM32CubeIDE_2.1.0/STM32CubeIDE/plugins/com.st.stm32cube.ide.mcu.externaltools.gnu-tools-for-stm32.14.3.rel1.win32_1.0.100.202602081740/tools/bin/../lib/gcc/arm-none-eabi/14.3.1/thumb/v7e-m+fp/hard\libgcc.a
LOAD D:/ST/STM32CubeIDE_2.1.0/STM32CubeIDE/plugins/com.st.stm32cube.ide.mcu.externaltools.gnu-tools-for-stm32.14.3.rel1.win32_1.0.100.202602081740/tools/bin/../lib/gcc/arm-none-eabi/14.3.1/../../../../arm-none-eabi/lib/thumb/v7e-m+fp/hard\libc_nano.a
LOAD D:/ST/STM32CubeIDE_2.1.0/STM32CubeIDE/plugins/com.st.stm32cube.ide.mcu.externaltools.gnu-tools-for-stm32.14.3.rel1.win32_1.0.100.202602081740/tools/bin/../lib/gcc/arm-none-eabi/14.3.1/../../../../arm-none-eabi/lib/thumb/v7e-m+fp/hard\libnosys.a
END GROUP
LOAD D:/ST/STM32CubeIDE_2.1.0/STM32CubeIDE/plugins/com.st.stm32cube.ide.mcu.externaltools.gnu-tools-for-stm32.14.3.rel1.win32_1.0.100.202602081740/tools/bin/../lib/gcc/arm-none-eabi/14.3.1/thumb/v7e-m+fp/hard/crtend.o
LOAD D:/ST/STM32CubeIDE_2.1.0/STM32CubeIDE/plugins/com.st.stm32cube.ide.mcu.externaltools.gnu-tools-for-stm32.14.3.rel1.win32_1.0.100.202602081740/tools/bin/../lib/gcc/arm-none-eabi/14.3.1/thumb/v7e-m+fp/hard/crtn.o
                0x20018000                        _estack = (ORIGIN (RAM) + LENGTH (RAM))
                0x00001000                        _Min_Heap_Size = 0x1000
                0x00002000                        _Min_Stack_Size = 0x2000

.isr_vector     0x08000000      0x188
                0x08000000                        . = ALIGN (0x4)
 *(.isr_vector)
 .isr_vector    0x08000000      0x188 ./Core/Startup/startup_stm32l476rctx.o
                0x08000000                g_pfnVectors
                0x08000188                        . = ALIGN (0x4)

.text           0x08000190    0x20ce4
                0x08000190                        . = ALIGN (0x4)
 *(.text)
 .text          0x08000190       0x40 D:/ST/STM32CubeIDE_2.1.0/STM32CubeIDE/plugins/com.st.stm32cube.ide.mcu.externaltools.gnu-tools-for-stm32.14.3.rel1.win32_1.0.100.202602081740/tools/bin/../lib/gcc/arm-none-eabi/14.3.1/thumb/v7e-m+fp/hard/crtbegin.o
 .text          0x080001d0       0x14 D:/ST/STM32CubeIDE_2.1.0/STM32CubeIDE/plugins/com.st.stm32cube.ide.mcu.externaltools.gnu-tools-for-stm32.14.3.rel1.win32_1.0.100.202602081740/tools/bin/../lib/gcc/arm-none-eabi/14.3.1/../../../../arm-none-eabi/lib/thumb/v7e-m+fp/hard\libc_nano.a(libc_a-strcmp.o)
                0x080001d0                strcmp
 *fill*         0x080001e4        0xc 
 .text          0x080001f0       0xa0 D:/ST/STM32CubeIDE_2.1.0/STM32CubeIDE/plugins/com.st.stm32cube.ide.mcu.externaltools.gnu-tools-for-stm32.14.3.rel1.win32_1.0.100.202602081740/tools/bin/../lib/gcc/arm-none-eabi/14.3.1/../../../../arm-none-eabi/lib/thumb/v7e-m+fp/hard\libc_nano.a(libc_a-memchr.o)
                0x080001f0                memchr
 .text          0x08000290       0x10 D:/ST/STM32CubeIDE_2.1.0/STM32CubeIDE/plugins/com.st.stm32cube.ide.mcu.externaltools.gnu-tools-for-stm32.14.3.rel1.win32_1.0.100.202602081740/tools/bin/../lib/gcc/arm-none-eabi/14.3.1/../../../../arm-none-eabi/lib/thumb/v7e-m+fp/hard\libc_nano.a(libc_a-strlen.o)
                0x08000290                strlen
 .text          0x080002a0      0x378 D:/ST/STM32CubeIDE_2.1.0/STM32CubeIDE/plugins/com.st.stm32cube.ide.mcu.externaltools.gnu-tools-for-stm32.14.3.rel1.win32_1.0.100.202602081740/tools/bin/../lib/gcc/arm-none-eabi/14.3.1/thumb/v7e-m+fp/hard\libgcc.a(_arm_addsubdf3.o)
                0x080002a0                __aeabi_drsub
                0x080002a8                __aeabi_dsub
                0x080002a8                __subdf3
                0x080002ac                __aeabi_dadd
                0x080002ac                __adddf3
                0x08000524                __floatunsidf
                0x08000524                __aeabi_ui2d
                0x08000544                __floatsidf
                0x08000544                __aeabi_i2d
                0x08000568                __aeabi_f2d
                0x08000568                __extendsfdf2
                0x080005ac                __floatundidf
                0x080005ac                __aeabi_ul2d
                0x080005bc                __floatdidf
                0x080005bc                __aeabi_l2d
 .text          0x08000618      0x424 D:/ST/STM32CubeIDE_2.1.0/STM32CubeIDE/plugins/com.st.stm32cube.ide.mcu.externaltools.gnu-tools-for-stm32.14.3.rel1.win32_1.0.100.202602081740/tools/bin/../lib/gcc/arm-none-eabi/14.3.1/thumb/v7e-m+fp/hard\libgcc.a(_arm_muldivdf3.o)
                0x08000618                __aeabi_dmul
                0x08000618                __muldf3
                0x0800086c                __divdf3
                0x0800086c                __aeabi_ddiv
 .text          0x08000a3c      0x110 D:/ST/STM32CubeIDE_2.1.0/STM32CubeIDE/plugins/com.st.stm32cube.ide.mcu.externaltools.gnu-tools-for-stm32.14.3.rel1.win32_1.0.100.202602081740/tools/bin/../lib/gcc/arm-none-eabi/14.3.1/thumb/v7e-m+fp/hard\libgcc.a(_arm_cmpdf2.o)
                0x08000a3c                __gtdf2
                0x08000a3c                __gedf2
                0x08000a44                __ltdf2
                0x08000a44                __ledf2
                0x08000a4c                __nedf2
                0x08000a4c                __eqdf2
                0x08000a4c                __cmpdf2
                0x08000ac8                __aeabi_cdrcmple
                0x08000ad8                __aeabi_cdcmpeq
                0x08000ad8                __aeabi_cdcmple
                0x08000ae8                __aeabi_dcmpeq
                0x08000afc                __aeabi_dcmplt
                0x08000b10                __aeabi_dcmple
                0x08000b24                __aeabi_dcmpge
                0x08000b38                __aeabi_dcmpgt
 .text          0x08000b4c       0x2c D:/ST/STM32CubeIDE_2.1.0/STM32CubeIDE/plugins/com.st.stm32cube.ide.mcu.externaltools.gnu-tools-for-stm32.14.3.rel1.win32_1.0.100.202602081740/tools/bin/../lib/gcc/arm-none-eabi/14.3.1/thumb/v7e-m+fp/hard\libgcc.a(_arm_unorddf2.o)
                0x08000b4c                __unorddf2
                0x08000b4c                __aeabi_dcmpun
 .text          0x08000b78       0x50 D:/ST/STM32CubeIDE_2.1.0/STM32CubeIDE/plugins/com.st.stm32cube.ide.mcu.externaltools.gnu-tools-for-stm32.14.3.rel1.win32_1.0.100.202602081740/tools/bin/../lib/gcc/arm-none-eabi/14.3.1/thumb/v7e-m+fp/hard\libgcc.a(_arm_fixdfsi.o)
                0x08000b78                __aeabi_d2iz
                0x08000b78                __fixdfsi
 .text          0x08000bc8       0x40 D:/ST/STM32CubeIDE_2.1.0/STM32CubeIDE/plugins/com.st.stm32cube.ide.mcu.externaltools.gnu-tools-for-stm32.14.3.rel1.win32_1.0.100.202602081740/tools/bin/../lib/gcc/arm-none-eabi/14.3.1/thumb/v7e-m+fp/hard\libgcc.a(_arm_fixunsdfsi.o)
                0x08000bc8                __aeabi_d2uiz
                0x08000bc8                __fixunsdfsi
 .text          0x08000c08       0xa0 D:/ST/STM32CubeIDE_2.1.0/STM32CubeIDE/plugins/com.st.stm32cube.ide.mcu.externaltools.gnu-tools-for-stm32.14.3.rel1.win32_1.0.100.202602081740/tools/bin/../lib/gcc/arm-none-eabi/14.3.1/thumb/v7e-m+fp/hard\libgcc.a(_arm_truncdfsf2.o)
                0x08000c08                __truncdfsf2
                0x08000c08                __aeabi_d2f
 .text          0x08000ca8       0xa0 D:/ST/STM32CubeIDE_2.1.0/STM32CubeIDE/plugins/com.st.stm32cube.ide.mcu.externaltools.gnu-tools-for-stm32.14.3.rel1.win32_1.0.100.202602081740/tools/bin/../lib/gcc/arm-none-eabi/14.3.1/thumb/v7e-m+fp/hard\libgcc.a(_aeabi_ldivmod.o)
                0x08000ca8                __aeabi_ldivmod
 .text          0x08000d48       0x30 D:/ST/STM32CubeIDE_2.1.0/STM32CubeIDE/plugins/com.st.stm32cube.ide.mcu.externaltools.gnu-tools-for-stm32.14.3.rel1.win32_1.0.100.202602081740/tools/bin/../lib/gcc/arm-none-eabi/14.3.1/thumb/v7e-m+fp/hard\libgcc.a(_aeabi_uldivmod.o)
                0x08000d48                __aeabi_uldivmod
 .text          0x08000d78       0x30 D:/ST/STM32CubeIDE_2.1.0/STM32CubeIDE/plugins/com.st.stm32cube.ide.mcu.externaltools.gnu-tools-for-stm32.14.3.rel1.win32_1.0.100.202602081740/tools/bin/../lib/gcc/arm-none-eabi/14.3.1/thumb/v7e-m+fp/hard\libgcc.a(_fixdfdi.o)
                0x08000d78                __fixdfdi
                0x08000d78                __aeabi_d2lz
 .text          0x08000da8       0x3c D:/ST/STM32CubeIDE_2.1.0/STM32CubeIDE/plugins/com.st.stm32cube.ide.mcu.externaltools.gnu-tools-for-stm32.14.3.rel1.win32_1.0.100.202602081740/tools/bin/../lib/gcc/arm-none-eabi/14.3.1/thumb/v7e-m+fp/hard\libgcc.a(_fixunsdfdi.o)
                0x08000da8                __fixunsdfdi
                0x08000da8                __aeabi_d2ulz
 .text          0x08000de4      0x2f8 D:/ST/STM32CubeIDE_2.1.0/STM32CubeIDE/plugins/com.st.stm32cube.ide.mcu.externaltools.gnu-tools-for-stm32.14.3.rel1.win32_1.0.100.202602081740/tools/bin/../lib/gcc/arm-none-eabi/14.3.1/thumb/v7e-m+fp/hard\libgcc.a(_udivmoddi4.o)
                0x08000de4                __udivmoddi4
 .text          0x080010dc        0x4 D:/ST/STM32CubeIDE_2.1.0/STM32CubeIDE/plugins/com.st.stm32cube.ide.mcu.externaltools.gnu-tools-for-stm32.14.3.rel1.win32_1.0.100.202602081740/tools/bin/../lib/gcc/arm-none-eabi/14.3.1/thumb/v7e-m+fp/hard\libgcc.a(_dvmd_tls.o)
                0x080010dc                __aeabi_idiv0
                0x080010dc                __aeabi_ldiv0
 *(.text*)
 .text.MX_DMA_Init
                0x080010e0       0x40 ./Core/Src/dma.o
                0x080010e0                MX_DMA_Init
 .text.MX_GPIO_Init
                0x08001120       0x44 ./Core/Src/gpio.o
                0x08001120                MX_GPIO_Init
 *fill*         0x08001164        0x4 
 .text.MX_User_LED_Init
                0x08001168       0x40 ./Core/Src/gpio.o
                0x08001168                MX_User_LED_Init
 .text.HAL_TIM_PeriodElapsedCallback
                0x080011a8       0x18 ./Core/Src/main.o
                0x080011a8                HAL_TIM_PeriodElapsedCallback
 .text.Error_Handler
                0x080011c0       0x30 ./Core/Src/main.o
                0x080011c0                Error_Handler
 .text.SystemClock_Config
                0x080011f0       0xc8 ./Core/Src/main.o
                0x080011f0                SystemClock_Config
 .text.startup.main
                0x080012b8       0xf8 ./Core/Src/main.o
                0x080012b8                main
 .text.rtklib_rover_ubx_link_train.part.0
                0x080013b0       0x74 ./Core/Src/rtklib_app.o
 *fill*         0x08001424        0x4 
 .text.earliest_plausible_obs_time
                0x08001428       0xf4 ./Core/Src/rtklib_app.o
 *fill*         0x0800151c        0x4 
 .text.refresh_mon_nav_metrics
                0x08001520      0x124 ./Core/Src/rtklib_app.o
 *fill*         0x08001644        0x4 
 .text.rtklib_init
                0x08001648      0x158 ./Core/Src/rtklib_app.o
                0x08001648                rtklib_init
 .text.rtklib_rover_ubx_link_train
                0x080017a0       0x10 ./Core/Src/rtklib_app.o
                0x080017a0                rtklib_rover_ubx_link_train
 .text.rtklib_process
                0x080017b0      0xdc0 ./Core/Src/rtklib_app.o
                0x080017b0                rtklib_process
 .text.HAL_MspInit
                0x08002570       0x30 ./Core/Src/stm32l4xx_hal_msp.o
                0x08002570                HAL_MspInit
 .text.NMI_Handler
                0x080025a0        0x8 ./Core/Src/stm32l4xx_it.o
                0x080025a0                NMI_Handler
 .text.HardFault_Handler
                0x080025a8        0x4 ./Core/Src/stm32l4xx_it.o
                0x080025a8                HardFault_Handler
 .text.MemManage_Handler
                0x080025ac        0x4 ./Core/Src/stm32l4xx_it.o
                0x080025ac                MemManage_Handler
 .text.BusFault_Handler
                0x080025b0        0x4 ./Core/Src/stm32l4xx_it.o
                0x080025b0                BusFault_Handler
 .text.UsageFault_Handler
                0x080025b4        0x4 ./Core/Src/stm32l4xx_it.o
                0x080025b4                UsageFault_Handler
 .text.SVC_Handler
                0x080025b8        0x4 ./Core/Src/stm32l4xx_it.o
                0x080025b8                SVC_Handler
 .text.DebugMon_Handler
                0x080025bc        0x4 ./Core/Src/stm32l4xx_it.o
                0x080025bc                DebugMon_Handler
 .text.PendSV_Handler
                0x080025c0        0x4 ./Core/Src/stm32l4xx_it.o
                0x080025c0                PendSV_Handler
 .text.SysTick_Handler
                0x080025c4        0x4 ./Core/Src/stm32l4xx_it.o
                0x080025c4                SysTick_Handler
 .text.DMA1_Channel5_IRQHandler
                0x080025c8        0xc ./Core/Src/stm32l4xx_it.o
                0x080025c8                DMA1_Channel5_IRQHandler
 .text.DMA1_Channel6_IRQHandler
                0x080025d4        0xc ./Core/Src/stm32l4xx_it.o
                0x080025d4                DMA1_Channel6_IRQHandler
 .text.TIM2_IRQHandler
                0x080025e0        0xc ./Core/Src/stm32l4xx_it.o
                0x080025e0                TIM2_IRQHandler
 .text.USART1_IRQHandler
                0x080025ec        0xc ./Core/Src/stm32l4xx_it.o
                0x080025ec                USART1_IRQHandler
 .text.USART2_IRQHandler
                0x080025f8        0xc ./Core/Src/stm32l4xx_it.o
                0x080025f8                USART2_IRQHandler
 .text.USART3_IRQHandler
                0x08002604        0xc ./Core/Src/stm32l4xx_it.o
                0x08002604                USART3_IRQHandler
 .text._getpid  0x08002610        0x4 ./Core/Src/syscalls.o
                0x08002610                _getpid
 .text._kill    0x08002614       0x10 ./Core/Src/syscalls.o
                0x08002614                _kill
 .text._exit    0x08002624        0xc ./Core/Src/syscalls.o
                0x08002624                _exit
 .text._read    0x08002630       0x1c ./Core/Src/syscalls.o
                0x08002630                _read
 .text._close   0x0800264c        0x8 ./Core/Src/syscalls.o
                0x0800264c                _close
 .text._fstat   0x08002654        0xc ./Core/Src/syscalls.o
                0x08002654                _fstat
 .text._isatty  0x08002660        0x4 ./Core/Src/syscalls.o
                0x08002660                _isatty
 .text._lseek   0x08002664        0x4 ./Core/Src/syscalls.o
                0x08002664                _lseek
 .text._sbrk    0x08002668       0x44 ./Core/Src/sysmem.o
                0x08002668                _sbrk
 .text.SystemInit
                0x080026ac       0x14 ./Core/Src/system_stm32l4xx.o
                0x080026ac                SystemInit
 .text.MX_TIM2_Init
                0x080026c0       0x74 ./Core/Src/tim.o
                0x080026c0                MX_TIM2_Init
 .text.HAL_TIM_Base_MspInit
                0x08002734       0x3c ./Core/Src/tim.o
                0x08002734                HAL_TIM_Base_MspInit
 .text.MX_USART1_UART_Init
                0x08002770       0x3c ./Core/Src/usart.o
                0x08002770                MX_USART1_UART_Init
 .text.MX_USART2_UART_Init
                0x080027ac       0x3c ./Core/Src/usart.o
                0x080027ac                MX_USART2_UART_Init
 .text.MX_USART3_UART_Init
                0x080027e8       0x3c ./Core/Src/usart.o
                0x080027e8                MX_USART3_UART_Init
 *fill*         0x08002824        0x4 
 .text.HAL_UART_MspInit
                0x08002828      0x224 ./Core/Src/usart.o
                0x08002828                HAL_UART_MspInit
 .text.usart1_apply_baud
                0x08002a4c       0x3c ./Core/Src/usart.o
                0x08002a4c                usart1_apply_baud
 .text.rtklib_uart_start_rx_it
                0x08002a88       0x44 ./Core/Src/usart.o
                0x08002a88                rtklib_uart_start_rx_it
 .text.HAL_UART_RxCpltCallback
                0x08002acc       0x78 ./Core/Src/usart.o
                0x08002acc                HAL_UART_RxCpltCallback
 .text.HAL_UART_ErrorCallback
                0x08002b44       0x80 ./Core/Src/usart.o
                0x08002b44                HAL_UART_ErrorCallback
 .text.Reset_Handler
                0x08002bc4       0x6c ./Core/Startup/startup_stm32l476rctx.o
                0x08002bc4                Reset_Handler
 .text.Default_Handler
                0x08002c30        0x2 ./Core/Startup/startup_stm32l476rctx.o
                0x08002c30                RTC_Alarm_IRQHandler
                0x08002c30                EXTI2_IRQHandler
                0x08002c30                TIM8_TRG_COM_IRQHandler
                0x08002c30                TIM8_CC_IRQHandler
                0x08002c30                TIM1_CC_IRQHandler
                0x08002c30                TSC_IRQHandler
                0x08002c30                TAMP_STAMP_IRQHandler
                0x08002c30                EXTI3_IRQHandler
                0x08002c30                LPTIM2_IRQHandler
                0x08002c30                DFSDM1_FLT1_IRQHandler
                0x08002c30                I2C3_ER_IRQHandler
                0x08002c30                DFSDM1_FLT2_IRQHandler
                0x08002c30                EXTI0_IRQHandler
                0x08002c30                I2C2_EV_IRQHandler
                0x08002c30                CAN1_RX0_IRQHandler
                0x08002c30                FPU_IRQHandler
                0x08002c30                TIM1_UP_TIM16_IRQHandler
                0x08002c30                ADC1_2_IRQHandler
                0x08002c30                SPI1_IRQHandler
                0x08002c30                TIM6_DAC_IRQHandler
                0x08002c30                TIM8_UP_IRQHandler
                0x08002c30                DMA2_Channel2_IRQHandler
                0x08002c30                DMA1_Channel4_IRQHandler
                0x08002c30                SAI2_IRQHandler
                0x08002c30                DFSDM1_FLT3_IRQHandler
                0x08002c30                DMA1_Channel7_IRQHandler
                0x08002c30                CAN1_RX1_IRQHandler
                0x08002c30                LCD_IRQHandler
                0x08002c30                UART5_IRQHandler
                0x08002c30                ADC3_IRQHandler
                0x08002c30                TIM4_IRQHandler
                0x08002c30                DMA2_Channel1_IRQHandler
                0x08002c30                QUADSPI_IRQHandler
                0x08002c30                I2C1_EV_IRQHandler
                0x08002c30                UART4_IRQHandler
                0x08002c30                DMA2_Channel4_IRQHandler
                0x08002c30                TIM3_IRQHandler
                0x08002c30                RCC_IRQHandler
                0x08002c30                DMA1_Channel1_IRQHandler
                0x08002c30                Default_Handler
                0x08002c30                DMA2_Channel7_IRQHandler
                0x08002c30                EXTI15_10_IRQHandler
                0x08002c30                TIM7_IRQHandler
                0x08002c30                SDMMC1_IRQHandler
                0x08002c30                TIM5_IRQHandler
                0x08002c30                I2C3_EV_IRQHandler
                0x08002c30                EXTI9_5_IRQHandler
                0x08002c30                RTC_WKUP_IRQHandler
                0x08002c30                PVD_PVM_IRQHandler
                0x08002c30                SPI2_IRQHandler
                0x08002c30                CAN1_TX_IRQHandler
                0x08002c30                DMA2_Channel5_IRQHandler
                0x08002c30                EXTI4_IRQHandler
                0x08002c30                RNG_IRQHandler
                0x08002c30                TIM1_TRG_COM_TIM17_IRQHandler
                0x08002c30                DMA1_Channel3_IRQHandler
                0x08002c30                COMP_IRQHandler
                0x08002c30                WWDG_IRQHandler
                0x08002c30                LPUART1_IRQHandler
                0x08002c30                DMA2_Channel6_IRQHandler
                0x08002c30                EXTI1_IRQHandler
                0x08002c30                DFSDM1_FLT0_IRQHandler
                0x08002c30                I2C2_ER_IRQHandler
                0x08002c30                DMA1_Channel2_IRQHandler
                0x08002c30                TIM8_BRK_IRQHandler
                0x08002c30                CAN1_SCE_IRQHandler
                0x08002c30                FLASH_IRQHandler
                0x08002c30                OTG_FS_IRQHandler
                0x08002c30                SPI3_IRQHandler
                0x08002c30                I2C1_ER_IRQHandler
                0x08002c30                FMC_IRQHandler
                0x08002c30                SWPMI1_IRQHandler
                0x08002c30                LPTIM1_IRQHandler
                0x08002c30                SAI1_IRQHandler
                0x08002c30                DMA2_Channel3_IRQHandler
                0x08002c30                TIM1_BRK_TIM15_IRQHandler
 *fill*         0x08002c32        0x2 
 .text.HAL_InitTick
                0x08002c34       0x4c ./Drivers/STM32L4xx_HAL_Driver/Src/stm32l4xx_hal.o
                0x08002c34                HAL_InitTick
 .text.HAL_Init
                0x08002c80       0x20 ./Drivers/STM32L4xx_HAL_Driver/Src/stm32l4xx_hal.o
                0x08002c80                HAL_Init
 .text.HAL_IncTick
                0x08002ca0       0x18 ./Drivers/STM32L4xx_HAL_Driver/Src/stm32l4xx_hal.o
                0x08002ca0                HAL_IncTick
 .text.HAL_GetTick
                0x08002cb8        0xc ./Drivers/STM32L4xx_HAL_Driver/Src/stm32l4xx_hal.o
                0x08002cb8                HAL_GetTick
 .text.HAL_Delay
                0x08002cc4       0x24 ./Drivers/STM32L4xx_HAL_Driver/Src/stm32l4xx_hal.o
                0x08002cc4                HAL_Delay
 .text.HAL_NVIC_SetPriorityGrouping
                0x08002ce8       0x24 ./Drivers/STM32L4xx_HAL_Driver/Src/stm32l4xx_hal_cortex.o
                0x08002ce8                HAL_NVIC_SetPriorityGrouping
 .text.HAL_NVIC_SetPriority
                0x08002d0c       0x74 ./Drivers/STM32L4xx_HAL_Driver/Src/stm32l4xx_hal_cortex.o
                0x08002d0c                HAL_NVIC_SetPriority
 .text.HAL_NVIC_EnableIRQ
                0x08002d80       0x1c ./Drivers/STM32L4xx_HAL_Driver/Src/stm32l4xx_hal_cortex.o
                0x08002d80                HAL_NVIC_EnableIRQ
 .text.HAL_SYSTICK_Config
                0x08002d9c       0x34 ./Drivers/STM32L4xx_HAL_Driver/Src/stm32l4xx_hal_cortex.o
                0x08002d9c                HAL_SYSTICK_Config
 .text.HAL_DMA_Init
                0x08002dd0       0xd4 ./Drivers/STM32L4xx_HAL_Driver/Src/stm32l4xx_hal_dma.o
                0x08002dd0                HAL_DMA_Init
 .text.HAL_DMA_Abort
                0x08002ea4       0x4c ./Drivers/STM32L4xx_HAL_Driver/Src/stm32l4xx_hal_dma.o
                0x08002ea4                HAL_DMA_Abort
 .text.HAL_DMA_Abort_IT
                0x08002ef0       0x48 ./Drivers/STM32L4xx_HAL_Driver/Src/stm32l4xx_hal_dma.o
                0x08002ef0                HAL_DMA_Abort_IT
 .text.HAL_DMA_IRQHandler
                0x08002f38       0x9c ./Drivers/STM32L4xx_HAL_Driver/Src/stm32l4xx_hal_dma.o
                0x08002f38                HAL_DMA_IRQHandler
 .text.HAL_DMA_GetError
                0x08002fd4        0x4 ./Drivers/STM32L4xx_HAL_Driver/Src/stm32l4xx_hal_dma.o
                0x08002fd4                HAL_DMA_GetError
 .text.HAL_GPIO_Init
                0x08002fd8      0x248 ./Drivers/STM32L4xx_HAL_Driver/Src/stm32l4xx_hal_gpio.o
                0x08002fd8                HAL_GPIO_Init
 .text.HAL_GPIO_WritePin
                0x08003220        0xc ./Drivers/STM32L4xx_HAL_Driver/Src/stm32l4xx_hal_gpio.o
                0x08003220                HAL_GPIO_WritePin
 .text.HAL_GPIO_TogglePin
                0x0800322c       0x14 ./Drivers/STM32L4xx_HAL_Driver/Src/stm32l4xx_hal_gpio.o
                0x0800322c                HAL_GPIO_TogglePin
 .text.HAL_PWREx_GetVoltageRange
                0x08003240       0x10 ./Drivers/STM32L4xx_HAL_Driver/Src/stm32l4xx_hal_pwr_ex.o
                0x08003240                HAL_PWREx_GetVoltageRange
 .text.HAL_PWREx_ControlVoltageScaling
                0x08003250       0x80 ./Drivers/STM32L4xx_HAL_Driver/Src/stm32l4xx_hal_pwr_ex.o
                0x08003250                HAL_PWREx_ControlVoltageScaling
 .text.RCC_SetFlashLatencyFromMSIRange
                0x080032d0       0x8c ./Drivers/STM32L4xx_HAL_Driver/Src/stm32l4xx_hal_rcc.o
 .text.HAL_RCC_GetSysClockFreq
                0x0800335c       0xa4 ./Drivers/STM32L4xx_HAL_Driver/Src/stm32l4xx_hal_rcc.o
                0x0800335c                HAL_RCC_GetSysClockFreq
 .text.HAL_RCC_OscConfig
                0x08003400      0x5d0 ./Drivers/STM32L4xx_HAL_Driver/Src/stm32l4xx_hal_rcc.o
                0x08003400                HAL_RCC_OscConfig
 .text.HAL_RCC_ClockConfig
                0x080039d0      0x16c ./Drivers/STM32L4xx_HAL_Driver/Src/stm32l4xx_hal_rcc.o
                0x080039d0                HAL_RCC_ClockConfig
 .text.HAL_RCC_GetPCLK1Freq
                0x08003b3c       0x24 ./Drivers/STM32L4xx_HAL_Driver/Src/stm32l4xx_hal_rcc.o
                0x08003b3c                HAL_RCC_GetPCLK1Freq
 .text.HAL_RCC_GetPCLK2Freq
                0x08003b60       0x24 ./Drivers/STM32L4xx_HAL_Driver/Src/stm32l4xx_hal_rcc.o
                0x08003b60                HAL_RCC_GetPCLK2Freq
 .text.HAL_RCC_EnableCSS
                0x08003b84       0x10 ./Drivers/STM32L4xx_HAL_Driver/Src/stm32l4xx_hal_rcc.o
                0x08003b84                HAL_RCC_EnableCSS
 .text.HAL_RCC_CSSCallback
                0x08003b94        0x4 ./Drivers/STM32L4xx_HAL_Driver/Src/stm32l4xx_hal_rcc.o
                0x08003b94                HAL_RCC_CSSCallback
 .text.HAL_RCC_NMI_IRQHandler
                0x08003b98       0x1c ./Drivers/STM32L4xx_HAL_Driver/Src/stm32l4xx_hal_rcc.o
                0x08003b98                HAL_RCC_NMI_IRQHandler
 .text.RCCEx_PLLSAI1_Config
                0x08003bb4      0x11c ./Drivers/STM32L4xx_HAL_Driver/Src/stm32l4xx_hal_rcc_ex.o
 .text.RCCEx_PLLSAI2_Config
                0x08003cd0      0x100 ./Drivers/STM32L4xx_HAL_Driver/Src/stm32l4xx_hal_rcc_ex.o
 .text.HAL_RCCEx_PeriphCLKConfig
                0x08003dd0      0x418 ./Drivers/STM32L4xx_HAL_Driver/Src/stm32l4xx_hal_rcc_ex.o
                0x08003dd0                HAL_RCCEx_PeriphCLKConfig
 .text.HAL_TIM_Base_Start_IT
                0x080041e8       0x7c ./Drivers/STM32L4xx_HAL_Driver/Src/stm32l4xx_hal_tim.o
                0x080041e8                HAL_TIM_Base_Start_IT
 .text.HAL_TIM_ConfigClockSource
                0x08004264      0x154 ./Drivers/STM32L4xx_HAL_Driver/Src/stm32l4xx_hal_tim.o
                0x08004264                HAL_TIM_ConfigClockSource
 .text.HAL_TIM_OC_DelayElapsedCallback
                0x080043b8        0x4 ./Drivers/STM32L4xx_HAL_Driver/Src/stm32l4xx_hal_tim.o
                0x080043b8                HAL_TIM_OC_DelayElapsedCallback
 .text.HAL_TIM_IC_CaptureCallback
                0x080043bc        0x4 ./Drivers/STM32L4xx_HAL_Driver/Src/stm32l4xx_hal_tim.o
                0x080043bc                HAL_TIM_IC_CaptureCallback
 .text.HAL_TIM_PWM_PulseFinishedCallback
                0x080043c0        0x4 ./Drivers/STM32L4xx_HAL_Driver/Src/stm32l4xx_hal_tim.o
                0x080043c0                HAL_TIM_PWM_PulseFinishedCallback
 .text.HAL_TIM_TriggerCallback
                0x080043c4        0x4 ./Drivers/STM32L4xx_HAL_Driver/Src/stm32l4xx_hal_tim.o
                0x080043c4                HAL_TIM_TriggerCallback
 .text.HAL_TIM_IRQHandler
                0x080043c8      0x154 ./Drivers/STM32L4xx_HAL_Driver/Src/stm32l4xx_hal_tim.o
                0x080043c8                HAL_TIM_IRQHandler
 .text.TIM_Base_SetConfig
                0x0800451c       0xe0 ./Drivers/STM32L4xx_HAL_Driver/Src/stm32l4xx_hal_tim.o
                0x0800451c                TIM_Base_SetConfig
 .text.HAL_TIM_Base_Init
                0x080045fc       0x64 ./Drivers/STM32L4xx_HAL_Driver/Src/stm32l4xx_hal_tim.o
                0x080045fc                HAL_TIM_Base_Init
 .text.HAL_TIMEx_MasterConfigSynchronization
                0x08004660       0xa0 ./Drivers/STM32L4xx_HAL_Driver/Src/stm32l4xx_hal_tim_ex.o
                0x08004660                HAL_TIMEx_MasterConfigSynchronization
 .text.HAL_TIMEx_CommutCallback
                0x08004700        0x4 ./Drivers/STM32L4xx_HAL_Driver/Src/stm32l4xx_hal_tim_ex.o
                0x08004700                HAL_TIMEx_CommutCallback
 .text.HAL_TIMEx_BreakCallback
                0x08004704        0x4 ./Drivers/STM32L4xx_HAL_Driver/Src/stm32l4xx_hal_tim_ex.o
                0x08004704                HAL_TIMEx_BreakCallback
 .text.HAL_TIMEx_Break2Callback
                0x08004708        0x4 ./Drivers/STM32L4xx_HAL_Driver/Src/stm32l4xx_hal_tim_ex.o
                0x08004708                HAL_TIMEx_Break2Callback
 .text.UART_EndRxTransfer
                0x0800470c       0x60 ./Drivers/STM32L4xx_HAL_Driver/Src/stm32l4xx_hal_uart.o
 .text.HAL_UART_AbortTransmit
                0x0800476c       0x68 ./Drivers/STM32L4xx_HAL_Driver/Src/stm32l4xx_hal_uart.o
                0x0800476c                HAL_UART_AbortTransmit
 .text.HAL_UART_TxCpltCallback
                0x080047d4        0x4 ./Drivers/STM32L4xx_HAL_Driver/Src/stm32l4xx_hal_uart.o
                0x080047d4                HAL_UART_TxCpltCallback
 .text.UART_DMAAbortOnError
                0x080047d8       0x14 ./Drivers/STM32L4xx_HAL_Driver/Src/stm32l4xx_hal_uart.o
 .text.HAL_UART_AbortReceiveCpltCallback
                0x080047ec        0x4 ./Drivers/STM32L4xx_HAL_Driver/Src/stm32l4xx_hal_uart.o
                0x080047ec                HAL_UART_AbortReceiveCpltCallback
 .text.HAL_UART_AbortReceive_IT
                0x080047f0       0xd8 ./Drivers/STM32L4xx_HAL_Driver/Src/stm32l4xx_hal_uart.o
                0x080047f0                HAL_UART_AbortReceive_IT
 .text.UART_DMARxOnlyAbortCallback
                0x080048c8       0x28 ./Drivers/STM32L4xx_HAL_Driver/Src/stm32l4xx_hal_uart.o
 .text.HAL_UARTEx_RxEventCallback
                0x080048f0        0x4 ./Drivers/STM32L4xx_HAL_Driver/Src/stm32l4xx_hal_uart.o
                0x080048f0                HAL_UARTEx_RxEventCallback
 .text.HAL_UART_IRQHandler
                0x080048f4      0x340 ./Drivers/STM32L4xx_HAL_Driver/Src/stm32l4xx_hal_uart.o
                0x080048f4                HAL_UART_IRQHandler
 .text.UART_RxISR_8BIT
                0x08004c34       0xdc ./Drivers/STM32L4xx_HAL_Driver/Src/stm32l4xx_hal_uart.o
 .text.UART_RxISR_16BIT
                0x08004d10       0xdc ./Drivers/STM32L4xx_HAL_Driver/Src/stm32l4xx_hal_uart.o
 .text.UART_SetConfig
                0x08004dec      0x234 ./Drivers/STM32L4xx_HAL_Driver/Src/stm32l4xx_hal_uart.o
                0x08004dec                UART_SetConfig
 .text.UART_AdvFeatureConfig
                0x08005020       0xb0 ./Drivers/STM32L4xx_HAL_Driver/Src/stm32l4xx_hal_uart.o
                0x08005020                UART_AdvFeatureConfig
 .text.UART_WaitOnFlagUntilTimeout
                0x080050d0       0xb4 ./Drivers/STM32L4xx_HAL_Driver/Src/stm32l4xx_hal_uart.o
                0x080050d0                UART_WaitOnFlagUntilTimeout
 .text.UART_CheckIdleState
                0x08005184       0xb8 ./Drivers/STM32L4xx_HAL_Driver/Src/stm32l4xx_hal_uart.o
                0x08005184                UART_CheckIdleState
 .text.HAL_UART_Init
                0x0800523c       0x64 ./Drivers/STM32L4xx_HAL_Driver/Src/stm32l4xx_hal_uart.o
                0x0800523c                HAL_UART_Init
 .text.UART_Start_Receive_IT
                0x080052a0       0xcc ./Drivers/STM32L4xx_HAL_Driver/Src/stm32l4xx_hal_uart.o
                0x080052a0                UART_Start_Receive_IT
 .text.HAL_UART_Receive_IT
                0x0800536c       0x44 ./Drivers/STM32L4xx_HAL_Driver/Src/stm32l4xx_hal_uart.o
                0x0800536c                HAL_UART_Receive_IT
 .text.HAL_UARTEx_WakeupCallback
                0x080053b0        0x4 ./Drivers/STM32L4xx_HAL_Driver/Src/stm32l4xx_hal_uart_ex.o
                0x080053b0                HAL_UARTEx_WakeupCallback
 .text.uart1_txq_drain_blocking
                0x080053b4       0x48 ./wares/port/rtklib_port.o
 .text.rtklib_port_allocator_reset
                0x080053fc        0x4 ./wares/port/rtklib_port.o
                0x080053fc                rtklib_port_allocator_reset
 .text.rtklib_malloc
                0x08005400        0x8 ./wares/port/rtklib_port.o
                0x08005400                rtklib_malloc
 .text.rtklib_calloc
                0x08005408        0xc ./wares/port/rtklib_port.o
                0x08005408                rtklib_calloc
 .text.rtklib_free
                0x08005414        0x4 ./wares/port/rtklib_port.o
                0x08005414                rtklib_free
 .text.rtklib_port_uart2_send
                0x08005418       0x28 ./wares/port/rtklib_port.o
                0x08005418                rtklib_port_uart2_send
 .text.rtklib_port_debug_send
                0x08005440       0x48 ./wares/port/rtklib_port.o
                0x08005440                rtklib_port_debug_send
 .text.rtklib_port_uart1_send
                0x08005488       0x68 ./wares/port/rtklib_port.o
                0x08005488                rtklib_port_uart1_send
 .text._write   0x080054f0        0x8 ./wares/port/rtklib_port.o
                0x080054f0                _write
 .text.rtklib_serial_reset_usart1_ring
                0x080054f8       0x38 ./wares/port/rtklib_serial.o
                0x080054f8                rtklib_serial_reset_usart1_ring
 .text.rtklib_serial_set_read_port
                0x08005530       0x10 ./wares/port/rtklib_serial.o
                0x08005530                rtklib_serial_set_read_port
 .text.rtklib_serial_feed_usart1_isr
                0x08005540       0x80 ./wares/port/rtklib_serial.o
                0x08005540                rtklib_serial_feed_usart1_isr
 .text.rtklib_serial_feed_usart3_isr
                0x080055c0       0x50 ./wares/port/rtklib_serial.o
                0x080055c0                rtklib_serial_feed_usart3_isr
 .text.rtklib_serial_get_rx1_total
                0x08005610        0xc ./wares/port/rtklib_serial.o
                0x08005610                rtklib_serial_get_rx1_total
 .text.rtklib_serial_get_rx2_total
                0x0800561c        0xc ./wares/port/rtklib_serial.o
                0x0800561c                rtklib_serial_get_rx2_total
 .text.rtklib_serial_get_ubx_sync_total
                0x08005628        0xc ./wares/port/rtklib_serial.o
                0x08005628                rtklib_serial_get_ubx_sync_total
 .text.rtklib_serial_get_rtcm_preamble_total
                0x08005634        0xc ./wares/port/rtklib_serial.o
                0x08005634                rtklib_serial_get_rtcm_preamble_total
 .text.rtklib_serial_get_rtcm_preamble_uart1_total
                0x08005640        0xc ./wares/port/rtklib_serial.o
                0x08005640                rtklib_serial_get_rtcm_preamble_uart1_total
 .text.rtklib_uart_read
                0x0800564c       0xc4 ./wares/port/rtklib_serial.o
                0x0800564c                rtklib_uart_read
 .text.rtklib_get_gpst_seconds
                0x08005710       0x1c ./wares/port/rtklib_time.o
                0x08005710                rtklib_get_gpst_seconds
 .text.rtklib_delay_ms
                0x0800572c        0x4 ./wares/port/rtklib_time.o
                0x0800572c                rtklib_delay_ms
 .text.time_near_ref
                0x08005730       0xc0 ./wares/src/datum.o
 .text.satantoff
                0x080057f0       0x28 ./wares/src/datum.o
                0x080057f0                satantoff
 .text.sbssatcorr
                0x08005818       0x24 ./wares/src/datum.o
                0x08005818                sbssatcorr
 .text.peph2pos
                0x0800583c       0x24 ./wares/src/datum.o
                0x0800583c                peph2pos
 .text.iontec   0x08005860       0x30 ./wares/src/datum.o
                0x08005860                iontec
 .text.sbsioncorr
                0x08005890       0x30 ./wares/src/datum.o
                0x08005890                sbsioncorr
 .text.sbstropcorr
                0x080058c0       0x30 ./wares/src/datum.o
                0x080058c0                sbstropcorr
 .text.pppnx    0x080058f0        0x4 ./wares/src/datum.o
                0x080058f0                pppnx
 *fill*         0x080058f4        0x4 
 .text.decode_frame
                0x080058f8      0x498 ./wares/src/datum.o
                0x080058f8                decode_frame
 .text.test_glostr
                0x08005d90        0x4 ./wares/src/datum.o
                0x08005d90                test_glostr
 .text.decode_glostr
                0x08005d94        0x4 ./wares/src/datum.o
                0x08005d94                decode_glostr
 .text.decode_bds_d1
                0x08005d98        0x4 ./wares/src/datum.o
                0x08005d98                decode_bds_d1
 .text.decode_bds_d2
                0x08005d9c        0x4 ./wares/src/datum.o
                0x08005d9c                decode_bds_d2
 .text.decode_gal_inav
                0x08005da0        0x4 ./wares/src/datum.o
                0x08005da0                decode_gal_inav
 .text.sbsdecodemsg
                0x08005da4       0x10 ./wares/src/datum.o
                0x08005da4                sbsdecodemsg
 *fill*         0x08005db4        0x4 
 .text.selgeph  0x08005db8      0x14c ./wares/src/ephemeris.o
 *fill*         0x08005f04        0x4 
 .text.selseph  0x08005f08       0xfc ./wares/src/ephemeris.o
 *fill*         0x08006004        0x4 
 .text.seleph   0x08006008      0x204 ./wares/src/ephemeris.o
 *fill*         0x0800620c        0x4 
 .text.deq      0x08006210      0x1d0 ./wares/src/ephemeris.o
 .text.eph2clk  0x080063e0      0x124 ./wares/src/ephemeris.o
                0x080063e0                eph2clk
 *fill*         0x08006504        0x4 
 .text.eph2pos  0x08006508      0x94c ./wares/src/ephemeris.o
                0x08006508                eph2pos
 .text.geph2clk
                0x08006e54       0xa0 ./wares/src/ephemeris.o
                0x08006e54                geph2clk
 *fill*         0x08006ef4        0x4 
 .text.geph2pos
                0x08006ef8      0x2d8 ./wares/src/ephemeris.o
                0x08006ef8                geph2pos
 .text.seph2clk
                0x080071d0       0xac ./wares/src/ephemeris.o
                0x080071d0                seph2clk
 .text.ephclk   0x0800727c       0xf0 ./wares/src/ephemeris.o
 .text.seph2pos
                0x0800736c       0xf4 ./wares/src/ephemeris.o
                0x0800736c                seph2pos
 .text.ephpos   0x08007460      0x204 ./wares/src/ephemeris.o
 *fill*         0x08007664        0x4 
 .text.satpos_ssr.constprop.0
                0x08007668      0x6a0 ./wares/src/ephemeris.o
 .text.satpos   0x08007d08      0x1a0 ./wares/src/ephemeris.o
                0x08007d08                satpos
 .text.satposs  0x08007ea8      0x2f4 ./wares/src/ephemeris.o
                0x08007ea8                satposs
 .text.getseleph
                0x0800819c       0x68 ./wares/src/ephemeris.o
                0x0800819c                getseleph
 *fill*         0x08008204        0x4 
 .text.gettgd   0x08008208       0xb0 ./wares/src/pntpos.o
 .text.ionocorr
                0x080082b8      0x164 ./wares/src/pntpos.o
                0x080082b8                ionocorr
 *fill*         0x0800841c        0x4 
 .text.tropcorr
                0x08008420      0x138 ./wares/src/pntpos.o
                0x08008420                tropcorr
 .text.estpos   0x08008558     0x100c ./wares/src/pntpos.o
 *fill*         0x08009564        0x4 
 .text.pntpos   0x08009568      0x9ec ./wares/src/pntpos.o
                0x08009568                pntpos
 *fill*         0x08009f54        0x4 
 .text.init_raw
                0x08009f58      0x1bc ./wares/src/rcvraw.o
                0x08009f58                init_raw
 *fill*         0x0800a114        0x4 
 .text.init_rtcm
                0x0800a118      0x270 ./wares/src/rtcm.o
                0x0800a118                init_rtcm
 .text.input_rtcm3
                0x0800a388       0xb0 ./wares/src/rtcm.o
                0x0800a388                input_rtcm3
 .text.obsindex
                0x0800a438       0x84 ./wares/src/rtcm3.o
 *fill*         0x0800a4bc        0x4 
 .text.adjweek  0x0800a4c0       0xd8 ./wares/src/rtcm3.o
 .text.test_staid
                0x0800a598       0x78 ./wares/src/rtcm3.o
 .text.decode_head1001
                0x0800a610      0x10c ./wares/src/rtcm3.o
 .text.decode_type1008
                0x0800a71c      0x164 ./wares/src/rtcm3.o
 .text.adjday_glot
                0x0800a880      0x178 ./wares/src/rtcm3.o
 .text.decode_head1009
                0x0800a9f8      0x10c ./wares/src/rtcm3.o
 *fill*         0x0800ab04        0x4 
 .text.decode_msm_head
                0x0800ab08      0x2b0 ./wares/src/rtcm3.o
 .text.decode_type1019
                0x0800adb8      0x618 ./wares/src/rtcm3.o
 .text.decode_type1041
                0x0800b3d0      0x598 ./wares/src/rtcm3.o
 .text.decode_type1044
                0x0800b968      0x600 ./wares/src/rtcm3.o
 .text.decode_type1042
                0x0800bf68      0x6d0 ./wares/src/rtcm3.o
 .text.save_msm_obs
                0x0800c638      0x838 ./wares/src/rtcm3.o
 .text.decode_msm4
                0x0800ce70      0x350 ./wares/src/rtcm3.o
 .text.decode_msm5
                0x0800d1c0      0x478 ./wares/src/rtcm3.o
 .text.decode_msm6
                0x0800d638      0x358 ./wares/src/rtcm3.o
 .text.decode_msm7
                0x0800d990      0x488 ./wares/src/rtcm3.o
 .text.decode_ssr_epoch
                0x0800de18       0x64 ./wares/src/rtcm3.o
 .text.decode_ssr2_head
                0x0800de7c      0x14c ./wares/src/rtcm3.o
 .text.decode_ssr2
                0x0800dfc8      0x238 ./wares/src/rtcm3.o
 .text.decode_ssr3
                0x0800e200      0x2c4 ./wares/src/rtcm3.o
 .text.decode_ssr5
                0x0800e4c4      0x1a8 ./wares/src/rtcm3.o
 *fill*         0x0800e66c        0x4 
 .text.decode_ssr6
                0x0800e670      0x1c0 ./wares/src/rtcm3.o
 .text.decode_ssr7
                0x0800e830      0x4a4 ./wares/src/rtcm3.o
 .text.decode_ssr1_head.constprop.0
                0x0800ecd4      0x1c4 ./wares/src/rtcm3.o
 .text.decode_ssr4
                0x0800ee98      0x420 ./wares/src/rtcm3.o
 .text.decode_ssr1
                0x0800f2b8      0x378 ./wares/src/rtcm3.o
 .text.decode_type1010
                0x0800f630      0x384 ./wares/src/rtcm3.o
 *fill*         0x0800f9b4        0x4 
 .text.decode_type1002
                0x0800f9b8      0x364 ./wares/src/rtcm3.o
 *fill*         0x0800fd1c        0x4 
 .text.decode_type1012
                0x0800fd20      0x5a4 ./wares/src/rtcm3.o
 *fill*         0x080102c4        0x4 
 .text.decode_type1004
                0x080102c8      0x5a4 ./wares/src/rtcm3.o
 *fill*         0x0801086c        0x4 
 .text.decode_type1005
                0x08010870      0x1e8 ./wares/src/rtcm3.o
 .text.decode_type1006
                0x08010a58      0x218 ./wares/src/rtcm3.o
 .text.decode_type1020
                0x08010c70      0x73c ./wares/src/rtcm3.o
 *fill*         0x080113ac        0x4 
 .text.decode_rtcm3
                0x080113b0     0x2128 ./wares/src/rtcm3.o
                0x080113b0                decode_rtcm3
 .text.fatalerr
                0x080134d8       0x30 ./wares/src/rtkcmn.o
 .text.satno    0x08013508       0x18 ./wares/src/rtkcmn.o
                0x08013508                satno
 .text.satsys   0x08013520       0x14 ./wares/src/rtkcmn.o
                0x08013520                satsys
 .text.satno2id
                0x08013534       0x1c ./wares/src/rtkcmn.o
                0x08013534                satno2id
 .text.satexclude
                0x08013550       0x58 ./wares/src/rtkcmn.o
                0x08013550                satexclude
 .text.testsnr  0x080135a8       0xe4 ./wares/src/rtkcmn.o
                0x080135a8                testsnr
 .text.obs2code
                0x0801368c       0x30 ./wares/src/rtkcmn.o
                0x0801368c                obs2code
 .text.code2idx
                0x080136bc      0x194 ./wares/src/rtkcmn.o
                0x080136bc                code2idx
 .text.code2freq
                0x08013850      0x28c ./wares/src/rtkcmn.o
                0x08013850                code2freq
 *fill*         0x08013adc        0x4 
 .text.sat2freq
                0x08013ae0       0x5c ./wares/src/rtkcmn.o
                0x08013ae0                sat2freq
 .text.getcodepri
                0x08013b3c      0x118 ./wares/src/rtkcmn.o
                0x08013b3c                getcodepri
 .text.getbitu  0x08013c54       0x48 ./wares/src/rtkcmn.o
                0x08013c54                getbitu
 .text.getbits  0x08013c9c       0x6c ./wares/src/rtkcmn.o
                0x08013c9c                getbits
 .text.setbitu  0x08013d08       0x5c ./wares/src/rtkcmn.o
                0x08013d08                setbitu
 .text.rtk_crc24q
                0x08013d64       0x38 ./wares/src/rtkcmn.o
                0x08013d64                rtk_crc24q
 .text.mat      0x08013d9c       0x2c ./wares/src/rtkcmn.o
                0x08013d9c                mat
 .text.imat     0x08013dc8       0x2c ./wares/src/rtkcmn.o
                0x08013dc8                imat
 .text.zeros    0x08013df4       0x2c ./wares/src/rtkcmn.o
                0x08013df4                zeros
 .text.dot      0x08013e20       0x4c ./wares/src/rtkcmn.o
                0x08013e20                dot
 .text.norm     0x08013e6c       0x4c ./wares/src/rtkcmn.o
                0x08013e6c                norm
 .text.cross3   0x08013eb8       0x94 ./wares/src/rtkcmn.o
                0x08013eb8                cross3
 .text.normv3   0x08013f4c       0xac ./wares/src/rtkcmn.o
                0x08013f4c                normv3
 .text.matcpy   0x08013ff8        0xc ./wares/src/rtkcmn.o
                0x08013ff8                matcpy
 .text.matmul   0x08014004      0x218 ./wares/src/rtkcmn.o
                0x08014004                matmul
 *fill*         0x0801421c        0x4 
 .text.matinv   0x08014220      0x548 ./wares/src/rtkcmn.o
                0x08014220                matinv
 .text.lsq      0x08014768       0xcc ./wares/src/rtkcmn.o
                0x08014768                lsq
 .text.epoch2time
                0x08014834      0x108 ./wares/src/rtkcmn.o
                0x08014834                epoch2time
 .text.time2epoch
                0x0801493c      0x128 ./wares/src/rtkcmn.o
                0x0801493c                time2epoch
 *fill*         0x08014a64        0x4 
 .text.gpst2time
                0x08014a68       0xa8 ./wares/src/rtkcmn.o
                0x08014a68                gpst2time
 .text.time2gpst
                0x08014b10       0x8c ./wares/src/rtkcmn.o
                0x08014b10                time2gpst
 *fill*         0x08014b9c        0x4 
 .text.bdt2time
                0x08014ba0       0xa8 ./wares/src/rtkcmn.o
                0x08014ba0                bdt2time
 .text.time2bdt
                0x08014c48       0x8c ./wares/src/rtkcmn.o
                0x08014c48                time2bdt
 .text.timeadd  0x08014cd4       0x64 ./wares/src/rtkcmn.o
                0x08014cd4                timeadd
 .text.timediff
                0x08014d38       0x34 ./wares/src/rtkcmn.o
                0x08014d38                timediff
 .text.gpst2utc
                0x08014d6c       0xe8 ./wares/src/rtkcmn.o
                0x08014d6c                gpst2utc
 *fill*         0x08014e54        0x4 
 .text.timeget  0x08014e58       0xd0 ./wares/src/rtkcmn.o
                0x08014e58                timeget
 .text.utc2gpst
                0x08014f28       0xec ./wares/src/rtkcmn.o
                0x08014f28                utc2gpst
 .text.gpst2bdt
                0x08015014       0x68 ./wares/src/rtkcmn.o
                0x08015014                gpst2bdt
 .text.bdt2gpst
                0x0801507c       0x68 ./wares/src/rtkcmn.o
                0x0801507c                bdt2gpst
 *fill*         0x080150e4        0x4 
 .text.time2str
                0x080150e8       0xe4 ./wares/src/rtkcmn.o
                0x080150e8                time2str
 .text.time_str
                0x080151cc       0x28 ./wares/src/rtkcmn.o
                0x080151cc                time_str
 .text.adjgpsweek
                0x080151f4       0x70 ./wares/src/rtkcmn.o
                0x080151f4                adjgpsweek
 *fill*         0x08015264        0x4 
 .text.ecef2pos
                0x08015268      0x1e4 ./wares/src/rtkcmn.o
                0x08015268                ecef2pos
 .text.xyz2enu  0x0801544c       0xe4 ./wares/src/rtkcmn.o
                0x0801544c                xyz2enu
 .text.trace    0x08015530        0x8 ./wares/src/rtkcmn.o
                0x08015530                trace
 .text.traceb   0x08015538        0x4 ./wares/src/rtkcmn.o
                0x08015538                traceb
 *fill*         0x0801553c        0x4 
 .text.geodist  0x08015540      0x160 ./wares/src/rtkcmn.o
                0x08015540                geodist
 .text.satazel  0x080156a0      0x114 ./wares/src/rtkcmn.o
                0x080156a0                satazel
 *fill*         0x080157b4        0x4 
 .text.dops     0x080157b8      0x2a4 ./wares/src/rtkcmn.o
                0x080157b8                dops
 *fill*         0x08015a5c        0x4 
 .text.ionmodel
                0x08015a60      0x518 ./wares/src/rtkcmn.o
                0x08015a60                ionmodel
 .text.tropmodel
                0x08015f78      0x2c0 ./wares/src/rtkcmn.o
                0x08015f78                tropmodel
 .text.rtkinit  0x08016238      0x1a8 ./wares/src/rtkpos.o
                0x08016238                rtkinit
 .text.decode_nav
                0x080163e0      0x3f0 ./wares/src/ublox.o
 .text.decode_cnav
                0x080167d0      0x284 ./wares/src/ublox.o
 *fill*         0x08016a54        0x4 
 .text.decode_snav
                0x08016a58       0xd4 ./wares/src/ublox.o
 .text.decode_gnav
                0x08016b2c      0x1bc ./wares/src/ublox.o
 .text.decode_enav
                0x08016ce8      0x3d4 ./wares/src/ublox.o
 *fill*         0x080170bc        0x4 
 .text.decode_ubx.constprop.0
                0x080170c0     0x1f34 ./wares/src/ublox.o
 .text.input_ubx
                0x08018ff4       0xc4 ./wares/src/ublox.o
                0x08018ff4                input_ubx
 .text.gen_ubx  0x080190b8      0xae0 ./wares/src/ublox.o
                0x080190b8                gen_ubx
 .text.rtklib_ubx_diag_snapshot
                0x08019b98       0xe4 ./wares/src/ublox.o
                0x08019b98                rtklib_ubx_diag_snapshot
 .text.asin     0x08019c7c       0x68 D:/ST/STM32CubeIDE_2.1.0/STM32CubeIDE/plugins/com.st.stm32cube.ide.mcu.externaltools.gnu-tools-for-stm32.14.3.rel1.win32_1.0.100.202602081740/tools/bin/../lib/gcc/arm-none-eabi/14.3.1/../../../../arm-none-eabi/lib/thumb/v7e-m+fp/hard\libm.a(libm_a-w_asin.o)
                0x08019c7c                asin
 .text.atan2    0x08019ce4        0x4 D:/ST/STM32CubeIDE_2.1.0/STM32CubeIDE/plugins/com.st.stm32cube.ide.mcu.externaltools.gnu-tools-for-stm32.14.3.rel1.win32_1.0.100.202602081740/tools/bin/../lib/gcc/arm-none-eabi/14.3.1/../../../../arm-none-eabi/lib/thumb/v7e-m+fp/hard\libm.a(libm_a-w_atan2.o)
                0x08019ce4                atan2
 .text.exp      0x08019ce8       0xa0 D:/ST/STM32CubeIDE_2.1.0/STM32CubeIDE/plugins/com.st.stm32cube.ide.mcu.externaltools.gnu-tools-for-stm32.14.3.rel1.win32_1.0.100.202602081740/tools/bin/../lib/gcc/arm-none-eabi/14.3.1/../../../../arm-none-eabi/lib/thumb/v7e-m+fp/hard\libm.a(libm_a-w_exp.o)
                0x08019ce8                exp
 .text.fmod     0x08019d88       0x6c D:/ST/STM32CubeIDE_2.1.0/STM32CubeIDE/plugins/com.st.stm32cube.ide.mcu.externaltools.gnu-tools-for-stm32.14.3.rel1.win32_1.0.100.202602081740/tools/bin/../lib/gcc/arm-none-eabi/14.3.1/../../../../arm-none-eabi/lib/thumb/v7e-m+fp/hard\libm.a(libm_a-w_fmod.o)
                0x08019d88                fmod
 *fill*         0x08019df4        0x4 
 .text.pow      0x08019df8       0xf0 D:/ST/STM32CubeIDE_2.1.0/STM32CubeIDE/plugins/com.st.stm32cube.ide.mcu.externaltools.gnu-tools-for-stm32.14.3.rel1.win32_1.0.100.202602081740/tools/bin/../lib/gcc/arm-none-eabi/14.3.1/../../../../arm-none-eabi/lib/thumb/v7e-m+fp/hard\libm.a(libm_a-w_pow.o)
                0x08019df8                pow
 .text.sqrt     0x08019ee8       0x68 D:/ST/STM32CubeIDE_2.1.0/STM32CubeIDE/plugins/com.st.stm32cube.ide.mcu.externaltools.gnu-tools-for-stm32.14.3.rel1.win32_1.0.100.202602081740/tools/bin/../lib/gcc/arm-none-eabi/14.3.1/../../../../arm-none-eabi/lib/thumb/v7e-m+fp/hard\libm.a(libm_a-w_sqrt.o)
                0x08019ee8                sqrt
 .text.atan     0x08019f50      0x358 D:/ST/STM32CubeIDE_2.1.0/STM32CubeIDE/plugins/com.st.stm32cube.ide.mcu.externaltools.gnu-tools-for-stm32.14.3.rel1.win32_1.0.100.202602081740/tools/bin/../lib/gcc/arm-none-eabi/14.3.1/../../../../arm-none-eabi/lib/thumb/v7e-m+fp/hard\libm.a(libm_a-s_atan.o)
                0x08019f50                atan
 .text.cos      0x0801a2a8       0x88 D:/ST/STM32CubeIDE_2.1.0/STM32CubeIDE/plugins/com.st.stm32cube.ide.mcu.externaltools.gnu-tools-for-stm32.14.3.rel1.win32_1.0.100.202602081740/tools/bin/../lib/gcc/arm-none-eabi/14.3.1/../../../../arm-none-eabi/lib/thumb/v7e-m+fp/hard\libm.a(libm_a-s_cos.o)
                0x0801a2a8                cos
 .text.fabs     0x0801a330       0x10 D:/ST/STM32CubeIDE_2.1.0/STM32CubeIDE/plugins/com.st.stm32cube.ide.mcu.externaltools.gnu-tools-for-stm32.14.3.rel1.win32_1.0.100.202602081740/tools/bin/../lib/gcc/arm-none-eabi/14.3.1/../../../../arm-none-eabi/lib/thumb/v7e-m+fp/hard\libm.a(libm_a-s_fabs.o)
                0x0801a330                fabs
 .text.sin      0x0801a340       0x88 D:/ST/STM32CubeIDE_2.1.0/STM32CubeIDE/plugins/com.st.stm32cube.ide.mcu.externaltools.gnu-tools-for-stm32.14.3.rel1.win32_1.0.100.202602081740/tools/bin/../lib/gcc/arm-none-eabi/14.3.1/../../../../arm-none-eabi/lib/thumb/v7e-m+fp/hard\libm.a(libm_a-s_sin.o)
                0x0801a340                sin
 .text.finite   0x0801a3c8       0x18 D:/ST/STM32CubeIDE_2.1.0/STM32CubeIDE/plugins/com.st.stm32cube.ide.mcu.externaltools.gnu-tools-for-stm32.14.3.rel1.win32_1.0.100.202602081740/tools/bin/../lib/gcc/arm-none-eabi/14.3.1/../../../../arm-none-eabi/lib/thumb/v7e-m+fp/hard\libm.a(libm_a-s_finite.o)
                0x0801a3c8                finite
 .text.nan      0x0801a3e0       0x10 D:/ST/STM32CubeIDE_2.1.0/STM32CubeIDE/plugins/com.st.stm32cube.ide.mcu.externaltools.gnu-tools-for-stm32.14.3.rel1.win32_1.0.100.202602081740/tools/bin/../lib/gcc/arm-none-eabi/14.3.1/../../../../arm-none-eabi/lib/thumb/v7e-m+fp/hard\libm.a(libm_a-s_nan.o)
                0x0801a3e0                nan
 .text.__ieee754_sqrt
                0x0801a3f0      0x1f0 D:/ST/STM32CubeIDE_2.1.0/STM32CubeIDE/plugins/com.st.stm32cube.ide.mcu.externaltools.gnu-tools-for-stm32.14.3.rel1.win32_1.0.100.202602081740/tools/bin/../lib/gcc/arm-none-eabi/14.3.1/../../../../arm-none-eabi/lib/thumb/v7e-m+fp/hard\libm.a(libm_a-e_sqrt.o)
                0x0801a3f0                __ieee754_sqrt
 .text.floor    0x0801a5e0      0x108 D:/ST/STM32CubeIDE_2.1.0/STM32CubeIDE/plugins/com.st.stm32cube.ide.mcu.externaltools.gnu-tools-for-stm32.14.3.rel1.win32_1.0.100.202602081740/tools/bin/../lib/gcc/arm-none-eabi/14.3.1/../../../../arm-none-eabi/lib/thumb/v7e-m+fp/hard\libm.a(libm_a-s_floor.o)
                0x0801a5e0                floor
 .text.__kernel_cos
                0x0801a6e8      0x26c D:/ST/STM32CubeIDE_2.1.0/STM32CubeIDE/plugins/com.st.stm32cube.ide.mcu.externaltools.gnu-tools-for-stm32.14.3.rel1.win32_1.0.100.202602081740/tools/bin/../lib/gcc/arm-none-eabi/14.3.1/../../../../arm-none-eabi/lib/thumb/v7e-m+fp/hard\libm.a(libm_a-k_cos.o)
                0x0801a6e8                __kernel_cos
 *fill*         0x0801a954        0x4 
 .text.__kernel_sin
                0x0801a958      0x184 D:/ST/STM32CubeIDE_2.1.0/STM32CubeIDE/plugins/com.st.stm32cube.ide.mcu.externaltools.gnu-tools-for-stm32.14.3.rel1.win32_1.0.100.202602081740/tools/bin/../lib/gcc/arm-none-eabi/14.3.1/../../../../arm-none-eabi/lib/thumb/v7e-m+fp/hard\libm.a(libm_a-k_sin.o)
                0x0801a958                __kernel_sin
 *fill*         0x0801aadc        0x4 
 .text.__ieee754_asin
                0x0801aae0      0x47c D:/ST/STM32CubeIDE_2.1.0/STM32CubeIDE/plugins/com.st.stm32cube.ide.mcu.externaltools.gnu-tools-for-stm32.14.3.rel1.win32_1.0.100.202602081740/tools/bin/../lib/gcc/arm-none-eabi/14.3.1/../../../../arm-none-eabi/lib/thumb/v7e-m+fp/hard\libm.a(libm_a-e_asin.o)
                0x0801aae0                __ieee754_asin
 *fill*         0x0801af5c        0x4 
 .text.__ieee754_atan2
                0x0801af60      0x1ac D:/ST/STM32CubeIDE_2.1.0/STM32CubeIDE/plugins/com.st.stm32cube.ide.mcu.externaltools.gnu-tools-for-stm32.14.3.rel1.win32_1.0.100.202602081740/tools/bin/../lib/gcc/arm-none-eabi/14.3.1/../../../../arm-none-eabi/lib/thumb/v7e-m+fp/hard\libm.a(libm_a-e_atan2.o)
                0x0801af60                __ieee754_atan2
 *fill*         0x0801b10c        0x4 
 .text.__ieee754_exp
                0x0801b110      0x3a0 D:/ST/STM32CubeIDE_2.1.0/STM32CubeIDE/plugins/com.st.stm32cube.ide.mcu.externaltools.gnu-tools-for-stm32.14.3.rel1.win32_1.0.100.202602081740/tools/bin/../lib/gcc/arm-none-eabi/14.3.1/../../../../arm-none-eabi/lib/thumb/v7e-m+fp/hard\libm.a(libm_a-e_exp.o)
                0x0801b110                __ieee754_exp
 .text.__ieee754_fmod
                0x0801b4b0      0x3ac D:/ST/STM32CubeIDE_2.1.0/STM32CubeIDE/plugins/com.st.stm32cube.ide.mcu.externaltools.gnu-tools-for-stm32.14.3.rel1.win32_1.0.100.202602081740/tools/bin/../lib/gcc/arm-none-eabi/14.3.1/../../../../arm-none-eabi/lib/thumb/v7e-m+fp/hard\libm.a(libm_a-e_fmod.o)
                0x0801b4b0                __ieee754_fmod
 *fill*         0x0801b85c        0x4 
 .text.__ieee754_pow
                0x0801b860      0xc7c D:/ST/STM32CubeIDE_2.1.0/STM32CubeIDE/plugins/com.st.stm32cube.ide.mcu.externaltools.gnu-tools-for-stm32.14.3.rel1.win32_1.0.100.202602081740/tools/bin/../lib/gcc/arm-none-eabi/14.3.1/../../../../arm-none-eabi/lib/thumb/v7e-m+fp/hard\libm.a(libm_a-e_pow.o)
                0x0801b860                __ieee754_pow
 *fill*         0x0801c4dc        0x4 
 .text.__ieee754_rem_pio2
                0x0801c4e0      0x424 D:/ST/STM32CubeIDE_2.1.0/STM32CubeIDE/plugins/com.st.stm32cube.ide.mcu.externaltools.gnu-tools-for-stm32.14.3.rel1.win32_1.0.100.202602081740/tools/bin/../lib/gcc/arm-none-eabi/14.3.1/../../../../arm-none-eabi/lib/thumb/v7e-m+fp/hard\libm.a(libm_a-e_rem_pio2.o)
                0x0801c4e0                __ieee754_rem_pio2
 *fill*         0x0801c904        0x4 
 .text.scalbn   0x0801c908      0x114 D:/ST/STM32CubeIDE_2.1.0/STM32CubeIDE/plugins/com.st.stm32cube.ide.mcu.externaltools.gnu-tools-for-stm32.14.3.rel1.win32_1.0.100.202602081740/tools/bin/../lib/gcc/arm-none-eabi/14.3.1/../../../../arm-none-eabi/lib/thumb/v7e-m+fp/hard\libm.a(libm_a-s_scalbn.o)
                0x0801c908                scalbn
 .text.with_errno
                0x0801ca1c       0x24 D:/ST/STM32CubeIDE_2.1.0/STM32CubeIDE/plugins/com.st.stm32cube.ide.mcu.externaltools.gnu-tools-for-stm32.14.3.rel1.win32_1.0.100.202602081740/tools/bin/../lib/gcc/arm-none-eabi/14.3.1/../../../../arm-none-eabi/lib/thumb/v7e-m+fp/hard\libm.a(libm_a-math_err.o)
 .text.xflow    0x0801ca40       0x34 D:/ST/STM32CubeIDE_2.1.0/STM32CubeIDE/plugins/com.st.stm32cube.ide.mcu.externaltools.gnu-tools-for-stm32.14.3.rel1.win32_1.0.100.202602081740/tools/bin/../lib/gcc/arm-none-eabi/14.3.1/../../../../arm-none-eabi/lib/thumb/v7e-m+fp/hard\libm.a(libm_a-math_err.o)
 *fill*         0x0801ca74        0x4 
 .text.__math_uflow
                0x0801ca78       0x10 D:/ST/STM32CubeIDE_2.1.0/STM32CubeIDE/plugins/com.st.stm32cube.ide.mcu.externaltools.gnu-tools-for-stm32.14.3.rel1.win32_1.0.100.202602081740/tools/bin/../lib/gcc/arm-none-eabi/14.3.1/../../../../arm-none-eabi/lib/thumb/v7e-m+fp/hard\libm.a(libm_a-math_err.o)
                0x0801ca78                __math_uflow
 .text.__math_oflow
                0x0801ca88       0x10 D:/ST/STM32CubeIDE_2.1.0/STM32CubeIDE/plugins/com.st.stm32cube.ide.mcu.externaltools.gnu-tools-for-stm32.14.3.rel1.win32_1.0.100.202602081740/tools/bin/../lib/gcc/arm-none-eabi/14.3.1/../../../../arm-none-eabi/lib/thumb/v7e-m+fp/hard\libm.a(libm_a-math_err.o)
                0x0801ca88                __math_oflow
 .text.__kernel_rem_pio2
                0x0801ca98      0x888 D:/ST/STM32CubeIDE_2.1.0/STM32CubeIDE/plugins/com.st.stm32cube.ide.mcu.externaltools.gnu-tools-for-stm32.14.3.rel1.win32_1.0.100.202602081740/tools/bin/../lib/gcc/arm-none-eabi/14.3.1/../../../../arm-none-eabi/lib/thumb/v7e-m+fp/hard\libm.a(libm_a-k_rem_pio2.o)
                0x0801ca98                __kernel_rem_pio2
 .text.atof     0x0801d320        0x6 D:/ST/STM32CubeIDE_2.1.0/STM32CubeIDE/plugins/com.st.stm32cube.ide.mcu.externaltools.gnu-tools-for-stm32.14.3.rel1.win32_1.0.100.202602081740/tools/bin/../lib/gcc/arm-none-eabi/14.3.1/../../../../arm-none-eabi/lib/thumb/v7e-m+fp/hard\libc_nano.a(libc_a-atof.o)
                0x0801d320                atof
 .text.atoi     0x0801d326        0x8 D:/ST/STM32CubeIDE_2.1.0/STM32CubeIDE/plugins/com.st.stm32cube.ide.mcu.externaltools.gnu-tools-for-stm32.14.3.rel1.win32_1.0.100.202602081740/tools/bin/../lib/gcc/arm-none-eabi/14.3.1/../../../../arm-none-eabi/lib/thumb/v7e-m+fp/hard\libc_nano.a(libc_a-atoi.o)
                0x0801d326                atoi
 *fill*         0x0801d32e        0x2 
 .text.calloc   0x0801d330       0x10 D:/ST/STM32CubeIDE_2.1.0/STM32CubeIDE/plugins/com.st.stm32cube.ide.mcu.externaltools.gnu-tools-for-stm32.14.3.rel1.win32_1.0.100.202602081740/tools/bin/../lib/gcc/arm-none-eabi/14.3.1/../../../../arm-none-eabi/lib/thumb/v7e-m+fp/hard\libc_nano.a(libc_a-calloc.o)
                0x0801d330                calloc
 .text._calloc_r
                0x0801d340       0x28 D:/ST/STM32CubeIDE_2.1.0/STM32CubeIDE/plugins/com.st.stm32cube.ide.mcu.externaltools.gnu-tools-for-stm32.14.3.rel1.win32_1.0.100.202602081740/tools/bin/../lib/gcc/arm-none-eabi/14.3.1/../../../../arm-none-eabi/lib/thumb/v7e-m+fp/hard\libc_nano.a(libc_a-callocr.o)
                0x0801d340                _calloc_r
 .text.exit     0x0801d368       0x24 D:/ST/STM32CubeIDE_2.1.0/STM32CubeIDE/plugins/com.st.stm32cube.ide.mcu.externaltools.gnu-tools-for-stm32.14.3.rel1.win32_1.0.100.202602081740/tools/bin/../lib/gcc/arm-none-eabi/14.3.1/../../../../arm-none-eabi/lib/thumb/v7e-m+fp/hard\libc_nano.a(libc_a-exit.o)
                0x0801d368                exit
 .text.malloc   0x0801d38c       0x10 D:/ST/STM32CubeIDE_2.1.0/STM32CubeIDE/plugins/com.st.stm32cube.ide.mcu.externaltools.gnu-tools-for-stm32.14.3.rel1.win32_1.0.100.202602081740/tools/bin/../lib/gcc/arm-none-eabi/14.3.1/../../../../arm-none-eabi/lib/thumb/v7e-m+fp/hard\libc_nano.a(libc_a-malloc.o)
                0x0801d38c                malloc
 .text.free     0x0801d39c       0x10 D:/ST/STM32CubeIDE_2.1.0/STM32CubeIDE/plugins/com.st.stm32cube.ide.mcu.externaltools.gnu-tools-for-stm32.14.3.rel1.win32_1.0.100.202602081740/tools/bin/../lib/gcc/arm-none-eabi/14.3.1/../../../../arm-none-eabi/lib/thumb/v7e-m+fp/hard\libc_nano.a(libc_a-malloc.o)
                0x0801d39c                free
 .text.sbrk_aligned
                0x0801d3ac       0x44 D:/ST/STM32CubeIDE_2.1.0/STM32CubeIDE/plugins/com.st.stm32cube.ide.mcu.externaltools.gnu-tools-for-stm32.14.3.rel1.win32_1.0.100.202602081740/tools/bin/../lib/gcc/arm-none-eabi/14.3.1/../../../../arm-none-eabi/lib/thumb/v7e-m+fp/hard\libc_nano.a(libc_a-mallocr.o)
 .text._malloc_r
                0x0801d3f0      0x100 D:/ST/STM32CubeIDE_2.1.0/STM32CubeIDE/plugins/com.st.stm32cube.ide.mcu.externaltools.gnu-tools-for-stm32.14.3.rel1.win32_1.0.100.202602081740/tools/bin/../lib/gcc/arm-none-eabi/14.3.1/../../../../arm-none-eabi/lib/thumb/v7e-m+fp/hard\libc_nano.a(libc_a-mallocr.o)
                0x0801d3f0                _malloc_r
 .text.__malloc_lock
                0x0801d4f0        0xc D:/ST/STM32CubeIDE_2.1.0/STM32CubeIDE/plugins/com.st.stm32cube.ide.mcu.externaltools.gnu-tools-for-stm32.14.3.rel1.win32_1.0.100.202602081740/tools/bin/../lib/gcc/arm-none-eabi/14.3.1/../../../../arm-none-eabi/lib/thumb/v7e-m+fp/hard\libc_nano.a(libc_a-mlock.o)
                0x0801d4f0                __malloc_lock
 .text.__malloc_unlock
                0x0801d4fc        0xc D:/ST/STM32CubeIDE_2.1.0/STM32CubeIDE/plugins/com.st.stm32cube.ide.mcu.externaltools.gnu-tools-for-stm32.14.3.rel1.win32_1.0.100.202602081740/tools/bin/../lib/gcc/arm-none-eabi/14.3.1/../../../../arm-none-eabi/lib/thumb/v7e-m+fp/hard\libc_nano.a(libc_a-mlock.o)
                0x0801d4fc                __malloc_unlock
 .text._realloc_r
                0x0801d508       0x5c D:/ST/STM32CubeIDE_2.1.0/STM32CubeIDE/plugins/com.st.stm32cube.ide.mcu.externaltools.gnu-tools-for-stm32.14.3.rel1.win32_1.0.100.202602081740/tools/bin/../lib/gcc/arm-none-eabi/14.3.1/../../../../arm-none-eabi/lib/thumb/v7e-m+fp/hard\libc_nano.a(libc_a-reallocr.o)
                0x0801d508                _realloc_r
 .text.sulp     0x0801d564       0x3c D:/ST/STM32CubeIDE_2.1.0/STM32CubeIDE/plugins/com.st.stm32cube.ide.mcu.externaltools.gnu-tools-for-stm32.14.3.rel1.win32_1.0.100.202602081740/tools/bin/../lib/gcc/arm-none-eabi/14.3.1/../../../../arm-none-eabi/lib/thumb/v7e-m+fp/hard\libc_nano.a(libc_a-strtod.o)
 .text._strtod_l
                0x0801d5a0      0xbb8 D:/ST/STM32CubeIDE_2.1.0/STM32CubeIDE/plugins/com.st.stm32cube.ide.mcu.externaltools.gnu-tools-for-stm32.14.3.rel1.win32_1.0.100.202602081740/tools/bin/../lib/gcc/arm-none-eabi/14.3.1/../../../../arm-none-eabi/lib/thumb/v7e-m+fp/hard\libc_nano.a(libc_a-strtod.o)
                0x0801d5a0                _strtod_l
 .text.strtod   0x0801e158       0x18 D:/ST/STM32CubeIDE_2.1.0/STM32CubeIDE/plugins/com.st.stm32cube.ide.mcu.externaltools.gnu-tools-for-stm32.14.3.rel1.win32_1.0.100.202602081740/tools/bin/../lib/gcc/arm-none-eabi/14.3.1/../../../../arm-none-eabi/lib/thumb/v7e-m+fp/hard\libc_nano.a(libc_a-strtod.o)
                0x0801e158                strtod
 .text._strtol_l.isra.0
                0x0801e170       0xf4 D:/ST/STM32CubeIDE_2.1.0/STM32CubeIDE/plugins/com.st.stm32cube.ide.mcu.externaltools.gnu-tools-for-stm32.14.3.rel1.win32_1.0.100.202602081740/tools/bin/../lib/gcc/arm-none-eabi/14.3.1/../../../../arm-none-eabi/lib/thumb/v7e-m+fp/hard\libc_nano.a(libc_a-strtol.o)
 .text._strtol_r
                0x0801e264        0x4 D:/ST/STM32CubeIDE_2.1.0/STM32CubeIDE/plugins/com.st.stm32cube.ide.mcu.externaltools.gnu-tools-for-stm32.14.3.rel1.win32_1.0.100.202602081740/tools/bin/../lib/gcc/arm-none-eabi/14.3.1/../../../../arm-none-eabi/lib/thumb/v7e-m+fp/hard\libc_nano.a(libc_a-strtol.o)
                0x0801e264                _strtol_r
 .text.strtol   0x0801e268       0x14 D:/ST/STM32CubeIDE_2.1.0/STM32CubeIDE/plugins/com.st.stm32cube.ide.mcu.externaltools.gnu-tools-for-stm32.14.3.rel1.win32_1.0.100.202602081740/tools/bin/../lib/gcc/arm-none-eabi/14.3.1/../../../../arm-none-eabi/lib/thumb/v7e-m+fp/hard\libc_nano.a(libc_a-strtol.o)
                0x0801e268                strtol
 .text.__sflush_r
                0x0801e27c      0x104 D:/ST/STM32CubeIDE_2.1.0/STM32CubeIDE/plugins/com.st.stm32cube.ide.mcu.externaltools.gnu-tools-for-stm32.14.3.rel1.win32_1.0.100.202602081740/tools/bin/../lib/gcc/arm-none-eabi/14.3.1/../../../../arm-none-eabi/lib/thumb/v7e-m+fp/hard\libc_nano.a(libc_a-fflush.o)
                0x0801e27c                __sflush_r
 .text._fflush_r
                0x0801e380       0x50 D:/ST/STM32CubeIDE_2.1.0/STM32CubeIDE/plugins/com.st.stm32cube.ide.mcu.externaltools.gnu-tools-for-stm32.14.3.rel1.win32_1.0.100.202602081740/tools/bin/../lib/gcc/arm-none-eabi/14.3.1/../../../../arm-none-eabi/lib/thumb/v7e-m+fp/hard\libc_nano.a(libc_a-fflush.o)
                0x0801e380                _fflush_r
 .text.std      0x0801e3d0       0x6c D:/ST/STM32CubeIDE_2.1.0/STM32CubeIDE/plugins/com.st.stm32cube.ide.mcu.externaltools.gnu-tools-for-stm32.14.3.rel1.win32_1.0.100.202602081740/tools/bin/../lib/gcc/arm-none-eabi/14.3.1/../../../../arm-none-eabi/lib/thumb/v7e-m+fp/hard\libc_nano.a(libc_a-findfp.o)
 .text.stdio_exit_handler
                0x0801e43c       0x18 D:/ST/STM32CubeIDE_2.1.0/STM32CubeIDE/plugins/com.st.stm32cube.ide.mcu.externaltools.gnu-tools-for-stm32.14.3.rel1.win32_1.0.100.202602081740/tools/bin/../lib/gcc/arm-none-eabi/14.3.1/../../../../arm-none-eabi/lib/thumb/v7e-m+fp/hard\libc_nano.a(libc_a-findfp.o)
 .text.cleanup_stdio
                0x0801e454       0x40 D:/ST/STM32CubeIDE_2.1.0/STM32CubeIDE/plugins/com.st.stm32cube.ide.mcu.externaltools.gnu-tools-for-stm32.14.3.rel1.win32_1.0.100.202602081740/tools/bin/../lib/gcc/arm-none-eabi/14.3.1/../../../../arm-none-eabi/lib/thumb/v7e-m+fp/hard\libc_nano.a(libc_a-findfp.o)
 .text.global_stdio_init.part.0
                0x0801e494       0x40 D:/ST/STM32CubeIDE_2.1.0/STM32CubeIDE/plugins/com.st.stm32cube.ide.mcu.externaltools.gnu-tools-for-stm32.14.3.rel1.win32_1.0.100.202602081740/tools/bin/../lib/gcc/arm-none-eabi/14.3.1/../../../../arm-none-eabi/lib/thumb/v7e-m+fp/hard\libc_nano.a(libc_a-findfp.o)
 .text.__sfp_lock_acquire
                0x0801e4d4        0xc D:/ST/STM32CubeIDE_2.1.0/STM32CubeIDE/plugins/com.st.stm32cube.ide.mcu.externaltools.gnu-tools-for-stm32.14.3.rel1.win32_1.0.100.202602081740/tools/bin/../lib/gcc/arm-none-eabi/14.3.1/../../../../arm-none-eabi/lib/thumb/v7e-m+fp/hard\libc_nano.a(libc_a-findfp.o)
                0x0801e4d4                __sfp_lock_acquire
 .text.__sfp_lock_release
                0x0801e4e0        0xc D:/ST/STM32CubeIDE_2.1.0/STM32CubeIDE/plugins/com.st.stm32cube.ide.mcu.externaltools.gnu-tools-for-stm32.14.3.rel1.win32_1.0.100.202602081740/tools/bin/../lib/gcc/arm-none-eabi/14.3.1/../../../../arm-none-eabi/lib/thumb/v7e-m+fp/hard\libc_nano.a(libc_a-findfp.o)
                0x0801e4e0                __sfp_lock_release
 .text.__sinit  0x0801e4ec       0x30 D:/ST/STM32CubeIDE_2.1.0/STM32CubeIDE/plugins/com.st.stm32cube.ide.mcu.externaltools.gnu-tools-for-stm32.14.3.rel1.win32_1.0.100.202602081740/tools/bin/../lib/gcc/arm-none-eabi/14.3.1/../../../../arm-none-eabi/lib/thumb/v7e-m+fp/hard\libc_nano.a(libc_a-findfp.o)
                0x0801e4ec                __sinit
 .text.fprintf  0x0801e51c       0x24 D:/ST/STM32CubeIDE_2.1.0/STM32CubeIDE/plugins/com.st.stm32cube.ide.mcu.externaltools.gnu-tools-for-stm32.14.3.rel1.win32_1.0.100.202602081740/tools/bin/../lib/gcc/arm-none-eabi/14.3.1/../../../../arm-none-eabi/lib/thumb/v7e-m+fp/hard\libc_nano.a(libc_a-fprintf.o)
                0x0801e51c                fiprintf
                0x0801e51c                fprintf
 .text._fwalk_sglue
                0x0801e540       0x3c D:/ST/STM32CubeIDE_2.1.0/STM32CubeIDE/plugins/com.st.stm32cube.ide.mcu.externaltools.gnu-tools-for-stm32.14.3.rel1.win32_1.0.100.202602081740/tools/bin/../lib/gcc/arm-none-eabi/14.3.1/../../../../arm-none-eabi/lib/thumb/v7e-m+fp/hard\libc_nano.a(libc_a-fwalk.o)
                0x0801e540                _fwalk_sglue
 .text.snprintf
                0x0801e57c       0x6c D:/ST/STM32CubeIDE_2.1.0/STM32CubeIDE/plugins/com.st.stm32cube.ide.mcu.externaltools.gnu-tools-for-stm32.14.3.rel1.win32_1.0.100.202602081740/tools/bin/../lib/gcc/arm-none-eabi/14.3.1/../../../../arm-none-eabi/lib/thumb/v7e-m+fp/hard\libc_nano.a(libc_a-snprintf.o)
                0x0801e57c                sniprintf
                0x0801e57c                snprintf
 .text.sprintf  0x0801e5e8       0x44 D:/ST/STM32CubeIDE_2.1.0/STM32CubeIDE/plugins/com.st.stm32cube.ide.mcu.externaltools.gnu-tools-for-stm32.14.3.rel1.win32_1.0.100.202602081740/tools/bin/../lib/gcc/arm-none-eabi/14.3.1/../../../../arm-none-eabi/lib/thumb/v7e-m+fp/hard\libc_nano.a(libc_a-sprintf.o)
                0x0801e5e8                siprintf
                0x0801e5e8                sprintf
 .text.sscanf   0x0801e62c       0x58 D:/ST/STM32CubeIDE_2.1.0/STM32CubeIDE/plugins/com.st.stm32cube.ide.mcu.externaltools.gnu-tools-for-stm32.14.3.rel1.win32_1.0.100.202602081740/tools/bin/../lib/gcc/arm-none-eabi/14.3.1/../../../../arm-none-eabi/lib/thumb/v7e-m+fp/hard\libc_nano.a(libc_a-sscanf.o)
                0x0801e62c                siscanf
                0x0801e62c                sscanf
 .text.__sread  0x0801e684       0x22 D:/ST/STM32CubeIDE_2.1.0/STM32CubeIDE/plugins/com.st.stm32cube.ide.mcu.externaltools.gnu-tools-for-stm32.14.3.rel1.win32_1.0.100.202602081740/tools/bin/../lib/gcc/arm-none-eabi/14.3.1/../../../../arm-none-eabi/lib/thumb/v7e-m+fp/hard\libc_nano.a(libc_a-stdio.o)
                0x0801e684                __sread
 .text.__seofread
                0x0801e6a6        0x4 D:/ST/STM32CubeIDE_2.1.0/STM32CubeIDE/plugins/com.st.stm32cube.ide.mcu.externaltools.gnu-tools-for-stm32.14.3.rel1.win32_1.0.100.202602081740/tools/bin/../lib/gcc/arm-none-eabi/14.3.1/../../../../arm-none-eabi/lib/thumb/v7e-m+fp/hard\libc_nano.a(libc_a-stdio.o)
                0x0801e6a6                __seofread
 .text.__swrite
                0x0801e6aa       0x38 D:/ST/STM32CubeIDE_2.1.0/STM32CubeIDE/plugins/com.st.stm32cube.ide.mcu.externaltools.gnu-tools-for-stm32.14.3.rel1.win32_1.0.100.202602081740/tools/bin/../lib/gcc/arm-none-eabi/14.3.1/../../../../arm-none-eabi/lib/thumb/v7e-m+fp/hard\libc_nano.a(libc_a-stdio.o)
                0x0801e6aa                __swrite
 .text.__sseek  0x0801e6e2       0x26 D:/ST/STM32CubeIDE_2.1.0/STM32CubeIDE/plugins/com.st.stm32cube.ide.mcu.externaltools.gnu-tools-for-stm32.14.3.rel1.win32_1.0.100.202602081740/tools/bin/../lib/gcc/arm-none-eabi/14.3.1/../../../../arm-none-eabi/lib/thumb/v7e-m+fp/hard\libc_nano.a(libc_a-stdio.o)
                0x0801e6e2                __sseek
 .text.__sclose
                0x0801e708        0x8 D:/ST/STM32CubeIDE_2.1.0/STM32CubeIDE/plugins/com.st.stm32cube.ide.mcu.externaltools.gnu-tools-for-stm32.14.3.rel1.win32_1.0.100.202602081740/tools/bin/../lib/gcc/arm-none-eabi/14.3.1/../../../../arm-none-eabi/lib/thumb/v7e-m+fp/hard\libc_nano.a(libc_a-stdio.o)
                0x0801e708                __sclose
 .text._vsprintf_r
                0x0801e710       0x2c D:/ST/STM32CubeIDE_2.1.0/STM32CubeIDE/plugins/com.st.stm32cube.ide.mcu.externaltools.gnu-tools-for-stm32.14.3.rel1.win32_1.0.100.202602081740/tools/bin/../lib/gcc/arm-none-eabi/14.3.1/../../../../arm-none-eabi/lib/thumb/v7e-m+fp/hard\libc_nano.a(libc_a-vsprintf.o)
                0x0801e710                _vsprintf_r
                0x0801e710                _vsiprintf_r
 .text.vsprintf
                0x0801e73c       0x14 D:/ST/STM32CubeIDE_2.1.0/STM32CubeIDE/plugins/com.st.stm32cube.ide.mcu.externaltools.gnu-tools-for-stm32.14.3.rel1.win32_1.0.100.202602081740/tools/bin/../lib/gcc/arm-none-eabi/14.3.1/../../../../arm-none-eabi/lib/thumb/v7e-m+fp/hard\libc_nano.a(libc_a-vsprintf.o)
                0x0801e73c                vsiprintf
                0x0801e73c                vsprintf
 .text.__swbuf_r
                0x0801e750       0x7c D:/ST/STM32CubeIDE_2.1.0/STM32CubeIDE/plugins/com.st.stm32cube.ide.mcu.externaltools.gnu-tools-for-stm32.14.3.rel1.win32_1.0.100.202602081740/tools/bin/../lib/gcc/arm-none-eabi/14.3.1/../../../../arm-none-eabi/lib/thumb/v7e-m+fp/hard\libc_nano.a(libc_a-wbuf.o)
                0x0801e750                __swbuf_r
 .text.__swsetup_r
                0x0801e7cc       0xa8 D:/ST/STM32CubeIDE_2.1.0/STM32CubeIDE/plugins/com.st.stm32cube.ide.mcu.externaltools.gnu-tools-for-stm32.14.3.rel1.win32_1.0.100.202602081740/tools/bin/../lib/gcc/arm-none-eabi/14.3.1/../../../../arm-none-eabi/lib/thumb/v7e-m+fp/hard\libc_nano.a(libc_a-wsetup.o)
                0x0801e7cc                __swsetup_r
 .text.memset   0x0801e874       0x10 D:/ST/STM32CubeIDE_2.1.0/STM32CubeIDE/plugins/com.st.stm32cube.ide.mcu.externaltools.gnu-tools-for-stm32.14.3.rel1.win32_1.0.100.202602081740/tools/bin/../lib/gcc/arm-none-eabi/14.3.1/../../../../arm-none-eabi/lib/thumb/v7e-m+fp/hard\libc_nano.a(libc_a-memset.o)
                0x0801e874                memset
 .text.strchr   0x0801e884       0x1a D:/ST/STM32CubeIDE_2.1.0/STM32CubeIDE/plugins/com.st.stm32cube.ide.mcu.externaltools.gnu-tools-for-stm32.14.3.rel1.win32_1.0.100.202602081740/tools/bin/../lib/gcc/arm-none-eabi/14.3.1/../../../../arm-none-eabi/lib/thumb/v7e-m+fp/hard\libc_nano.a(libc_a-strchr.o)
                0x0801e884                strchr
 .text.strncmp  0x0801e89e       0x24 D:/ST/STM32CubeIDE_2.1.0/STM32CubeIDE/plugins/com.st.stm32cube.ide.mcu.externaltools.gnu-tools-for-stm32.14.3.rel1.win32_1.0.100.202602081740/tools/bin/../lib/gcc/arm-none-eabi/14.3.1/../../../../arm-none-eabi/lib/thumb/v7e-m+fp/hard\libc_nano.a(libc_a-strncmp.o)
                0x0801e89e                strncmp
 .text.strncpy  0x0801e8c2       0x26 D:/ST/STM32CubeIDE_2.1.0/STM32CubeIDE/plugins/com.st.stm32cube.ide.mcu.externaltools.gnu-tools-for-stm32.14.3.rel1.win32_1.0.100.202602081740/tools/bin/../lib/gcc/arm-none-eabi/14.3.1/../../../../arm-none-eabi/lib/thumb/v7e-m+fp/hard\libc_nano.a(libc_a-strncpy.o)
                0x0801e8c2                strncpy
 .text.strtok   0x0801e8e8       0x7c D:/ST/STM32CubeIDE_2.1.0/STM32CubeIDE/plugins/com.st.stm32cube.ide.mcu.externaltools.gnu-tools-for-stm32.14.3.rel1.win32_1.0.100.202602081740/tools/bin/../lib/gcc/arm-none-eabi/14.3.1/../../../../arm-none-eabi/lib/thumb/v7e-m+fp/hard\libc_nano.a(libc_a-strtok.o)
                0x0801e8e8                strtok
 .text.__strtok_r
                0x0801e964       0x50 D:/ST/STM32CubeIDE_2.1.0/STM32CubeIDE/plugins/com.st.stm32cube.ide.mcu.externaltools.gnu-tools-for-stm32.14.3.rel1.win32_1.0.100.202602081740/tools/bin/../lib/gcc/arm-none-eabi/14.3.1/../../../../arm-none-eabi/lib/thumb/v7e-m+fp/hard\libc_nano.a(libc_a-strtok_r.o)
                0x0801e964                __strtok_r
 .text.strstr   0x0801e9b4       0x2c D:/ST/STM32CubeIDE_2.1.0/STM32CubeIDE/plugins/com.st.stm32cube.ide.mcu.externaltools.gnu-tools-for-stm32.14.3.rel1.win32_1.0.100.202602081740/tools/bin/../lib/gcc/arm-none-eabi/14.3.1/../../../../arm-none-eabi/lib/thumb/v7e-m+fp/hard\libc_nano.a(libc_a-strstr.o)
                0x0801e9b4                strstr
 .text.difftime
                0x0801e9e0       0x12 D:/ST/STM32CubeIDE_2.1.0/STM32CubeIDE/plugins/com.st.stm32cube.ide.mcu.externaltools.gnu-tools-for-stm32.14.3.rel1.win32_1.0.100.202602081740/tools/bin/../lib/gcc/arm-none-eabi/14.3.1/../../../../arm-none-eabi/lib/thumb/v7e-m+fp/hard\libc_nano.a(libc_a-difftime.o)
                0x0801e9e0                difftime
 *fill*         0x0801e9f2        0x2 
 .text._close_r
                0x0801e9f4       0x20 D:/ST/STM32CubeIDE_2.1.0/STM32CubeIDE/plugins/com.st.stm32cube.ide.mcu.externaltools.gnu-tools-for-stm32.14.3.rel1.win32_1.0.100.202602081740/tools/bin/../lib/gcc/arm-none-eabi/14.3.1/../../../../arm-none-eabi/lib/thumb/v7e-m+fp/hard\libc_nano.a(libc_a-closer.o)
                0x0801e9f4                _close_r
 .text._lseek_r
                0x0801ea14       0x24 D:/ST/STM32CubeIDE_2.1.0/STM32CubeIDE/plugins/com.st.stm32cube.ide.mcu.externaltools.gnu-tools-for-stm32.14.3.rel1.win32_1.0.100.202602081740/tools/bin/../lib/gcc/arm-none-eabi/14.3.1/../../../../arm-none-eabi/lib/thumb/v7e-m+fp/hard\libc_nano.a(libc_a-lseekr.o)
                0x0801ea14                _lseek_r
 .text._read_r  0x0801ea38       0x24 D:/ST/STM32CubeIDE_2.1.0/STM32CubeIDE/plugins/com.st.stm32cube.ide.mcu.externaltools.gnu-tools-for-stm32.14.3.rel1.win32_1.0.100.202602081740/tools/bin/../lib/gcc/arm-none-eabi/14.3.1/../../../../arm-none-eabi/lib/thumb/v7e-m+fp/hard\libc_nano.a(libc_a-readr.o)
                0x0801ea38                _read_r
 .text._sbrk_r  0x0801ea5c       0x20 D:/ST/STM32CubeIDE_2.1.0/STM32CubeIDE/plugins/com.st.stm32cube.ide.mcu.externaltools.gnu-tools-for-stm32.14.3.rel1.win32_1.0.100.202602081740/tools/bin/../lib/gcc/arm-none-eabi/14.3.1/../../../../arm-none-eabi/lib/thumb/v7e-m+fp/hard\libc_nano.a(libc_a-sbrkr.o)
                0x0801ea5c                _sbrk_r
 .text._write_r
                0x0801ea7c       0x24 D:/ST/STM32CubeIDE_2.1.0/STM32CubeIDE/plugins/com.st.stm32cube.ide.mcu.externaltools.gnu-tools-for-stm32.14.3.rel1.win32_1.0.100.202602081740/tools/bin/../lib/gcc/arm-none-eabi/14.3.1/../../../../arm-none-eabi/lib/thumb/v7e-m+fp/hard\libc_nano.a(libc_a-writer.o)
                0x0801ea7c                _write_r
 .text.__errno  0x0801eaa0        0xc D:/ST/STM32CubeIDE_2.1.0/STM32CubeIDE/plugins/com.st.stm32cube.ide.mcu.externaltools.gnu-tools-for-stm32.14.3.rel1.win32_1.0.100.202602081740/tools/bin/../lib/gcc/arm-none-eabi/14.3.1/../../../../arm-none-eabi/lib/thumb/v7e-m+fp/hard\libc_nano.a(libc_a-errno.o)
                0x0801eaa0                __errno
 .text.__libc_init_array
                0x0801eaac       0x48 D:/ST/STM32CubeIDE_2.1.0/STM32CubeIDE/plugins/com.st.stm32cube.ide.mcu.externaltools.gnu-tools-for-stm32.14.3.rel1.win32_1.0.100.202602081740/tools/bin/../lib/gcc/arm-none-eabi/14.3.1/../../../../arm-none-eabi/lib/thumb/v7e-m+fp/hard\libc_nano.a(libc_a-init.o)
                0x0801eaac                __libc_init_array
 .text.__retarget_lock_init_recursive
                0x0801eaf4        0x2 D:/ST/STM32CubeIDE_2.1.0/STM32CubeIDE/plugins/com.st.stm32cube.ide.mcu.externaltools.gnu-tools-for-stm32.14.3.rel1.win32_1.0.100.202602081740/tools/bin/../lib/gcc/arm-none-eabi/14.3.1/../../../../arm-none-eabi/lib/thumb/v7e-m+fp/hard\libc_nano.a(libc_a-lock.o)
                0x0801eaf4                __retarget_lock_init_recursive
 .text.__retarget_lock_acquire_recursive
                0x0801eaf6        0x2 D:/ST/STM32CubeIDE_2.1.0/STM32CubeIDE/plugins/com.st.stm32cube.ide.mcu.externaltools.gnu-tools-for-stm32.14.3.rel1.win32_1.0.100.202602081740/tools/bin/../lib/gcc/arm-none-eabi/14.3.1/../../../../arm-none-eabi/lib/thumb/v7e-m+fp/hard\libc_nano.a(libc_a-lock.o)
                0x0801eaf6                __retarget_lock_acquire_recursive
 .text.__retarget_lock_release_recursive
                0x0801eaf8        0x2 D:/ST/STM32CubeIDE_2.1.0/STM32CubeIDE/plugins/com.st.stm32cube.ide.mcu.externaltools.gnu-tools-for-stm32.14.3.rel1.win32_1.0.100.202602081740/tools/bin/../lib/gcc/arm-none-eabi/14.3.1/../../../../arm-none-eabi/lib/thumb/v7e-m+fp/hard\libc_nano.a(libc_a-lock.o)
                0x0801eaf8                __retarget_lock_release_recursive
 .text.strcpy   0x0801eafa       0x10 D:/ST/STM32CubeIDE_2.1.0/STM32CubeIDE/plugins/com.st.stm32cube.ide.mcu.externaltools.gnu-tools-for-stm32.14.3.rel1.win32_1.0.100.202602081740/tools/bin/../lib/gcc/arm-none-eabi/14.3.1/../../../../arm-none-eabi/lib/thumb/v7e-m+fp/hard\libc_nano.a(libc_a-strcpy.o)
                0x0801eafa                strcpy
 .text.memcpy   0x0801eb0a       0x1c D:/ST/STM32CubeIDE_2.1.0/STM32CubeIDE/plugins/com.st.stm32cube.ide.mcu.externaltools.gnu-tools-for-stm32.14.3.rel1.win32_1.0.100.202602081740/tools/bin/../lib/gcc/arm-none-eabi/14.3.1/../../../../arm-none-eabi/lib/thumb/v7e-m+fp/hard\libc_nano.a(libc_a-memcpy-stub.o)
                0x0801eb0a                memcpy
 *fill*         0x0801eb26        0x2 
 .text.__assert_func
                0x0801eb28       0x3c D:/ST/STM32CubeIDE_2.1.0/STM32CubeIDE/plugins/com.st.stm32cube.ide.mcu.externaltools.gnu-tools-for-stm32.14.3.rel1.win32_1.0.100.202602081740/tools/bin/../lib/gcc/arm-none-eabi/14.3.1/../../../../arm-none-eabi/lib/thumb/v7e-m+fp/hard\libc_nano.a(libc_a-assert.o)
                0x0801eb28                __assert_func
 .text._free_r  0x0801eb64       0x94 D:/ST/STM32CubeIDE_2.1.0/STM32CubeIDE/plugins/com.st.stm32cube.ide.mcu.externaltools.gnu-tools-for-stm32.14.3.rel1.win32_1.0.100.202602081740/tools/bin/../lib/gcc/arm-none-eabi/14.3.1/../../../../arm-none-eabi/lib/thumb/v7e-m+fp/hard\libc_nano.a(libc_a-freer.o)
                0x0801eb64                _free_r
 .text.rshift   0x0801ebf8       0xa4 D:/ST/STM32CubeIDE_2.1.0/STM32CubeIDE/plugins/com.st.stm32cube.ide.mcu.externaltools.gnu-tools-for-stm32.14.3.rel1.win32_1.0.100.202602081740/tools/bin/../lib/gcc/arm-none-eabi/14.3.1/../../../../arm-none-eabi/lib/thumb/v7e-m+fp/hard\libc_nano.a(libc_a-gdtoa-gethex.o)
 .text.__hexdig_fun
                0x0801ec9c       0x2a D:/ST/STM32CubeIDE_2.1.0/STM32CubeIDE/plugins/com.st.stm32cube.ide.mcu.externaltools.gnu-tools-for-stm32.14.3.rel1.win32_1.0.100.202602081740/tools/bin/../lib/gcc/arm-none-eabi/14.3.1/../../../../arm-none-eabi/lib/thumb/v7e-m+fp/hard\libc_nano.a(libc_a-gdtoa-gethex.o)
                0x0801ec9c                __hexdig_fun
 *fill*         0x0801ecc6        0x2 
 .text.__gethex
                0x0801ecc8      0x420 D:/ST/STM32CubeIDE_2.1.0/STM32CubeIDE/plugins/com.st.stm32cube.ide.mcu.externaltools.gnu-tools-for-stm32.14.3.rel1.win32_1.0.100.202602081740/tools/bin/../lib/gcc/arm-none-eabi/14.3.1/../../../../arm-none-eabi/lib/thumb/v7e-m+fp/hard\libc_nano.a(libc_a-gdtoa-gethex.o)
                0x0801ecc8                __gethex
 .text.L_shift  0x0801f0e8       0x24 D:/ST/STM32CubeIDE_2.1.0/STM32CubeIDE/plugins/com.st.stm32cube.ide.mcu.externaltools.gnu-tools-for-stm32.14.3.rel1.win32_1.0.100.202602081740/tools/bin/../lib/gcc/arm-none-eabi/14.3.1/../../../../arm-none-eabi/lib/thumb/v7e-m+fp/hard\libc_nano.a(libc_a-gdtoa-hexnan.o)
 .text.__match  0x0801f10c       0x28 D:/ST/STM32CubeIDE_2.1.0/STM32CubeIDE/plugins/com.st.stm32cube.ide.mcu.externaltools.gnu-tools-for-stm32.14.3.rel1.win32_1.0.100.202602081740/tools/bin/../lib/gcc/arm-none-eabi/14.3.1/../../../../arm-none-eabi/lib/thumb/v7e-m+fp/hard\libc_nano.a(libc_a-gdtoa-hexnan.o)
                0x0801f10c                __match
 .text.__hexnan
                0x0801f134      0x13a D:/ST/STM32CubeIDE_2.1.0/STM32CubeIDE/plugins/com.st.stm32cube.ide.mcu.externaltools.gnu-tools-for-stm32.14.3.rel1.win32_1.0.100.202602081740/tools/bin/../lib/gcc/arm-none-eabi/14.3.1/../../../../arm-none-eabi/lib/thumb/v7e-m+fp/hard\libc_nano.a(libc_a-gdtoa-hexnan.o)
                0x0801f134                __hexnan
 .text.__ascii_mbtowc
                0x0801f26e       0x24 D:/ST/STM32CubeIDE_2.1.0/STM32CubeIDE/plugins/com.st.stm32cube.ide.mcu.externaltools.gnu-tools-for-stm32.14.3.rel1.win32_1.0.100.202602081740/tools/bin/../lib/gcc/arm-none-eabi/14.3.1/../../../../arm-none-eabi/lib/thumb/v7e-m+fp/hard\libc_nano.a(libc_a-mbtowc_r.o)
                0x0801f26e                __ascii_mbtowc
 *fill*         0x0801f292        0x2 
 .text._Balloc  0x0801f294       0x7c D:/ST/STM32CubeIDE_2.1.0/STM32CubeIDE/plugins/com.st.stm32cube.ide.mcu.externaltools.gnu-tools-for-stm32.14.3.rel1.win32_1.0.100.202602081740/tools/bin/../lib/gcc/arm-none-eabi/14.3.1/../../../../arm-none-eabi/lib/thumb/v7e-m+fp/hard\libc_nano.a(libc_a-mprec.o)
                0x0801f294                _Balloc
 .text._Bfree   0x0801f310       0x44 D:/ST/STM32CubeIDE_2.1.0/STM32CubeIDE/plugins/com.st.stm32cube.ide.mcu.externaltools.gnu-tools-for-stm32.14.3.rel1.win32_1.0.100.202602081740/tools/bin/../lib/gcc/arm-none-eabi/14.3.1/../../../../arm-none-eabi/lib/thumb/v7e-m+fp/hard\libc_nano.a(libc_a-mprec.o)
                0x0801f310                _Bfree
 .text.__multadd
                0x0801f354       0x8c D:/ST/STM32CubeIDE_2.1.0/STM32CubeIDE/plugins/com.st.stm32cube.ide.mcu.externaltools.gnu-tools-for-stm32.14.3.rel1.win32_1.0.100.202602081740/tools/bin/../lib/gcc/arm-none-eabi/14.3.1/../../../../arm-none-eabi/lib/thumb/v7e-m+fp/hard\libc_nano.a(libc_a-mprec.o)
                0x0801f354                __multadd
 .text.__s2b    0x0801f3e0       0x94 D:/ST/STM32CubeIDE_2.1.0/STM32CubeIDE/plugins/com.st.stm32cube.ide.mcu.externaltools.gnu-tools-for-stm32.14.3.rel1.win32_1.0.100.202602081740/tools/bin/../lib/gcc/arm-none-eabi/14.3.1/../../../../arm-none-eabi/lib/thumb/v7e-m+fp/hard\libc_nano.a(libc_a-mprec.o)
                0x0801f3e0                __s2b
 .text.__hi0bits
                0x0801f474       0x3e D:/ST/STM32CubeIDE_2.1.0/STM32CubeIDE/plugins/com.st.stm32cube.ide.mcu.externaltools.gnu-tools-for-stm32.14.3.rel1.win32_1.0.100.202602081740/tools/bin/../lib/gcc/arm-none-eabi/14.3.1/../../../../arm-none-eabi/lib/thumb/v7e-m+fp/hard\libc_nano.a(libc_a-mprec.o)
                0x0801f474                __hi0bits
 .text.__lo0bits
                0x0801f4b2       0x5a D:/ST/STM32CubeIDE_2.1.0/STM32CubeIDE/plugins/com.st.stm32cube.ide.mcu.externaltools.gnu-tools-for-stm32.14.3.rel1.win32_1.0.100.202602081740/tools/bin/../lib/gcc/arm-none-eabi/14.3.1/../../../../arm-none-eabi/lib/thumb/v7e-m+fp/hard\libc_nano.a(libc_a-mprec.o)
                0x0801f4b2                __lo0bits
 .text.__i2b    0x0801f50c       0x2c D:/ST/STM32CubeIDE_2.1.0/STM32CubeIDE/plugins/com.st.stm32cube.ide.mcu.externaltools.gnu-tools-for-stm32.14.3.rel1.win32_1.0.100.202602081740/tools/bin/../lib/gcc/arm-none-eabi/14.3.1/../../../../arm-none-eabi/lib/thumb/v7e-m+fp/hard\libc_nano.a(libc_a-mprec.o)
                0x0801f50c                __i2b
 .text.__multiply
                0x0801f538      0x154 D:/ST/STM32CubeIDE_2.1.0/STM32CubeIDE/plugins/com.st.stm32cube.ide.mcu.externaltools.gnu-tools-for-stm32.14.3.rel1.win32_1.0.100.202602081740/tools/bin/../lib/gcc/arm-none-eabi/14.3.1/../../../../arm-none-eabi/lib/thumb/v7e-m+fp/hard\libc_nano.a(libc_a-mprec.o)
                0x0801f538                __multiply
 .text.__pow5mult